Component: ARM Compiler 5.06 update 6 (build 750) Tool: armlink [4d35ed]

==============================================================================

Section Cross References

    main.o(i.HAL_TIM_PeriodElapsedCallback) refers to tim_control.o(i.MY_PeriodElapsedCallback) for MY_PeriodElapsedCallback
    main.o(i.HAL_TIM_PeriodElapsedCallback) refers to stm32f7xx_hal.o(i.HAL_IncTick) for HAL_IncTick
    main.o(i.SystemClock_Config) refers to rt_memclr_w.o(.text) for __aeabi_memclr4
    main.o(i.SystemClock_Config) refers to stm32f7xx_hal_rcc.o(i.HAL_RCC_OscConfig) for HAL_RCC_OscConfig
    main.o(i.SystemClock_Config) refers to stm32f7xx_hal_pwr_ex.o(i.HAL_PWREx_EnableOverDrive) for HAL_PWREx_EnableOverDrive
    main.o(i.SystemClock_Config) refers to stm32f7xx_hal_rcc.o(i.HAL_RCC_ClockConfig) for HAL_RCC_ClockConfig
    main.o(i.SystemClock_Config) refers to stm32f7xx_hal_rcc_ex.o(i.HAL_RCCEx_PeriphCLKConfig) for HAL_RCCEx_PeriphCLKConfig
    main.o(i.USER_Init) refers to track_bar_receive.o(i.track_bar_init) for track_bar_init
    main.o(i.USER_Init) refers to stm32f7xx_hal_tim.o(i.HAL_TIM_Base_Start_IT) for HAL_TIM_Base_Start_IT
    main.o(i.USER_Init) refers to hwt101_imu.o(i.Imu_Init) for Imu_Init
    main.o(i.USER_Init) refers to delay.o(i.delay_init) for delay_init
    main.o(i.USER_Init) refers to motor.o(i.Motor_PID_Init) for Motor_PID_Init
    main.o(i.USER_Init) refers to motor.o(i.Motor_PID1_Init) for Motor_PID1_Init
    main.o(i.USER_Init) refers to chassis.o(i.set_chassis_status) for set_chassis_status
    main.o(i.USER_Init) refers to motor.o(i.motor_init) for motor_init
    main.o(i.USER_Init) refers to uart_handle.o(i.printf_init) for printf_init
    main.o(i.USER_Init) refers to track_bar_receive.o(i.track_status) for track_status
    main.o(i.USER_Init) refers to stm32f7xx_hal_gpio.o(i.HAL_GPIO_WritePin) for HAL_GPIO_WritePin
    main.o(i.USER_Init) refers to usart.o(.bss) for huart1
    main.o(i.USER_Init) refers to tim.o(.bss) for htim6
    main.o(i.USER_Init) refers to usmart_config.o(.data) for usmart_dev
    main.o(i.main) refers to stm32f7xx_hal.o(i.HAL_Init) for HAL_Init
    main.o(i.main) refers to main.o(i.SystemClock_Config) for SystemClock_Config
    main.o(i.main) refers to gpio.o(i.MX_GPIO_Init) for MX_GPIO_Init
    main.o(i.main) refers to tim.o(i.MX_TIM1_Init) for MX_TIM1_Init
    main.o(i.main) refers to tim.o(i.MX_TIM2_Init) for MX_TIM2_Init
    main.o(i.main) refers to tim.o(i.MX_TIM3_Init) for MX_TIM3_Init
    main.o(i.main) refers to tim.o(i.MX_TIM5_Init) for MX_TIM5_Init
    main.o(i.main) refers to usart.o(i.MX_USART1_UART_Init) for MX_USART1_UART_Init
    main.o(i.main) refers to usart.o(i.MX_USART2_UART_Init) for MX_USART2_UART_Init
    main.o(i.main) refers to tim.o(i.MX_TIM6_Init) for MX_TIM6_Init
    main.o(i.main) refers to usart.o(i.MX_UART4_Init) for MX_UART4_Init
    main.o(i.main) refers to usart.o(i.MX_UART5_Init) for MX_UART5_Init
    main.o(i.main) refers to usart.o(i.MX_UART7_Init) for MX_UART7_Init
    main.o(i.main) refers to usart.o(i.MX_UART8_Init) for MX_UART8_Init
    main.o(i.main) refers to usart.o(i.MX_USART3_UART_Init) for MX_USART3_UART_Init
    main.o(i.main) refers to usart.o(i.MX_USART6_UART_Init) for MX_USART6_UART_Init
    main.o(i.main) refers to dma.o(i.MX_DMA_Init) for MX_DMA_Init
    main.o(i.main) refers to tim.o(i.MX_TIM10_Init) for MX_TIM10_Init
    main.o(i.main) refers to main.o(i.USER_Init) for USER_Init
    main.o(i.main) refers to freertos.o(i.MX_FREERTOS_Init) for MX_FREERTOS_Init
    main.o(i.main) refers to cmsis_os.o(i.osKernelStart) for osKernelStart
    gpio.o(i.MX_GPIO_Init) refers to rt_memclr_w.o(.text) for __aeabi_memclr4
    gpio.o(i.MX_GPIO_Init) refers to stm32f7xx_hal_gpio.o(i.HAL_GPIO_WritePin) for HAL_GPIO_WritePin
    gpio.o(i.MX_GPIO_Init) refers to stm32f7xx_hal_gpio.o(i.HAL_GPIO_Init) for HAL_GPIO_Init
    gpio.o(i.MX_GPIO_Init) refers to stm32f7xx_hal_cortex.o(i.HAL_NVIC_SetPriority) for HAL_NVIC_SetPriority
    gpio.o(i.MX_GPIO_Init) refers to stm32f7xx_hal_cortex.o(i.HAL_NVIC_EnableIRQ) for HAL_NVIC_EnableIRQ
    freertos.o(i.BarTextTask) refers to cmsis_os.o(i.osDelay) for osDelay
    freertos.o(i.MX_FREERTOS_Init) refers to rt_memcpy_w.o(.text) for __aeabi_memcpy4
    freertos.o(i.MX_FREERTOS_Init) refers to cmsis_os.o(i.osThreadCreate) for osThreadCreate
    freertos.o(i.MX_FREERTOS_Init) refers to freertos.o(.constdata) for .constdata
    freertos.o(i.MX_FREERTOS_Init) refers to freertos.o(.data) for .data
    freertos.o(i.StartDefaultTask) refers to cmsis_os.o(i.osDelay) for osDelay
    freertos.o(i.Startdebug) refers to cmsis_os.o(i.osDelay) for osDelay
    freertos.o(i.chassis_task) refers to cmsis_os.o(i.osDelay) for osDelay
    freertos.o(i.track_scan) refers to cmsis_os.o(i.osDelay) for osDelay
    freertos.o(i.usmartscan) refers to cmsis_os.o(i.osDelay) for osDelay
    freertos.o(i.vApplicationGetIdleTaskMemory) refers to freertos.o(.bss) for .bss
[...]
    xTaskGetSchedulerState                   0x0800b091   Thumb Code    22  tasks.o(i.xTaskGetSchedulerState)
    xTaskIncrementTick                       0x0800b0ad   Thumb Code   196  tasks.o(i.xTaskIncrementTick)
    xTaskPriorityDisinherit                  0x0800b179   Thumb Code   152  tasks.o(i.xTaskPriorityDisinherit)
    xTaskRemoveFromEventList                 0x0800b219   Thumb Code   112  tasks.o(i.xTaskRemoveFromEventList)
    xTaskResumeAll                           0x0800b291   Thumb Code   186  tasks.o(i.xTaskResumeAll)
    __aeabi_dneg                             0x0800b359   Thumb Code     0  basic.o(x$fpl$basic)
    _dneg                                    0x0800b359   Thumb Code     6  basic.o(x$fpl$basic)
    __aeabi_fneg                             0x0800b35f   Thumb Code     0  basic.o(x$fpl$basic)
    _fneg                                    0x0800b35f   Thumb Code     6  basic.o(x$fpl$basic)
    _dabs                                    0x0800b365   Thumb Code     6  basic.o(x$fpl$basic)
    _fabs                                    0x0800b36b   Thumb Code     6  basic.o(x$fpl$basic)
    __aeabi_d2f                              0x0800b371   Thumb Code     0  d2f.o(x$fpl$d2f)
    _d2f                                     0x0800b371   Thumb Code    98  d2f.o(x$fpl$d2f)
    __aeabi_dadd                             0x0800b3d5   Thumb Code     0  daddsub_clz.o(x$fpl$dadd)
    _dadd                                    0x0800b3d5   Thumb Code   332  daddsub_clz.o(x$fpl$dadd)
    __fpl_dcmp_Inf                           0x0800b525   Thumb Code    24  dcmpi.o(x$fpl$dcmpinf)
    __aeabi_ddiv                             0x0800b53d   Thumb Code     0  ddiv.o(x$fpl$ddiv)
    _ddiv                                    0x0800b53d   Thumb Code   552  ddiv.o(x$fpl$ddiv)
    __aeabi_cdcmpeq                          0x0800b7ed   Thumb Code     0  deqf.o(x$fpl$deqf)
    _dcmpeq                                  0x0800b7ed   Thumb Code   120  deqf.o(x$fpl$deqf)
    __aeabi_d2iz                             0x0800b865   Thumb Code     0  dfix.o(x$fpl$dfix)
    _dfix                                    0x0800b865   Thumb Code    94  dfix.o(x$fpl$dfix)
    __aeabi_d2uiz                            0x0800b8c5   Thumb Code     0  dfixu.o(x$fpl$dfixu)
    _dfixu                                   0x0800b8c5   Thumb Code    90  dfixu.o(x$fpl$dfixu)
    __aeabi_i2d                              0x0800b91f   Thumb Code     0  dflt_clz.o(x$fpl$dflt)
    _dflt                                    0x0800b91f   Thumb Code    46  dflt_clz.o(x$fpl$dflt)
    __aeabi_ui2d                             0x0800b94d   Thumb Code     0  dflt_clz.o(x$fpl$dfltu)
    _dfltu                                   0x0800b94d   Thumb Code    38  dflt_clz.o(x$fpl$dfltu)
    __aeabi_cdcmple                          0x0800b975   Thumb Code     0  dleqf.o(x$fpl$dleqf)
    _dcmple                                  0x0800b975   Thumb Code   120  dleqf.o(x$fpl$dleqf)
    __fpl_dcmple_InfNaN                      0x0800b9d7   Thumb Code     0  dleqf.o(x$fpl$dleqf)
    __aeabi_dmul                             0x0800b9ed   Thumb Code     0  dmul.o(x$fpl$dmul)
    _dmul                                    0x0800b9ed   Thumb Code   332  dmul.o(x$fpl$dmul)
    __fpl_dnaninf                            0x0800bb41   Thumb Code   156  dnaninf.o(x$fpl$dnaninf)
    __fpl_dretinf                            0x0800bbdd   Thumb Code    12  dretinf.o(x$fpl$dretinf)
    __aeabi_cdrcmple                         0x0800bbe9   Thumb Code     0  drleqf.o(x$fpl$drleqf)
    _drcmple                                 0x0800bbe9   Thumb Code   108  drleqf.o(x$fpl$drleqf)
    __aeabi_drsub                            0x0800bc55   Thumb Code     0  daddsub_clz.o(x$fpl$drsb)
    _drsb                                    0x0800bc55   Thumb Code    22  daddsub_clz.o(x$fpl$drsb)
    __aeabi_dsub                             0x0800bc6d   Thumb Code     0  daddsub_clz.o(x$fpl$dsub)
    _dsub                                    0x0800bc6d   Thumb Code   464  daddsub_clz.o(x$fpl$dsub)
    __aeabi_f2d                              0x0800be41   Thumb Code     0  f2d.o(x$fpl$f2d)
    _f2d                                     0x0800be41   Thumb Code    86  f2d.o(x$fpl$f2d)
    __fpl_fnaninf                            0x0800be97   Thumb Code   140  fnaninf.o(x$fpl$fnaninf)
    _fp_init                                 0x0800bf23   Thumb Code    10  fpinit.o(x$fpl$fpinit)
    __fplib_config_fpu_vfp                   0x0800bf2b   Thumb Code     0  fpinit.o(x$fpl$fpinit)
    __fplib_config_pureend_doubles           0x0800bf2b   Thumb Code     0  fpinit.o(x$fpl$fpinit)
    __fpl_fretinf                            0x0800bf2d   Thumb Code    10  fretinf.o(x$fpl$fretinf)
    __I$use$fp                               0x0800bf36   Number         0  usenofp.o(x$fpl$usenofp)
    AHBPrescTable                            0x0800c088   Data          16  system_stm32f7xx.o(.constdata)
    APBPrescTable                            0x0800c098   Data           8  system_stm32f7xx.o(.constdata)
    Region$$Table$$Base                      0x0800c918   Number         0  anon$$obj.o(Region$$Table)
    Region$$Table$$Limit                     0x0800c938   Number         0  anon$$obj.o(Region$$Table)
    defaultTaskHandle                        0x20000000   Data           4  freertos.o(.data)
    debugtaskHandle                          0x20000004   Data           4  freertos.o(.data)
    chassisHandle                            0x20000008   Data           4  freertos.o(.data)
    track_taskHandle                         0x2000000c   Data           4  freertos.o(.data)
    usmart_taskHandle                        0x20000010   Data           4  freertos.o(.data)
    Bar_TaskHandle                           0x20000014   Data           4  freertos.o(.data)
    MV_QueryTask_Exit                        0x20000018   Data           1  openmv.o(.data)
    MV_Query_Stae                            0x20000019   Data           1  openmv.o(.data)
    go_switch                                0x2000001a   Data           1  openmv.o(.data)
    AcIDofBar                                0x2000001c   Data           2  openmv.o(.data)
    mv_stop_flag                             0x2000001e   Data           2  openmv.o(.data)
    mv_one_flag                              0x20000020   Data           4  openmv.o(.data)
    rectangle_count                          0x20000024   Data           4  openmv.o(.data)
    YuanPan_first_flag                       0x20000028   Data           4  openmv.o(.data)
    get_mv_param                             0x2000002c   Data           4  openmv.o(.data)
    cnt                                      0x20000030   Data           4  openmv.o(.data)
    stake                                    0x20000034   Data           4  openmv.o(.data)
    stake_count                              0x20000038   Data           4  openmv.o(.data)
    disc_countval                            0x2000003c   Data           4  openmv.o(.data)
    color_val                                0x20000040   Data           4  openmv.o(.data)
    MV_QuertThreadHandle                     0x20000044   Data           4  openmv.o(.data)
    mv_one                                   0x20000048   Data           4  openmv.o(.data)
    mv_rec                                   0x2000004c   Data           8  openmv.o(.data)
    MV                                       0x20000054   Data          20  openmv.o(.data)
    yellow                                   0x20000068   Data           4  openmv.o(.data)
    mv_rec_flag                              0x2000006c   Data           1  servo.o(.data)
    LastID                                   0x2000006d   Data           1  servo.o(.data)
    if_up                                    0x2000006e   Data           1  servo.o(.data)
    servo_controler                          0x20000074   Data         128  servo.o(.data)
    Target_Color                             0x200000f4   Data           1  qr_code.o(.data)
    temp_var                                 0x200000f5   Data           1  qr_code.o(.data)
    QR_servo_flag                            0x200000f6   Data           1  qr_code.o(.data)
    head_cmd                                 0x200000f9   Data           4  qr_code.o(.data)
    tail_cmd                                 0x200000fd   Data           4  qr_code.o(.data)
    count_QR_Times                           0x20000104   Data           4  qr_code.o(.data)
    update_Qr                                0x20000108   Data           4  qr_code.o(.data)
    QR_finish                                0x2000010c   Data           4  qr_code.o(.data)
    QR_one                                   0x20000110   Data           4  qr_code.o(.data)
    QR                                       0x20000114   Data          28  qr_code.o(.data)
    attitude                                 0x20000130   Data           8  hwt101_imu.o(.data)
    gyro_zero                                0x20000138   Data          10  hwt101_imu.o(.data)
    imu                                      0x20000144   Data          24  hwt101_imu.o(.data)
    time_count                               0x20000160   Data           2  chassis.o(.data)
    W_Change                                 0x20000164   Data           4  chassis.o(.data)
    go_yuan_flag                             0x20000168   Data           4  chassis.o(.data)
    i                                        0x2000017c   Data           4  chassis.o(.data)
    x_error                                  0x20000180   Data           8  chassis.o(.data)
    y_error                                  0x20000188   Data           8  chassis.o(.data)
    w_error                                  0x20000190   Data           8  chassis.o(.data)
    final_W_error                            0x20000198   Data           8  chassis.o(.data)
    speed_factor                             0x200001a0   Data           8  chassis.o(.data)
    min_val                                  0x200001b0   Data           8  chassis.o(.data)
    Radius_                                  0x200001b8   Data          20  chassis.o(.data)
    debug_motor_id                           0x200001cc   Data           4  motor.o(.data)
    switch_status                            0x200001d0   Data           4  motor.o(.data)
    debug_speed                              0x200001d4   Data           4  motor.o(.data)
    param_                                   0x200001e4   Data          20  motor.o(.data)
    param1_                                  0x200001f8   Data          20  motor.o(.data)
    TIME_ISR_CNT                             0x20000210   Data           4  time_cnt.o(.data)
    buzzer                                   0x20000214   Data           4  time_cnt.o(.data)
    Time_Sys                                 0x20000218   Data           8  time_cnt.o(.data)
    USART_RX_STA                             0x20000220   Data           2  uart_handle.o(.data)
    tx_queue                                 0x20000224   Data           4  uart_handle.o(.data)
    __stdout                                 0x20000228   Data           4  uart_handle.o(.data)
    hw_update_countLimit                     0x2000022c   Data           1  track_bar_receive.o(.data)
    now_id                                   0x2000022d   Data           1  track_bar_receive.o(.data)
    rec_data                                 0x20000230   Data           1  track_bar_receive.o(.data)
    SW_rec                                   0x20000232   Data           2  track_bar_receive.o(.data)
    HW_rec                                   0x20000234   Data           2  track_bar_receive.o(.data)
    hw_updateLock                            0x20000236   Data           3  track_bar_receive.o(.data)
    Hw_BarCount                              0x20000239   Data           3  track_bar_receive.o(.data)
    pillars_flag                             0x2000023c   Data           4  track_bar_receive.o(.data)
    times_counts                             0x20000240   Data           4  track_bar_receive.o(.data)
    count_avoid                              0x20000244   Data           4  track_bar_receive.o(.data)
    US_data_H                                0x20000248   Data           4  track_bar_receive.o(.data)
    US_data_L                                0x2000024c   Data           4  track_bar_receive.o(.data)
    US_data                                  0x20000250   Data           4  track_bar_receive.o(.data)
    US_data_H2                               0x20000254   Data           4  track_bar_receive.o(.data)
    US_data_L2                               0x20000258   Data           4  track_bar_receive.o(.data)
    dma_count                                0x2000025c   Data           4  track_bar_receive.o(.data)
    track_weight                             0x20000260   Data          32  track_bar_receive.o(.data)
    track_pid_param                          0x20000280   Data          20  track_bar_receive.o(.data)
    Track_Row                                0x20000294   Data         188  track_bar_receive.o(.data)
    angle_diff                               0x20000350   Data           4  imu_pid.o(.data)
    delta                                    0x20000358   Data           4  imu_pid.o(.data)
    if_completed                             0x2000035c   Data           4  imu_pid.o(.data)
    imu_para                                 0x20000360   Data          20  imu_pid.o(.data)
    raw_data                                 0x20000376   Data           2  avoid_obs.o(.data)
    distance                                 0x20000378   Data           2  avoid_obs.o(.data)
    count_                                   0x20000380   Data           4  tim_control.o(.data)
    encoder_sum                              0x20000388   Data           8  tim_control.o(.data)
    temp_sum                                 0x20000390   Data           8  tim_control.o(.data)
    home_back                                0x20000398   Data           1  chassis_control.o(.data)
    count_line_status                        0x2000039c   Data           4  chassis_control.o(.data)
    encodermove_status                       0x200003a0   Data           4  chassis_control.o(.data)
    booo_status                              0x200003a4   Data           4  chassis_control.o(.data)
    GO_home                                  0x200003a8   Data           4  chassis_control.o(.data)
    Line_Handle                              0x200003ac   Data           4  chassis_control.o(.data)
    Boo_Handle                               0x200003b0   Data           4  chassis_control.o(.data)
    Encoder_Handle                           0x200003b4   Data           4  chassis_control.o(.data)
    time                                     0x200003cc   Data           4  chassis_control.o(.data)
    dir                                      0x200003d0   Data           4  chassis_control.o(.data)
    lines                                    0x200003d4   Data           4  chassis_control.o(.data)
    boo_num                                  0x200003d8   Data           4  chassis_control.o(.data)
    boo_dir                                  0x200003dc   Data           4  chassis_control.o(.data)
    encoder_factor                           0x200003e0   Data           8  chassis_control.o(.data)
    bias                                     0x200003e8   Data           8  chassis_control.o(.data)
    en_dir                                   0x200003f0   Data           8  chassis_control.o(.data)
    en_val                                   0x200003f8   Data           8  chassis_control.o(.data)
    variation                                0x20000400   Data           8  chassis_control.o(.data)
    Current_Height                           0x2000040c   Data           1  read_status_task.o(.data)
    QR_Brick                                 0x2000040d   Data           1  read_status_task.o(.data)
    mv_next_flag                             0x2000040e   Data           1  read_status_task.o(.data)
    update_finish                            0x2000040f   Data           1  read_status_task.o(.data)
    HeightAvailable                          0x20000410   Data           1  read_status_task.o(.data)
    Change_Hight_finish                      0x20000411   Data           1  read_status_task.o(.data)
    SwitchExitTime                           0x20000412   Data           2  read_status_task.o(.data)
    Height_Flag                              0x20000414   Data           2  read_status_task.o(.data)
    different                                0x2000041c   Data           4  read_status_task.o(.data)
    different1                               0x20000420   Data           4  read_status_task.o(.data)
    once_mv_close                            0x20000424   Data           4  read_status_task.o(.data)
    Time_constant_before                     0x20000428   Data           4  read_status_task.o(.data)
    Time_constant_after                      0x2000042c   Data           4  read_status_task.o(.data)
    Target_color                             0x20000430   Data           4  read_status_task.o(.data)
    now_second                               0x20000434   Data           4  read_status_task.o(.data)
    last_second                              0x20000438   Data           4  read_status_task.o(.data)
    now_minute                               0x2000043c   Data           4  read_status_task.o(.data)
    last_minute                              0x20000440   Data           4  read_status_task.o(.data)
    run_fast_flag                            0x20000444   Data           4  read_status_task.o(.data)
    Height_id                                0x20000448   Data           4  read_status_task.o(.data)
    read_task_exit                           0x2000044c   Data           4  read_status_task.o(.data)
    Height_task_exit                         0x20000450   Data           4  read_status_task.o(.data)
    MIN_                                     0x20000454   Data           4  read_status_task.o(.data)
    VERTICAL                                 0x20000458   Data           4  read_status_task.o(.data)
    MIN_SPEED                                0x2000045c   Data           4  read_status_task.o(.data)
    Read_Swicth_tasHandle                    0x20000460   Data           4  read_status_task.o(.data)
    Height_UpadteTask                        0x20000464   Data           4  read_status_task.o(.data)
    sin1                                     0x20000468   Data          16  sin.o(.data)
    usmart_nametab                           0x20000478   Data         384  usmart_config.o(.data)
    usmart_dev                               0x200005f8   Data         244  usmart_config.o(.data)
    sys_cmd_tab                              0x200006ec   Data          28  usmart.o(.data)
    SystemCoreClock                          0x20000708   Data           4  system_stm32f7xx.o(.data)
    uwTickFreq                               0x2000070c   Data           1  stm32f7xx_hal.o(.data)
    uwTickPrio                               0x20000710   Data           4  stm32f7xx_hal.o(.data)
    uwTick                                   0x20000714   Data           4  stm32f7xx_hal.o(.data)
    pxCurrentTCB                             0x20000718   Data           4  tasks.o(.data)
    color                                    0x20000778   Data           4  general_interface.o(.data)
    htim1                                    0x200009d0   Data          76  tim.o(.bss)
    htim2                                    0x20000a1c   Data          76  tim.o(.bss)
    htim3                                    0x20000a68   Data          76  tim.o(.bss)
    htim5                                    0x20000ab4   Data          76  tim.o(.bss)
    htim6                                    0x20000b00   Data          76  tim.o(.bss)
    htim10                                   0x20000b4c   Data          76  tim.o(.bss)
    huart4                                   0x20000b98   Data         132  usart.o(.bss)
    huart5                                   0x20000c1c   Data         132  usart.o(.bss)
    huart7                                   0x20000ca0   Data         132  usart.o(.bss)
    huart8                                   0x20000d24   Data         132  usart.o(.bss)
    huart1                                   0x20000da8   Data         132  usart.o(.bss)
    huart2                                   0x20000e2c   Data         132  usart.o(.bss)
    huart3                                   0x20000eb0   Data         132  usart.o(.bss)
    huart6                                   0x20000f34   Data         132  usart.o(.bss)
    hdma_usart3_rx                           0x20000fb8   Data          96  usart.o(.bss)
    hdma_usart3_tx                           0x20001018   Data          96  usart.o(.bss)
    htim7                                    0x20001078   Data          76  stm32f7xx_hal_timebase_tim.o(.bss)
    RxBag                                    0x200010c4   Data          11  hwt101_imu.o(.bss)
    chassis                                  0x200010d0   Data          32  chassis.o(.bss)
    motor_target                             0x200010f0   Data          20  chassis.o(.bss)
    control_val                              0x20001104   Data          20  chassis.o(.bss)
    motor_data                               0x20001118   Data         340  motor.o(.bss)
    motor_param                              0x2000126c   Data          20  motor.o(.bss)
    motor_param1                             0x20001280   Data          20  motor.o(.bss)
    motor1                                   0x20001294   Data          32  motor.o(.bss)
    motor2                                   0x200012b4   Data          32  motor.o(.bss)
    motor3                                   0x200012d4   Data          32  motor.o(.bss)
    motor4                                   0x200012f4   Data          32  motor.o(.bss)
    USART_RX_BUF                             0x20001314   Data         200  uart_handle.o(.bss)
    sys_time                                 0x200013dc   Data          12  delay.o(.bss)
    SW_data                                  0x200013e8   Data          36  track_bar_receive.o(.bss)
    HW_data                                  0x2000140c   Data          16  track_bar_receive.o(.bss)
    y_bar                                    0x2000141c   Data          76  track_bar_receive.o(.bss)
    x_leftbar                                0x20001468   Data          76  track_bar_receive.o(.bss)
    x_rightbar                               0x200014b4   Data          76  track_bar_receive.o(.bss)
    Boo                                      0x20001500   Data          64  track_bar_receive.o(.bss)
    HW                                       0x20001540   Data          64  track_bar_receive.o(.bss)
    SW                                       0x20001580   Data          64  track_bar_receive.o(.bss)
    Boo2                                     0x200015c0   Data          64  track_bar_receive.o(.bss)
    imu_data                                 0x20001600   Data          68  imu_pid.o(.bss)
    encoder_val                              0x20001668   Data          40  tim_control.o(.bss)
    status_flag                              0x20001690   Data          10  tim_control.o(.bss)
    rising_val                               0x2000169c   Data          20  tim_control.o(.bss)
    falling_val                              0x200016b0   Data          20  tim_control.o(.bss)
    direct_                                  0x200016c4   Data          20  tim_control.o(.bss)
    update_count                             0x200016d8   Data          20  tim_control.o(.bss)
    cap_temp_val                             0x200016f0   Data          40  tim_control.o(.bss)
    cap_cnt                                  0x20001718   Data          10  tim_control.o(.bss)
    first_flag                               0x20001724   Data          20  tim_control.o(.bss)
    num_cnt                                  0x20001738   Data          20  tim_control.o(.bss)
    edge_status                              0x2000174c   Data          12  chassis_control.o(.bss)
    swicth_status                            0x20001758   Data          16  read_status_task.o(.bss)
    HW_Switch                                0x20001768   Data          20  read_status_task.o(.bss)
    __libspace_start                         0x2000546c   Data          96  libspace.o(.bss)
    __temporary_stack_top$libspace           0x200054cc   Data           0  libspace.o(.bss)



==============================================================================

Memory Map of the image

  Image Entry point : 0x080001c9

  Load Region LR_IROM1 (Base: 0x08000000, Size: 0x0000d0b4, Max: 0x00010000, ABSOLUTE, COMPRESSED[0x0000cb6c])

    Execution Region ER_IROM1 (Exec base: 0x08000000, Load base: 0x08000000, Size: 0x0000c938, Max: 0x00010000, ABSOLUTE)

    Exec Addr    Load Addr    Size         Type   Attr      Idx    E Section Name        Object

    0x08000000   0x08000000   0x000001c8   Data   RO         3464    RESET               startup_stm32f750xx.o
    0x080001c8   0x080001c8   0x00000008   Code   RO         8078  * !!!main             c_w.l(__main.o)
    0x080001d0   0x080001d0   0x00000034   Code   RO         8454    !!!scatter          c_w.l(__scatter.o)
    0x08000204   0x08000204   0x0000005a   Code   RO         8452    !!dczerorl2         c_w.l(__dczerorl2.o)
    0x0800025e   0x0800025e   0x00000002   PAD
    0x08000260   0x08000260   0x0000001c   Code   RO         8456    !!handler_zi        c_w.l(__scatter_zi.o)
    0x0800027c   0x0800027c   0x00000000   Code   RO         8063    .ARM.Collect$$_printf_percent$$00000000  c_w.l(_printf_percent.o)
    0x0800027c   0x0800027c   0x00000006   Code   RO         8060    .ARM.Collect$$_printf_percent$$00000009  c_w.l(_printf_d.o)
    0x08000282   0x08000282   0x00000006   Code   RO         8061    .ARM.Collect$$_printf_percent$$0000000A  c_w.l(_printf_u.o)
    0x08000288   0x08000288   0x00000006   Code   RO         8059    .ARM.Collect$$_printf_percent$$0000000C  c_w.l(_printf_x.o)
    0x0800028e   0x0800028e   0x00000006   Code   RO         8057    .ARM.Collect$$_printf_percent$$00000013  c_w.l(_printf_c.o)
    0x08000294   0x08000294   0x00000006   Code   RO         8058    .ARM.Collect$$_printf_percent$$00000014  c_w.l(_printf_s.o)
    0x0800029a   0x0800029a   0x00000004   Code   RO         8179    .ARM.Collect$$_printf_percent$$00000017  c_w.l(_printf_percent_end.o)
    0x0800029e   0x0800029e   0x00000002   Code   RO         8329    .ARM.Collect$$libinit$$00000000  c_w.l(libinit.o)
    0x080002a0   0x080002a0   0x00000004   Code   RO         8330    .ARM.Collect$$libinit$$00000001  c_w.l(libinit2.o)
    0x080002a4   0x080002a4   0x00000000   Code   RO         8333    .ARM.Collect$$libinit$$00000004  c_w.l(libinit2.o)
    0x080002a4   0x080002a4   0x00000000   Code   RO         8336    .ARM.Collect$$libinit$$0000000A  c_w.l(libinit2.o)
    0x080002a4   0x080002a4   0x00000000   Code   RO         8338    .ARM.Collect$$libinit$$0000000C  c_w.l(libinit2.o)
    0x080002a4   0x080002a4   0x00000000   Code   RO         8340    .ARM.Collect$$libinit$$0000000E  c_w.l(libinit2.o)
    0x080002a4   0x080002a4   0x00000000   Code   RO         8343    .ARM.Collect$$libinit$$00000011  c_w.l(libinit2.o)
    0x080002a4   0x080002a4   0x00000000   Code   RO         8345    .ARM.Collect$$libinit$$00000013  c_w.l(libinit2.o)
    0x080002a4   0x080002a4   0x00000000   Code   RO         8347    .ARM.Collect$$libinit$$00000015  c_w.l(libinit2.o)
    0x080002a4   0x080002a4   0x00000000   Code   RO         8349    .ARM.Collect$$libinit$$00000017  c_w.l(libinit2.o)
    0x080002a4   0x080002a4   0x00000000   Code   RO         8351    .ARM.Collect$$libinit$$00000019  c_w.l(libinit2.o)
    0x080002a4   0x080002a4   0x00000000   Code   RO         8353    .ARM.Collect$$libinit$$0000001B  c_w.l(libinit2.o)
    0x080002a4   0x080002a4   0x00000000   Code   RO         8355    .ARM.Collect$$libinit$$0000001D  c_w.l(libinit2.o)
    0x080002a4   0x080002a4   0x00000000   Code   RO         8357    .ARM.Collect$$libinit$$0000001F  c_w.l(libinit2.o)
    0x080002a4   0x080002a4   0x00000000   Code   RO         8359    .ARM.Collect$$libinit$$00000021  c_w.l(libinit2.o)
    0x080002a4   0x080002a4   0x00000000   Code   RO         8361    .ARM.Collect$$libinit$$00000023  c_w.l(libinit2.o)
    0x080002a4   0x080002a4   0x00000000   Code   RO         8363    .ARM.Collect$$libinit$$00000025  c_w.l(libinit2.o)
    0x080002a4   0x080002a4   0x00000000   Code   RO         8367    .ARM.Collect$$libinit$$0000002C  c_w.l(libinit2.o)
    0x080002a4   0x080002a4   0x00000000   Code   RO         8369    .ARM.Collect$$libinit$$0000002E  c_w.l(libinit2.o)
    0x080002a4   0x080002a4   0x00000000   Code   RO         8371    .ARM.Collect$$libinit$$00000030  c_w.l(libinit2.o)
    0x080002a4   0x080002a4   0x00000000   Code   RO         8373    .ARM.Collect$$libinit$$00000032  c_w.l(libinit2.o)
    0x080002a4   0x080002a4   0x00000002   Code   RO         8374    .ARM.Collect$$libinit$$00000033  c_w.l(libinit2.o)
    0x080002a6   0x080002a6   0x00000002   Code   RO         8416    .ARM.Collect$$libshutdown$$00000000  c_w.l(libshutdown.o)
    0x080002a8   0x080002a8   0x00000000   Code   RO         8435    .ARM.Collect$$libshutdown$$00000002  c_w.l(libshutdown2.o)
    0x080002a8   0x080002a8   0x00000000   Code   RO         8437    .ARM.Collect$$libshutdown$$00000004  c_w.l(libshutdown2.o)
    0x080002a8   0x080002a8   0x00000000   Code   RO         8440    .ARM.Collect$$libshutdown$$00000007  c_w.l(libshutdown2.o)
    0x080002a8   0x080002a8   0x00000000   Code   RO         8443    .ARM.Collect$$libshutdown$$0000000A  c_w.l(libshutdown2.o)
    0x080002a8   0x080002a8   0x00000000   Code   RO         8445    .ARM.Collect$$libshutdown$$0000000C  c_w.l(libshutdown2.o)
    0x080002a8   0x080002a8   0x00000000   Code   RO         8448    .ARM.Collect$$libshutdown$$0000000F  c_w.l(libshutdown2.o)
    0x080002a8   0x080002a8   0x00000002   Code   RO         8449    .ARM.Collect$$libshutdown$$00000010  c_w.l(libshutdown2.o)
    0x080002aa   0x080002aa   0x00000000   Code   RO         8164    .ARM.Collect$$rtentry$$00000000  c_w.l(__rtentry.o)
    0x080002aa   0x080002aa   0x00000000   Code   RO         8239    .ARM.Collect$$rtentry$$00000002  c_w.l(__rtentry2.o)
    0x080002aa   0x080002aa   0x00000006   Code   RO         8251    .ARM.Collect$$rtentry$$00000004  c_w.l(__rtentry4.o)
    0x080002b0   0x080002b0   0x00000000   Code   RO         8241    .ARM.Collect$$rtentry$$00000009  c_w.l(__rtentry2.o)
    0x080002b0   0x080002b0   0x00000004   Code   RO         8242    .ARM.Collect$$rtentry$$0000000A  c_w.l(__rtentry2.o)
    0x080002b4   0x080002b4   0x00000000   Code   RO         8244    .ARM.Collect$$rtentry$$0000000C  c_w.l(__rtentry2.o)
    0x080002b4   0x080002b4   0x00000008   Code   RO         8245    .ARM.Collect$$rtentry$$0000000D  c_w.l(__rtentry2.o)
    0x080002bc   0x080002bc   0x00000002   Code   RO         8375    .ARM.Collect$$rtexit$$00000000  c_w.l(rtexit.o)
    0x080002be   0x080002be   0x00000000   Code   RO         8388    .ARM.Collect$$rtexit$$00000002  c_w.l(rtexit2.o)
    0x080002be   0x080002be   0x00000004   Code   RO         8389    .ARM.Collect$$rtexit$$00000003  c_w.l(rtexit2.o)
    0x080002c2   0x080002c2   0x00000006   Code   RO         8390    .ARM.Collect$$rtexit$$00000004  c_w.l(rtexit2.o)
    0x080002c8   0x080002c8   0x000000c2   Code   RO         7785    .emb_text           port.o
    0x0800038a   0x0800038a   0x00000002   PAD
    0x0800038c   0x0800038c   0x00000040   Code   RO         3465    .text               startup_stm32f750xx.o
    0x080003cc   0x080003cc   0x00000002   Code   RO         8000    .text               c_w.l(use_no_semi_2.o)
    0x080003ce   0x080003ce   0x000000ee   Code   RO         8002    .text               c_w.l(lludivv7m.o)
    0x080004bc   0x080004bc   0x00000018   Code   RO         8006    .text               c_w.l(noretval__2printf.o)
    0x080004d4   0x080004d4   0x0000004e   Code   RO         8010    .text               c_w.l(_printf_pad.o)
    0x08000522   0x08000522   0x00000052   Code   RO         8012    .text               c_w.l(_printf_str.o)
    0x08000574   0x08000574   0x00000078   Code   RO         8014    .text               c_w.l(_printf_dec.o)
    0x080005ec   0x080005ec   0x00000058   Code   RO         8019    .text               c_w.l(_printf_hex_int.o)
    0x08000644   0x08000644   0x00000188   Code   RO         8054    .text               c_w.l(__printf_flags_ss_wp.o)
    0x080007cc   0x080007cc   0x0000008a   Code   RO         8064    .text               c_w.l(rt_memcpy_v6.o)
    0x08000856   0x08000856   0x00000064   Code   RO         8066    .text               c_w.l(rt_memcpy_w.o)
    0x080008ba   0x080008ba   0x00000010   Code   RO         8070    .text               c_w.l(aeabi_memset.o)
    0x080008ca   0x080008ca   0x00000044   Code   RO         8072    .text               c_w.l(rt_memclr.o)
    0x0800090e   0x0800090e   0x0000004e   Code   RO         8074    .text               c_w.l(rt_memclr_w.o)
    0x0800095c   0x0800095c   0x00000006   Code   RO         8076    .text               c_w.l(heapauxi.o)
    0x08000962   0x08000962   0x00000002   Code   RO         8162    .text               c_w.l(use_no_semi.o)
    0x08000964   0x08000964   0x000000b2   Code   RO         8171    .text               c_w.l(_printf_intcommon.o)
    0x08000a16   0x08000a16   0x0000002c   Code   RO         8175    .text               c_w.l(_printf_char.o)
    0x08000a42   0x08000a42   0x00000002   PAD
    0x08000a44   0x08000a44   0x00000024   Code   RO         8177    .text               c_w.l(_printf_char_file.o)
    0x08000a68   0x08000a68   0x00000030   Code   RO         8267    .text               c_w.l(_printf_char_common.o)
    0x08000a98   0x08000a98   0x00000008   Code   RO         8296    .text               c_w.l(ferror.o)
    0x08000aa0   0x08000aa0   0x00000008   Code   RO         8309    .text               c_w.l(libspace.o)
    0x08000aa8   0x08000aa8   0x0000004a   Code   RO         8312    .text               c_w.l(sys_stackheap_outer.o)
    0x08000af2   0x08000af2   0x00000012   Code   RO         8316    .text               c_w.l(exit.o)
    0x08000b04   0x08000b04   0x00000064   Code   RO         1053    i.ActionGroup       servo.o
    0x08000b68   0x08000b68   0x00000044   Code   RO         1977    i.BarTextTask       track_bar_receive.o
    0x08000bac   0x08000bac   0x000000fc   Code   RO         2411    i.BooTask           chassis_control.o
    0x08000ca8   0x08000ca8   0x00000002   Code   RO          581    i.BusFault_Handler  stm32f7xx_it.o
    0x08000caa   0x08000caa   0x00000002   PAD
    0x08000cac   0x08000cac   0x00000064   Code   RO         2750    i.Change_Hight      read_status_task.o
    0x08000d10   0x08000d10   0x00000220   Code   RO         1978    i.Chassis_decode    track_bar_receive.o
    0x08000f30   0x08000f30   0x00000100   Code   RO         2412    i.Circle_around     chassis_control.o
    0x08001030   0x08001030   0x0000000e   Code   RO         1979    i.Clear_Boo         track_bar_receive.o
    0x0800103e   0x0800103e   0x00000002   PAD
    0x08001040   0x08001040   0x0000000c   Code   RO          810    i.Clear_MV_param    openmv.o
    0x0800104c   0x0800104c   0x0000000c   Code   RO         1310    i.Clear_QR_Color    qr_code.o
    0x08001058   0x08001058   0x000000e8   Code   RO         2413    i.Comfirm_Online    chassis_control.o
    0x08001140   0x08001140   0x00000040   Code   RO         1982    i.Count_BarCount    track_bar_receive.o
    0x08001180   0x08001180   0x0000000c   Code   RO          582    i.DMA1_Stream1_IRQHandler  stm32f7xx_it.o
    0x0800118c   0x0800118c   0x0000000c   Code   RO          583    i.DMA1_Stream3_IRQHandler  stm32f7xx_it.o
    0x08001198   0x08001198   0x00000028   Code   RO         4017    i.DMA_CalcBaseAndBitshift  stm32f7xx_hal_dma.o
    0x080011c0   0x080011c0   0x00000054   Code   RO         4018    i.DMA_CheckFifoParam  stm32f7xx_hal_dma.o
    0x08001214   0x08001214   0x00000064   Code   RO         1468    i.Data_Rebuild      hwt101_imu.o
    0x08001278   0x08001278   0x00000002   Code   RO          584    i.DebugMon_Handler  stm32f7xx_it.o
    0x0800127a   0x0800127a   0x00000002   PAD
    0x0800127c   0x0800127c   0x0000000c   Code   RO         1055    i.Disable_ServoFlag  servo.o
    0x08001288   0x08001288   0x0000000c   Code   RO          811    i.Disable_StopSignal  openmv.o
    0x08001294   0x08001294   0x000001c0   Code   RO         7865    i.Dump_RoundRing    general_interface.o
    0x08001454   0x08001454   0x00000288   Code   RO         7866    i.Dump_ball         general_interface.o
    0x080016dc   0x080016dc   0x00000118   Code   RO         7867    i.Dump_block        general_interface.o
    0x080017f4   0x080017f4   0x00000012   Code   RO          585    i.EXTI15_10_IRQHandler  stm32f7xx_it.o
    0x08001806   0x08001806   0x00000002   PAD
    0x08001808   0x08001808   0x0000000c   Code   RO         1056    i.Enable_ServoFlag  servo.o
    0x08001814   0x08001814   0x0000000c   Code   RO          813    i.Enable_StopSignal  openmv.o
    0x08001820   0x08001820   0x00000354   Code   RO         2414    i.EncoderTask       chassis_control.o
    0x08001b74   0x08001b74   0x00000004   Code   RO            4    i.Error_Handler     main.o
    0x08001b78   0x08001b78   0x00000094   Code   RO         1057    i.Error_Report      servo.o
    0x08001c0c   0x08001c0c   0x00000040   Code   RO         1983    i.Get_AvaibleRow_ID  track_bar_receive.o
    0x08001c4c   0x08001c4c   0x0000000c   Code   RO         1984    i.Get_BarCount      track_bar_receive.o
    0x08001c58   0x08001c58   0x0000003c   Code   RO         1988    i.Get_EmptyRow_ID   track_bar_receive.o
    0x08001c94   0x08001c94   0x0000000c   Code   RO          815    i.Get_FirstFlag     openmv.o
    0x08001ca0   0x08001ca0   0x00000018   Code   RO         1989    i.Get_HW            track_bar_receive.o
    0x08001cb8   0x08001cb8   0x00000002   Code   RO         1991    i.Get_HW1           track_bar_receive.o
    0x08001cba   0x08001cba   0x00000002   PAD
    0x08001cbc   0x08001cbc   0x0000001c   Code   RO         7868    i.Get_HW_LEFT       general_interface.o
    0x08001cd8   0x08001cd8   0x0000001c   Code   RO         7870    i.Get_HW_RIGHT      general_interface.o
    0x08001cf4   0x08001cf4   0x0000002c   Code   RO         1992    i.Get_HW_others     track_bar_receive.o
    0x08001d20   0x08001d20   0x0000000c   Code   RO         2756    i.Get_Height        read_status_task.o
    0x08001d2c   0x08001d2c   0x0000002c   Code   RO         1993    i.Get_Hight_HW_new  track_bar_receive.o
    0x08001d58   0x08001d58   0x00000018   Code   RO         7871    i.Get_Home1         general_interface.o
    0x08001d70   0x08001d70   0x0000001c   Code   RO         7872    i.Get_Home2         general_interface.o
    0x08001d8c   0x08001d8c   0x0000000c   Code   RO          818    i.Get_MV_param      openmv.o
    0x08001d98   0x08001d98   0x00000010   Code   RO         1314    i.Get_QR_finish     qr_code.o
    0x08001da8   0x08001da8   0x00000018   Code   RO         1995    i.Get_SW            track_bar_receive.o
    0x08001dc0   0x08001dc0   0x0000000c   Code   RO         1059    i.Get_Servo_Flag    servo.o
    0x08001dcc   0x08001dcc   0x0000000c   Code   RO          820    i.Get_Stop_Signal   openmv.o
    0x08001dd8   0x08001dd8   0x00000048   Code   RO         1813    i.Get_Time_Period   time_cnt.o
    0x08001e20   0x08001e20   0x00000004   Code   RO         1997    i.Get_Trcker_Num    track_bar_receive.o
    0x08001e24   0x08001e24   0x0000000c   Code   RO         1998    i.Get_US_Distance   track_bar_receive.o
    0x08001e30   0x08001e30   0x0000000c   Code   RO         2000    i.Get_US_NUM        track_bar_receive.o
    0x08001e3c   0x08001e3c   0x0000001c   Code   RO         1060    i.Get_Uint16_Transform  servo.o
    0x08001e58   0x08001e58   0x0000000c   Code   RO         1469    i.Get_Yaw           hwt101_imu.o
    0x08001e64   0x08001e64   0x0000000c   Code   RO         1814    i.Get_minute        time_cnt.o
    0x08001e70   0x08001e70   0x0000000c   Code   RO         1815    i.Get_second        time_cnt.o
    0x08001e7c   0x08001e7c   0x00000092   Code   RO         4020    i.HAL_DMA_Abort     stm32f7xx_hal_dma.o
    0x08001f0e   0x08001f0e   0x00000024   Code   RO         4021    i.HAL_DMA_Abort_IT  stm32f7xx_hal_dma.o
    0x08001f32   0x08001f32   0x00000002   PAD
    0x08001f34   0x08001f34   0x000001a0   Code   RO         4025    i.HAL_DMA_IRQHandler  stm32f7xx_hal_dma.o
    0x080020d4   0x080020d4   0x000000d4   Code   RO         4026    i.HAL_DMA_Init      stm32f7xx_hal_dma.o
    0x080021a8   0x080021a8   0x00000002   Code   RO         3952    i.HAL_GPIO_EXTI_Callback  stm32f7xx_hal_gpio.o
    0x080021aa   0x080021aa   0x00000002   PAD
    0x080021ac   0x080021ac   0x00000018   Code   RO         3953    i.HAL_GPIO_EXTI_IRQHandler  stm32f7xx_hal_gpio.o
    0x080021c4   0x080021c4   0x000001d0   Code   RO         3954    i.HAL_GPIO_Init     stm32f7xx_hal_gpio.o
    0x08002394   0x08002394   0x0000000a   Code   RO         3956    i.HAL_GPIO_ReadPin  stm32f7xx_hal_gpio.o
    0x0800239e   0x0800239e   0x0000000a   Code   RO         3958    i.HAL_GPIO_WritePin  stm32f7xx_hal_gpio.o
    0x080023a8   0x080023a8   0x0000000c   Code   RO         4395    i.HAL_GetTick       stm32f7xx_hal.o
    0x080023b4   0x080023b4   0x00000010   Code   RO         4401    i.HAL_IncTick       stm32f7xx_hal.o
    0x080023c4   0x080023c4   0x00000024   Code   RO         4402    i.HAL_Init          stm32f7xx_hal.o
    0x080023e8   0x080023e8   0x00000074   Code   RO          771    i.HAL_InitTick      stm32f7xx_hal_timebase_tim.o
    0x0800245c   0x0800245c   0x00000038   Code   RO          747    i.HAL_MspInit       stm32f7xx_hal_msp.o
    0x08002494   0x08002494   0x0000001a   Code   RO         3477    i.HAL_NVIC_EnableIRQ  stm32f7xx_hal_cortex.o
    0x080024ae   0x080024ae   0x00000002   PAD
    0x080024b0   0x080024b0   0x00000040   Code   RO         3483    i.HAL_NVIC_SetPriority  stm32f7xx_hal_cortex.o
    0x080024f0   0x080024f0   0x00000024   Code   RO         3484    i.HAL_NVIC_SetPriorityGrouping  stm32f7xx_hal_cortex.o
    0x08002514   0x08002514   0x0000006c   Code   RO         4294    i.HAL_PWREx_EnableOverDrive  stm32f7xx_hal_pwr_ex.o
    0x08002580   0x08002580   0x000004f8   Code   RO         3715    i.HAL_RCCEx_PeriphCLKConfig  stm32f7xx_hal_rcc_ex.o
    0x08002a78   0x08002a78   0x0000013c   Code   RO         3608    i.HAL_RCC_ClockConfig  stm32f7xx_hal_rcc.o
    0x08002bb4   0x08002bb4   0x00000040   Code   RO         3612    i.HAL_RCC_GetClockConfig  stm32f7xx_hal_rcc.o
    0x08002bf4   0x08002bf4   0x00000020   Code   RO         3615    i.HAL_RCC_GetPCLK1Freq  stm32f7xx_hal_rcc.o
    0x08002c14   0x08002c14   0x00000020   Code   RO         3616    i.HAL_RCC_GetPCLK2Freq  stm32f7xx_hal_rcc.o
    0x08002c34   0x08002c34   0x00000064   Code   RO         3617    i.HAL_RCC_GetSysClockFreq  stm32f7xx_hal_rcc.o
    0x08002c98   0x08002c98   0x0000036c   Code   RO         3620    i.HAL_RCC_OscConfig  stm32f7xx_hal_rcc.o
    0x08003004   0x08003004   0x00000002   Code   RO         5870    i.HAL_TIMEx_Break2Callback  stm32f7xx_hal_tim_ex.o
    0x08003006   0x08003006   0x00000002   Code   RO         5871    i.HAL_TIMEx_BreakCallback  stm32f7xx_hal_tim_ex.o
    0x08003008   0x08003008   0x00000002   Code   RO         5872    i.HAL_TIMEx_CommutCallback  stm32f7xx_hal_tim_ex.o
    0x0800300a   0x0800300a   0x00000002   PAD
    0x0800300c   0x0800300c   0x0000008c   Code   RO         5874    i.HAL_TIMEx_ConfigBreakDeadTime  stm32f7xx_hal_tim_ex.o
    0x08003098   0x08003098   0x000000a4   Code   RO         5891    i.HAL_TIMEx_MasterConfigSynchronization  stm32f7xx_hal_tim_ex.o
    0x0800313c   0x0800313c   0x00000062   Code   RO         5156    i.HAL_TIM_Base_Init  stm32f7xx_hal_tim.o
    0x0800319e   0x0800319e   0x00000002   PAD
    0x080031a0   0x080031a0   0x00000098   Code   RO          408    i.HAL_TIM_Base_MspInit  tim.o
    0x08003238   0x08003238   0x00000080   Code   RO         5159    i.HAL_TIM_Base_Start  stm32f7xx_hal_tim.o
    0x080032b8   0x080032b8   0x0000008c   Code   RO         5161    i.HAL_TIM_Base_Start_IT  stm32f7xx_hal_tim.o
    0x08003344   0x08003344   0x000000dc   Code   RO         5165    i.HAL_TIM_ConfigClockSource  stm32f7xx_hal_tim.o
    0x08003420   0x08003420   0x000007e8   Code   RO         2373    i.HAL_TIM_IC_CaptureCallback  tim_control.o
    0x08003c08   0x08003c08   0x0000010e   Code   RO         5192    i.HAL_TIM_IC_ConfigChannel  stm32f7xx_hal_tim.o
    0x08003d16   0x08003d16   0x00000062   Code   RO         5195    i.HAL_TIM_IC_Init   stm32f7xx_hal_tim.o
    0x08003d78   0x08003d78   0x000000e0   Code   RO          410    i.HAL_TIM_IC_MspInit  tim.o
    0x08003e58   0x08003e58   0x0000015c   Code   RO         5200    i.HAL_TIM_IC_Start_IT  stm32f7xx_hal_tim.o
    0x08003fb4   0x08003fb4   0x00000184   Code   RO         5204    i.HAL_TIM_IRQHandler  stm32f7xx_hal_tim.o
    0x08004138   0x08004138   0x000000a8   Code   RO          411    i.HAL_TIM_MspPostInit  tim.o
    0x080041e0   0x080041e0   0x00000002   Code   RO         5207    i.HAL_TIM_OC_DelayElapsedCallback  stm32f7xx_hal_tim.o
    0x080041e2   0x080041e2   0x0000011e   Code   RO         5228    i.HAL_TIM_PWM_ConfigChannel  stm32f7xx_hal_tim.o
    0x08004300   0x08004300   0x00000062   Code   RO         5231    i.HAL_TIM_PWM_Init  stm32f7xx_hal_tim.o
    0x08004362   0x08004362   0x00000002   Code   RO         5233    i.HAL_TIM_PWM_MspInit  stm32f7xx_hal_tim.o
    0x08004364   0x08004364   0x00000002   Code   RO         5234    i.HAL_TIM_PWM_PulseFinishedCallback  stm32f7xx_hal_tim.o
    0x08004366   0x08004366   0x00000002   PAD
    0x08004368   0x08004368   0x00000100   Code   RO         5236    i.HAL_TIM_PWM_Start  stm32f7xx_hal_tim.o
    0x08004468   0x08004468   0x00000020   Code   RO            5    i.HAL_TIM_PeriodElapsedCallback  main.o
    0x08004488   0x08004488   0x0000002a   Code   RO         5244    i.HAL_TIM_ReadCapturedValue  stm32f7xx_hal_tim.o
    0x080044b2   0x080044b2   0x00000002   Code   RO         5247    i.HAL_TIM_TriggerCallback  stm32f7xx_hal_tim.o
    0x080044b4   0x080044b4   0x00000002   Code   RO         6158    i.HAL_UARTEx_RxEventCallback  stm32f7xx_hal_uart.o
    0x080044b6   0x080044b6   0x00000002   Code   RO         6174    i.HAL_UART_ErrorCallback  stm32f7xx_hal_uart.o
    0x080044b8   0x080044b8   0x00000220   Code   RO         6177    i.HAL_UART_IRQHandler  stm32f7xx_hal_uart.o
    0x080046d8   0x080046d8   0x00000066   Code   RO         6178    i.HAL_UART_Init     stm32f7xx_hal_uart.o
    0x0800473e   0x0800473e   0x00000002   PAD
    0x08004740   0x08004740   0x00000350   Code   RO          498    i.HAL_UART_MspInit  usart.o
    0x08004a90   0x08004a90   0x0000003e   Code   RO         6183    i.HAL_UART_Receive_IT  stm32f7xx_hal_uart.o
    0x08004ace   0x08004ace   0x00000002   PAD
    0x08004ad0   0x08004ad0   0x0000002c   Code   RO         1470    i.HAL_UART_RxCpltCallback  hwt101_imu.o
    0x08004afc   0x08004afc   0x000000b4   Code   RO         6187    i.HAL_UART_Transmit  stm32f7xx_hal_uart.o
    0x08004bb0   0x08004bb0   0x00000002   Code   RO         6190    i.HAL_UART_TxCpltCallback  stm32f7xx_hal_uart.o
    0x08004bb2   0x08004bb2   0x00000002   PAD
    0x08004bb4   0x08004bb4   0x0000027c   Code   RO         2768    i.HWSwitch_Move     read_status_task.o
    0x08004e30   0x08004e30   0x00000002   Code   RO          586    i.HardFault_Handler  stm32f7xx_it.o
    0x08004e32   0x08004e32   0x00000002   PAD
    0x08004e34   0x08004e34   0x00000238   Code   RO         2769    i.HeightUpdate_Task  read_status_task.o
    0x0800506c   0x0800506c   0x00000014   Code   RO         1471    i.Imu_Init          hwt101_imu.o
    0x08005080   0x08005080   0x00000010   Code   RO         2002    i.Init_BarCount     track_bar_receive.o
    0x08005090   0x08005090   0x00000018   Code   RO         2770    i.Judge_Side        read_status_task.o
    0x080050a8   0x080050a8   0x000001fc   Code   RO         2771    i.Ladder_process    read_status_task.o
    0x080052a4   0x080052a4   0x00000028   Code   RO         2416    i.Limit_Speed       chassis_control.o
    0x080052cc   0x080052cc   0x000000e0   Code   RO         2417    i.LineTask          chassis_control.o
    0x080053ac   0x080053ac   0x00000120   Code   RO          822    i.MV_Decode         openmv.o
    0x080054cc   0x080054cc   0x0000008c   Code   RO          823    i.MV_IRQ            openmv.o
    0x08005558   0x08005558   0x00000030   Code   RO          824    i.MV_QueryTaskFunc  openmv.o
    0x08005588   0x08005588   0x00000034   Code   RO          825    i.MV_QueryTask_Start  openmv.o
    0x080055bc   0x080055bc   0x00000040   Code   RO          826    i.MV_SendCmd        openmv.o
    0x080055fc   0x080055fc   0x00000010   Code   RO          827    i.MV_Start          openmv.o
    0x0800560c   0x0800560c   0x00000010   Code   RO          828    i.MV_Stop           openmv.o
    0x0800561c   0x0800561c   0x0000002c   Code   RO          829    i.MV_rec_decode     openmv.o
    0x08005648   0x08005648   0x0000003c   Code   RO          383    i.MX_DMA_Init       dma.o
    0x08005684   0x08005684   0x00000094   Code   RO          301    i.MX_FREERTOS_Init  freertos.o
    0x08005718   0x08005718   0x000001d8   Code   RO          276    i.MX_GPIO_Init      gpio.o
    0x080058f0   0x080058f0   0x00000034   Code   RO          412    i.MX_TIM10_Init     tim.o
    0x08005924   0x08005924   0x0000010c   Code   RO          413    i.MX_TIM1_Init      tim.o
    0x08005a30   0x08005a30   0x000000d0   Code   RO          414    i.MX_TIM2_Init      tim.o
    0x08005b00   0x08005b00   0x00000080   Code   RO          415    i.MX_TIM3_Init      tim.o
    0x08005b80   0x08005b80   0x00000080   Code   RO          416    i.MX_TIM5_Init      tim.o
    0x08005c00   0x08005c00   0x00000048   Code   RO          417    i.MX_TIM6_Init      tim.o
    0x08005c48   0x08005c48   0x00000044   Code   RO          499    i.MX_UART4_Init     usart.o
    0x08005c8c   0x08005c8c   0x00000044   Code   RO          500    i.MX_UART5_Init     usart.o
    0x08005cd0   0x08005cd0   0x00000044   Code   RO          501    i.MX_UART7_Init     usart.o
    0x08005d14   0x08005d14   0x0000003c   Code   RO          502    i.MX_UART8_Init     usart.o
    0x08005d50   0x08005d50   0x00000044   Code   RO          503    i.MX_USART1_UART_Init  usart.o
    0x08005d94   0x08005d94   0x00000044   Code   RO          504    i.MX_USART2_UART_Init  usart.o
    0x08005dd8   0x08005dd8   0x00000044   Code   RO          505    i.MX_USART3_UART_Init  usart.o
    0x08005e1c   0x08005e1c   0x00000044   Code   RO          506    i.MX_USART6_UART_Init  usart.o
    0x08005e60   0x08005e60   0x000000d0   Code   RO         2374    i.MY_PeriodElapsedCallback  tim_control.o
    0x08005f30   0x08005f30   0x00000002   Code   RO          587    i.MemManage_Handler  stm32f7xx_it.o
    0x08005f32   0x08005f32   0x00000002   PAD
    0x08005f34   0x08005f34   0x00000038   Code   RO         1676    i.Motor_PID1_Init   motor.o
    0x08005f6c   0x08005f6c   0x00000038   Code   RO         1677    i.Motor_PID_Init    motor.o
    0x08005fa4   0x08005fa4   0x0000007e   Code   RO         7873    i.Move_CountBar     general_interface.o
    0x08006022   0x08006022   0x00000002   PAD
    0x08006024   0x08006024   0x00000050   Code   RO         7874    i.Move_inch         general_interface.o
    0x08006074   0x08006074   0x00000002   Code   RO          588    i.NMI_Handler       stm32f7xx_it.o
    0x08006076   0x08006076   0x00000002   PAD
    0x08006078   0x08006078   0x0000003c   Code   RO         1319    i.QR_LoadData       qr_code.o
    0x080060b4   0x080060b4   0x000000e8   Code   RO         1321    i.QR_decode         qr_code.o
    0x0800619c   0x0800619c   0x0000016c   Code   RO         2773    i.Read_Swicth       read_status_task.o
    0x08006308   0x08006308   0x0000009a   Code   RO         7875    i.Restart_Ladder    general_interface.o
    0x080063a2   0x080063a2   0x00000002   PAD
    0x080063a4   0x080063a4   0x00000088   Code   RO         1061    i.ServoInfBack_IRQ  servo.o
    0x0800642c   0x0800642c   0x00000010   Code   RO         1325    i.SetUpdateQR       qr_code.o
    0x0800643c   0x0800643c   0x0000000c   Code   RO          832    i.Set_FirstFlag     openmv.o
    0x08006448   0x08006448   0x0000000c   Code   RO         2779    i.Set_HeightAvailable  read_status_task.o
    0x08006454   0x08006454   0x0000000c   Code   RO         1472    i.Set_IMUStatus     hwt101_imu.o
    0x08006460   0x08006460   0x00000038   Code   RO         1473    i.Set_InitYaw       hwt101_imu.o
    0x08006498   0x08006498   0x0000000c   Code   RO          833    i.Set_MV_Mode       openmv.o
    0x080064a4   0x080064a4   0x0000000c   Code   RO          834    i.Set_MV_once       openmv.o
    0x080064b0   0x080064b0   0x0000004c   Code   RO         1327    i.Set_QR_Target     qr_code.o
    0x080064fc   0x080064fc   0x0000000c   Code   RO         1328    i.Set_QR_finish     qr_code.o
    0x08006508   0x08006508   0x0000000c   Code   RO         1329    i.Set_QR_once       qr_code.o
    0x08006514   0x08006514   0x00000020   Code   RO          835    i.Set_QueryState    openmv.o
    0x08006534   0x08006534   0x00000008   Code   RO          302    i.StartDefaultTask  freertos.o
    0x0800653c   0x0800653c   0x00000034   Code   RO         2791    i.Start_HeightUpdate  read_status_task.o
    0x08006570   0x08006570   0x00000048   Code   RO         2792    i.Start_Read_Switch  read_status_task.o
    0x080065b8   0x080065b8   0x00000018   Code   RO         2560    i.Startdebug        debug_task.o
    0x080065d0   0x080065d0   0x00000030   Code   RO         7786    i.SysTick_Handler   port.o
    0x08006600   0x08006600   0x000000c8   Code   RO            6    i.SystemClock_Config  main.o
    0x080066c8   0x080066c8   0x00000010   Code   RO         3428    i.SystemInit        system_stm32f7xx.o
    0x080066d8   0x080066d8   0x000000a0   Code   RO         1816    i.T6_IRQHandler     time_cnt.o
    0x08006778   0x08006778   0x0000001c   Code   RO          589    i.TIM1_UP_TIM10_IRQHandler  stm32f7xx_it.o
    0x08006794   0x08006794   0x0000000c   Code   RO          590    i.TIM3_IRQHandler   stm32f7xx_it.o
    0x080067a0   0x080067a0   0x0000000c   Code   RO          591    i.TIM5_IRQHandler   stm32f7xx_it.o
    0x080067ac   0x080067ac   0x00000018   Code   RO          592    i.TIM6_DAC_IRQHandler  stm32f7xx_it.o
    0x080067c4   0x080067c4   0x0000000c   Code   RO          593    i.TIM7_IRQHandler   stm32f7xx_it.o
    0x080067d0   0x080067d0   0x000000c8   Code   RO         5249    i.TIM_Base_SetConfig  stm32f7xx_hal_tim.o
    0x08006898   0x08006898   0x0000001a   Code   RO         5250    i.TIM_CCxChannelCmd  stm32f7xx_hal_tim.o
    0x080068b2   0x080068b2   0x00000014   Code   RO         5260    i.TIM_ETR_SetConfig  stm32f7xx_hal_tim.o
    0x080068c6   0x080068c6   0x00000010   Code   RO         5261    i.TIM_ITRx_SetConfig  stm32f7xx_hal_tim.o
    0x080068d6   0x080068d6   0x00000002   PAD
    0x080068d8   0x080068d8   0x00000068   Code   RO         5262    i.TIM_OC1_SetConfig  stm32f7xx_hal_tim.o
    0x08006940   0x08006940   0x00000074   Code   RO         5263    i.TIM_OC2_SetConfig  stm32f7xx_hal_tim.o
    0x080069b4   0x080069b4   0x00000070   Code   RO         5264    i.TIM_OC3_SetConfig  stm32f7xx_hal_tim.o
    0x08006a24   0x08006a24   0x00000058   Code   RO         5265    i.TIM_OC4_SetConfig  stm32f7xx_hal_tim.o
    0x08006a7c   0x08006a7c   0x00000050   Code   RO         5266    i.TIM_OC5_SetConfig  stm32f7xx_hal_tim.o
    0x08006acc   0x08006acc   0x00000054   Code   RO         5267    i.TIM_OC6_SetConfig  stm32f7xx_hal_tim.o
    0x08006b20   0x08006b20   0x00000022   Code   RO         5269    i.TIM_TI1_ConfigInputStage  stm32f7xx_hal_tim.o
    0x08006b42   0x08006b42   0x00000002   PAD
    0x08006b44   0x08006b44   0x00000080   Code   RO         5270    i.TIM_TI1_SetConfig  stm32f7xx_hal_tim.o
    0x08006bc4   0x08006bc4   0x00000024   Code   RO         5271    i.TIM_TI2_ConfigInputStage  stm32f7xx_hal_tim.o
    0x08006be8   0x08006be8   0x00000036   Code   RO         5272    i.TIM_TI2_SetConfig  stm32f7xx_hal_tim.o
    0x08006c1e   0x08006c1e   0x00000002   PAD
    0x08006c20   0x08006c20   0x000000a8   Code   RO         2003    i.Track_RX_IRQ      track_bar_receive.o
    0x08006cc8   0x08006cc8   0x000000d4   Code   RO         2237    i.Turn_angle        imu_pid.o
    0x08006d9c   0x08006d9c   0x0000009c   Code   RO         1880    i.U1_IRQHandler     uart_handle.o
    0x08006e38   0x08006e38   0x00000014   Code   RO          594    i.UART4_IRQHandler  stm32f7xx_it.o
    0x08006e4c   0x08006e4c   0x00000014   Code   RO          595    i.UART5_IRQHandler  stm32f7xx_it.o
    0x08006e60   0x08006e60   0x0000000c   Code   RO          596    i.UART7_IRQHandler  stm32f7xx_it.o
    0x08006e6c   0x08006e6c   0x000000c8   Code   RO         6192    i.UART_AdvFeatureConfig  stm32f7xx_hal_uart.o
    0x08006f34   0x08006f34   0x00000040   Code   RO         6193    i.UART_CheckIdleState  stm32f7xx_hal_uart.o
    0x08006f74   0x08006f74   0x00000014   Code   RO         6194    i.UART_DMAAbortOnError  stm32f7xx_hal_uart.o
    0x08006f88   0x08006f88   0x00000030   Code   RO         6204    i.UART_EndRxTransfer  stm32f7xx_hal_uart.o
    0x08006fb8   0x08006fb8   0x0000007c   Code   RO         6206    i.UART_RxISR_16BIT  stm32f7xx_hal_uart.o
    0x08007034   0x08007034   0x0000007c   Code   RO         6207    i.UART_RxISR_8BIT   stm32f7xx_hal_uart.o
    0x080070b0   0x080070b0   0x00000234   Code   RO         6208    i.UART_SetConfig    stm32f7xx_hal_uart.o
    0x080072e4   0x080072e4   0x00000090   Code   RO         6210    i.UART_Start_Receive_IT  stm32f7xx_hal_uart.o
    0x08007374   0x08007374   0x000000a0   Code   RO         6213    i.UART_WaitOnFlagUntilTimeout  stm32f7xx_hal_uart.o
    0x08007414   0x08007414   0x00000014   Code   RO          597    i.USART1_IRQHandler  stm32f7xx_it.o
    0x08007428   0x08007428   0x0000000c   Code   RO          598    i.USART2_IRQHandler  stm32f7xx_it.o
    0x08007434   0x08007434   0x0000000c   Code   RO          599    i.USART3_IRQHandler  stm32f7xx_it.o
    0x08007440   0x08007440   0x00000014   Code   RO          600    i.USART6_IRQHandler  stm32f7xx_it.o
    0x08007454   0x08007454   0x000000b0   Code   RO            7    i.USER_Init         main.o
    0x08007504   0x08007504   0x00000020   Code   RO         2004    i.Update_TRckerCounter  track_bar_receive.o
    0x08007524   0x08007524   0x00000010   Code   RO          837    i.Update_rectangle_count  openmv.o
    0x08007534   0x08007534   0x00000002   Code   RO          601    i.UsageFault_Handler  stm32f7xx_it.o
    0x08007536   0x08007536   0x00000002   PAD
    0x08007538   0x08007538   0x00000064   Code   RO         2419    i.Wait_OKInf        chassis_control.o
    0x0800759c   0x0800759c   0x00000034   Code   RO         1067    i.Wait_Servo_Signal  servo.o
    0x080075d0   0x080075d0   0x00000150   Code   RO         2794    i.Wait_Switches     read_status_task.o
    0x08007720   0x08007720   0x00000014   Code   RO         2795    i.Wait_Switches_Time  read_status_task.o
    0x08007734   0x08007734   0x00000020   Code   RO         3490    i.__NVIC_SetPriority  stm32f7xx_hal_cortex.o
    0x08007754   0x08007754   0x00000014   Code   RO         8132    i.__hardfp_fabs     m_wm.l(fabs.o)
    0x08007768   0x08007768   0x0000000e   Code   RO         8047    i._is_digit         c_w.l(__printf_wp.o)
    0x08007776   0x08007776   0x00000002   Code   RO         1881    i._sys_exit         uart_handle.o
    0x08007778   0x08007778   0x00000024   Code   RO         2005    i.all_data_clear    track_bar_receive.o
    0x0800779c   0x0800779c   0x0000004c   Code   RO         1474    i.angle_limit       hwt101_imu.o
    0x080077e8   0x080077e8   0x00000084   Code   RO         2302    i.avoid_callback    avoid_obs.o
    0x0800786c   0x0800786c   0x00000080   Code   RO         2797    i.begin_servo_status  read_status_task.o
    0x080078ec   0x080078ec   0x000000b4   Code   RO         7876    i.blue_all          general_interface.o
    0x080079a0   0x080079a0   0x00000110   Code   RO         7877    i.centren_control   general_interface.o
    0x08007ab0   0x08007ab0   0x00000024   Code   RO         2799    i.change_second     read_status_task.o
    0x08007ad4   0x08007ad4   0x0000000c   Code   RO         1549    i.change_w_error    chassis.o
    0x08007ae0   0x08007ae0   0x00000314   Code   RO         1550    i.chassis_synthetic_control  chassis.o
    0x08007df4   0x08007df4   0x0000000c   Code   RO         2660    i.chassis_task      chassis_task.o
    0x08007e00   0x08007e00   0x00000154   Code   RO         1678    i.clear_motor_data  motor.o
    0x08007f54   0x08007f54   0x00000018   Code   RO          838    i.cmd_encode        openmv.o
    0x08007f6c   0x08007f6c   0x0000000c   Code   RO          839    i.cnt_clear         openmv.o
    0x08007f78   0x08007f78   0x000001d0   Code   RO         7878    i.control_ball      general_interface.o
    0x08008148   0x08008148   0x0000002c   Code   RO         2006    i.count_bar         track_bar_receive.o
    0x08008174   0x08008174   0x00000014   Code   RO         1935    i.delay_init        delay.o
    0x08008188   0x08008188   0x00000038   Code   RO         2304    i.distance_convert  avoid_obs.o
    0x080081c0   0x080081c0   0x00000064   Code   RO         1882    i.fputc             uart_handle.o
    0x08008224   0x08008224   0x00000064   Code   RO         1679    i.get_motor_channelA_ptr  motor.o
    0x08008288   0x08008288   0x00000064   Code   RO         1680    i.get_motor_channelB_ptr  motor.o
    0x080082ec   0x080082ec   0x00000024   Code   RO         2007    i.go_HW             track_bar_receive.o
    0x08008310   0x08008310   0x00000020   Code   RO         2008    i.go_sw             track_bar_receive.o
    0x08008330   0x08008330   0x00000014   Code   RO         1552    i.go_yuan           chassis.o
    0x08008344   0x08008344   0x000000cc   Code   RO         2239    i.imu_correct_val   imu_pid.o
    0x08008410   0x08008410   0x00000056   Code   RO            8    i.main              main.o
    0x08008466   0x08008466   0x0000000c   Code   RO         7357    i.makeFreeRtosPriority  cmsis_os.o
    0x08008472   0x08008472   0x00000002   PAD
    0x08008474   0x08008474   0x0000002c   Code   RO         1681    i.motor_debug       motor.o
    0x080084a0   0x080084a0   0x0000015c   Code   RO         1682    i.motor_init        motor.o
    0x080085fc   0x080085fc   0x000000c4   Code   RO         2427    i.move_by_encoder   chassis_control.o
    0x080086c0   0x080086c0   0x0000000e   Code   RO         7359    i.osDelay           cmsis_os.o
    0x080086ce   0x080086ce   0x0000000a   Code   RO         7362    i.osKernelStart     cmsis_os.o
    0x080086d8   0x080086d8   0x00000054   Code   RO         7396    i.osThreadCreate    cmsis_os.o
    0x0800872c   0x0800872c   0x00000020   Code   RO         3172    i.pid_clear         pid.o
    0x0800874c   0x0800874c   0x00000144   Code   RO         3173    i.pid_control       pid.o
    0x08008890   0x08008890   0x000000b6   Code   RO         3174    i.pos_pid_cal       pid.o
    0x08008946   0x08008946   0x00000002   PAD
    0x08008948   0x08008948   0x00000018   Code   RO         1883    i.printf_init       uart_handle.o
    0x08008960   0x08008960   0x00000070   Code   RO         7045    i.prvAddCurrentTaskToDelayedList  tasks.o
    0x080089d0   0x080089d0   0x000000d0   Code   RO         7046    i.prvAddNewTaskToReadyList  tasks.o
    0x08008aa0   0x08008aa0   0x00000026   Code   RO         6730    i.prvCopyDataFromQueue  queue.o
    0x08008ac6   0x08008ac6   0x0000006c   Code   RO         6731    i.prvCopyDataToQueue  queue.o
    0x08008b32   0x08008b32   0x00000038   Code   RO         7047    i.prvDeleteTCB      tasks.o
    0x08008b6a   0x08008b6a   0x00000002   PAD
    0x08008b6c   0x08008b6c   0x0000004c   Code   RO         7724    i.prvHeapInit       heap_4.o
    0x08008bb8   0x08008bb8   0x0000005c   Code   RO         7048    i.prvIdleTask       tasks.o
    0x08008c14   0x08008c14   0x00000016   Code   RO         6733    i.prvInitialiseNewQueue  queue.o
    0x08008c2a   0x08008c2a   0x0000009c   Code   RO         7049    i.prvInitialiseNewTask  tasks.o
    0x08008cc6   0x08008cc6   0x00000002   PAD
    0x08008cc8   0x08008cc8   0x0000004c   Code   RO         7725    i.prvInsertBlockIntoFreeList  heap_4.o
    0x08008d14   0x08008d14   0x00000020   Code   RO         7050    i.prvResetNextTaskUnblockTime  tasks.o
    0x08008d34   0x08008d34   0x00000030   Code   RO         7787    i.prvTaskExitError  port.o
    0x08008d64   0x08008d64   0x0000006a   Code   RO         6735    i.prvUnlockQueue    queue.o
    0x08008dce   0x08008dce   0x00000002   PAD
    0x08008dd0   0x08008dd0   0x000000e4   Code   RO         7726    i.pvPortMalloc      heap_4.o
    0x08008eb4   0x08008eb4   0x0000002c   Code   RO         7788    i.pxPortInitialiseStack  port.o
    0x08008ee0   0x08008ee0   0x00000024   Code   RO         1683    i.read_encoder      motor.o
    0x08008f04   0x08008f04   0x00000054   Code   RO         7879    i.run_blue          general_interface.o
    0x08008f58   0x08008f58   0x000002b4   Code   RO         7880    i.run_home          general_interface.o
    0x0800920c   0x0800920c   0x00000164   Code   RO         7881    i.run_ladder        general_interface.o
    0x08009370   0x08009370   0x00000054   Code   RO         7882    i.run_red           general_interface.o
    0x080093c4   0x080093c4   0x00000428   Code   RO         7883    i.run_round         general_interface.o
    0x080097ec   0x080097ec   0x0000000c   Code   RO         1553    i.set_chassis_status  chassis.o
    0x080097f8   0x080097f8   0x0000000c   Code   RO         1684    i.set_debug_motor   motor.o
    0x08009804   0x08009804   0x00000014   Code   RO         1685    i.set_debug_speed   motor.o
    0x08009818   0x08009818   0x00000068   Code   RO         2241    i.set_imu_param     imu_pid.o
    0x08009880   0x08009880   0x0000000c   Code   RO         2242    i.set_imu_status    imu_pid.o
    0x0800988c   0x0800988c   0x0000005c   Code   RO         1686    i.set_motor         motor.o
    0x080098e8   0x080098e8   0x0000000c   Code   RO         1687    i.set_motor_debug   motor.o
    0x080098f4   0x080098f4   0x0000002c   Code   RO         1688    i.set_motor_maxparam  motor.o
    0x08009920   0x08009920   0x00000060   Code   RO         1690    i.set_motor_pid     motor.o
    0x08009980   0x08009980   0x0000005c   Code   RO         1691    i.set_motor_pid1    motor.o
    0x080099dc   0x080099dc   0x00000034   Code   RO         1554    i.set_speed         chassis.o
    0x08009a10   0x08009a10   0x0000005c   Code   RO         2011    i.set_track_pid     track_bar_receive.o
    0x08009a6c   0x08009a6c   0x0000008c   Code   RO         1692    i.show_speed        motor.o
    0x08009af8   0x08009af8   0x0000005c   Code   RO         2012    i.track_bar_init    track_bar_receive.o
    0x08009b54   0x08009b54   0x00000020   Code   RO         2013    i.track_pid_cal     track_bar_receive.o
    0x08009b74   0x08009b74   0x00000030   Code   RO         2684    i.track_scan        track_task.o
    0x08009ba4   0x08009ba4   0x0000004c   Code   RO         2014    i.track_status      track_bar_receive.o
    0x08009bf0   0x08009bf0   0x0000000c   Code   RO         2015    i.turn_uint16       track_bar_receive.o
    0x08009bfc   0x08009bfc   0x00000094   Code   RO         3373    i.usmart_cmd_rec    usmart.o
    0x08009c90   0x08009c90   0x00000258   Code   RO         3374    i.usmart_exe        usmart.o
    0x08009ee8   0x08009ee8   0x000000a4   Code   RO         3290    i.usmart_get_aparm  usmart_str.o
    0x08009f8c   0x08009f8c   0x0000002e   Code   RO         3291    i.usmart_get_cmdname  usmart_str.o
    0x08009fba   0x08009fba   0x00000002   PAD
    0x08009fbc   0x08009fbc   0x00000168   Code   RO         3292    i.usmart_get_fname  usmart_str.o
    0x0800a124   0x0800a124   0x000000d0   Code   RO         3293    i.usmart_get_fparam  usmart_str.o
    0x0800a1f4   0x0800a1f4   0x00000024   Code   RO         3294    i.usmart_get_parmpos  usmart_str.o
    0x0800a218   0x0800a218   0x0000000c   Code   RO         3375    i.usmart_init       usmart.o
    0x0800a224   0x0800a224   0x00000010   Code   RO         3295    i.usmart_pow        usmart_str.o
    0x0800a234   0x0800a234   0x000000a4   Code   RO         3376    i.usmart_scan       usmart.o
    0x0800a2d8   0x0800a2d8   0x00000010   Code   RO         3296    i.usmart_search_nextc  usmart_str.o
    0x0800a2e8   0x0800a2e8   0x000000d6   Code   RO         3297    i.usmart_str2num    usmart_str.o
    0x0800a3be   0x0800a3be   0x00000018   Code   RO         3298    i.usmart_strcmp     usmart_str.o
    0x0800a3d6   0x0800a3d6   0x00000012   Code   RO         3299    i.usmart_strcopy    usmart_str.o
    0x0800a3e8   0x0800a3e8   0x00000012   Code   RO         3300    i.usmart_strlen     usmart_str.o
    0x0800a3fa   0x0800a3fa   0x00000002   PAD
    0x0800a3fc   0x0800a3fc   0x0000029c   Code   RO         3377    i.usmart_sys_cmd_exe  usmart.o
    0x0800a698   0x0800a698   0x00000014   Code   RO         2636    i.usmartscan        usmart_task.o
    0x0800a6ac   0x0800a6ac   0x00000026   Code   RO         6690    i.uxListRemove      list.o
    0x0800a6d2   0x0800a6d2   0x00000002   PAD
    0x0800a6d4   0x0800a6d4   0x00000014   Code   RO          307    i.vApplicationGetIdleTaskMemory  freertos.o
    0x0800a6e8   0x0800a6e8   0x00000016   Code   RO         6691    i.vListInitialise   list.o
    0x0800a6fe   0x0800a6fe   0x00000006   Code   RO         6692    i.vListInitialiseItem  list.o
    0x0800a704   0x0800a704   0x00000030   Code   RO         6693    i.vListInsert       list.o
    0x0800a734   0x0800a734   0x00000018   Code   RO         6694    i.vListInsertEnd    list.o
    0x0800a74c   0x0800a74c   0x00000048   Code   RO         7790    i.vPortEnterCritical  port.o
    0x0800a794   0x0800a794   0x0000002c   Code   RO         7791    i.vPortExitCritical  port.o
    0x0800a7c0   0x0800a7c0   0x00000064   Code   RO         7727    i.vPortFree         heap_4.o
    0x0800a824   0x0800a824   0x00000024   Code   RO         7792    i.vPortSetupTimerInterrupt  port.o
    0x0800a848   0x0800a848   0x0000005c   Code   RO         7793    i.vPortValidateInterruptPriority  port.o
    0x0800a8a4   0x0800a8a4   0x00000050   Code   RO         7058    i.vTaskDelay        tasks.o
    0x0800a8f4   0x0800a8f4   0x000000b0   Code   RO         7060    i.vTaskDelete       tasks.o
    0x0800a9a4   0x0800a9a4   0x00000010   Code   RO         7062    i.vTaskInternalSetTimeOutState  tasks.o
    0x0800a9b4   0x0800a9b4   0x0000000c   Code   RO         7063    i.vTaskMissedYield  tasks.o
    0x0800a9c0   0x0800a9c0   0x00000034   Code   RO         7065    i.vTaskPlaceOnEventList  tasks.o
    0x0800a9f4   0x0800a9f4   0x00000070   Code   RO         7072    i.vTaskStartScheduler  tasks.o
    0x0800aa64   0x0800aa64   0x00000010   Code   RO         7074    i.vTaskSuspendAll   tasks.o
    0x0800aa74   0x0800aa74   0x00000060   Code   RO         7075    i.vTaskSwitchContext  tasks.o
    0x0800aad4   0x0800aad4   0x000000c4   Code   RO         7794    i.xPortStartScheduler  port.o
    0x0800ab98   0x0800ab98   0x0000004c   Code   RO         6744    i.xQueueGenericCreate  queue.o
    0x0800abe4   0x0800abe4   0x0000008c   Code   RO         6746    i.xQueueGenericReset  queue.o
    0x0800ac70   0x0800ac70   0x00000174   Code   RO         6747    i.xQueueGenericSend  queue.o
    0x0800ade4   0x0800ade4   0x000000cc   Code   RO         6748    i.xQueueGenericSendFromISR  queue.o
    0x0800aeb0   0x0800aeb0   0x000000a6   Code   RO         6755    i.xQueueReceiveFromISR  queue.o
    0x0800af56   0x0800af56   0x00000002   PAD
    0x0800af58   0x0800af58   0x0000007c   Code   RO         7076    i.xTaskCheckForTimeOut  tasks.o
    0x0800afd4   0x0800afd4   0x0000005a   Code   RO         7077    i.xTaskCreate       tasks.o
    0x0800b02e   0x0800b02e   0x00000062   Code   RO         7078    i.xTaskCreateStatic  tasks.o
    0x0800b090   0x0800b090   0x0000001c   Code   RO         7082    i.xTaskGetSchedulerState  tasks.o
    0x0800b0ac   0x0800b0ac   0x000000cc   Code   RO         7085    i.xTaskIncrementTick  tasks.o
    0x0800b178   0x0800b178   0x000000a0   Code   RO         7088    i.xTaskPriorityDisinherit  tasks.o
    0x0800b218   0x0800b218   0x00000078   Code   RO         7090    i.xTaskRemoveFromEventList  tasks.o
    0x0800b290   0x0800b290   0x000000c8   Code   RO         7091    i.xTaskResumeAll    tasks.o
    0x0800b358   0x0800b358   0x00000018   Code   RO         8080    x$fpl$basic         fz_wm.l(basic.o)
    0x0800b370   0x0800b370   0x00000062   Code   RO         8082    x$fpl$d2f           fz_wm.l(d2f.o)
    0x0800b3d2   0x0800b3d2   0x00000002   PAD
    0x0800b3d4   0x0800b3d4   0x00000150   Code   RO         8084    x$fpl$dadd          fz_wm.l(daddsub_clz.o)
    0x0800b524   0x0800b524   0x00000018   Code   RO         8180    x$fpl$dcmpinf       fz_wm.l(dcmpi.o)
    0x0800b53c   0x0800b53c   0x000002b0   Code   RO         8091    x$fpl$ddiv          fz_wm.l(ddiv.o)
    0x0800b7ec   0x0800b7ec   0x00000078   Code   RO         8094    x$fpl$deqf          fz_wm.l(deqf.o)
    0x0800b864   0x0800b864   0x0000005e   Code   RO         8096    x$fpl$dfix          fz_wm.l(dfix.o)
    0x0800b8c2   0x0800b8c2   0x00000002   PAD
    0x0800b8c4   0x0800b8c4   0x0000005a   Code   RO         8100    x$fpl$dfixu         fz_wm.l(dfixu.o)
    0x0800b91e   0x0800b91e   0x0000002e   Code   RO         8105    x$fpl$dflt          fz_wm.l(dflt_clz.o)
    0x0800b94c   0x0800b94c   0x00000026   Code   RO         8104    x$fpl$dfltu         fz_wm.l(dflt_clz.o)
    0x0800b972   0x0800b972   0x00000002   PAD
    0x0800b974   0x0800b974   0x00000078   Code   RO         8110    x$fpl$dleqf         fz_wm.l(dleqf.o)
    0x0800b9ec   0x0800b9ec   0x00000154   Code   RO         8112    x$fpl$dmul          fz_wm.l(dmul.o)
    0x0800bb40   0x0800bb40   0x0000009c   Code   RO         8182    x$fpl$dnaninf       fz_wm.l(dnaninf.o)
    0x0800bbdc   0x0800bbdc   0x0000000c   Code   RO         8184    x$fpl$dretinf       fz_wm.l(dretinf.o)
    0x0800bbe8   0x0800bbe8   0x0000006c   Code   RO         8114    x$fpl$drleqf        fz_wm.l(drleqf.o)
    0x0800bc54   0x0800bc54   0x00000016   Code   RO         8085    x$fpl$drsb          fz_wm.l(daddsub_clz.o)
    0x0800bc6a   0x0800bc6a   0x00000002   PAD
    0x0800bc6c   0x0800bc6c   0x000001d4   Code   RO         8086    x$fpl$dsub          fz_wm.l(daddsub_clz.o)
    0x0800be40   0x0800be40   0x00000056   Code   RO         8116    x$fpl$f2d           fz_wm.l(f2d.o)
    0x0800be96   0x0800be96   0x0000008c   Code   RO         8186    x$fpl$fnaninf       fz_wm.l(fnaninf.o)
    0x0800bf22   0x0800bf22   0x0000000a   Code   RO         8385    x$fpl$fpinit        fz_wm.l(fpinit.o)
    0x0800bf2c   0x0800bf2c   0x0000000a   Code   RO         8188    x$fpl$fretinf       fz_wm.l(fretinf.o)
    0x0800bf36   0x0800bf36   0x00000000   Code   RO         8190    x$fpl$usenofp       fz_wm.l(usenofp.o)
    0x0800bf36   0x0800bf36   0x00000002   PAD
    0x0800bf38   0x0800bf38   0x000000a8   Data   RO          309    .constdata          freertos.o
    0x0800bfe0   0x0800bfe0   0x0000001c   Data   RO          841    .constdata          openmv.o
    0x0800bffc   0x0800bffc   0x00000054   Data   RO         2430    .constdata          chassis_control.o
    0x0800c050   0x0800c050   0x00000038   Data   RO         2802    .constdata          read_status_task.o
    0x0800c088   0x0800c088   0x00000010   Data   RO         3429    .constdata          system_stm32f7xx.o
    0x0800c098   0x0800c098   0x00000008   Data   RO         3430    .constdata          system_stm32f7xx.o
    0x0800c0a0   0x0800c0a0   0x00000008   Data   RO         4032    .constdata          stm32f7xx_hal_dma.o
    0x0800c0a8   0x0800c0a8   0x00000028   Data   RO         8020    .constdata          c_w.l(_printf_hex_int.o)
    0x0800c0d0   0x0800c0d0   0x00000011   Data   RO         8055    .constdata          c_w.l(__printf_flags_ss_wp.o)
    0x0800c0e1   0x0800c0e1   0x00000003   PAD
    0x0800c0e4   0x0800c0e4   0x00000044   Data   RO          310    .conststring        freertos.o
    0x0800c128   0x0800c128   0x00000015   Data   RO          842    .conststring        openmv.o
    0x0800c13d   0x0800c13d   0x00000003   PAD
    0x0800c140   0x0800c140   0x00000021   Data   RO         2431    .conststring        chassis_control.o
    0x0800c161   0x0800c161   0x00000003   PAD
    0x0800c164   0x0800c164   0x00000068   Data   RO         2803    .conststring        read_status_task.o
    0x0800c1cc   0x0800c1cc   0x000006d4   Data   RO         3257    .conststring        usmart_config.o
    0x0800c8a0   0x0800c8a0   0x00000078   Data   RO         3379    .conststring        usmart.o
    0x0800c918   0x0800c918   0x00000020   Data   RO         8450    Region$$Table       anon$$obj.o


    Execution Region RW_IRAM1 (Exec base: 0x20000000, Load base: 0x0800c938, Size: 0x00005ad0, Max: 0x00050000, ABSOLUTE, COMPRESSED[0x00000234])

    Exec Addr    Load Addr    Size         Type   Attr      Idx    E Section Name        Object

    0x20000000   COMPRESSED   0x00000018   Data   RW          311    .data               freertos.o
    0x20000018   COMPRESSED   0x00000050   Data   RW          844    .data               openmv.o
    0x20000068   COMPRESSED   0x00000004   Data   RW          848    .data               openmv.o
    0x2000006c   COMPRESSED   0x00000088   Data   RW         1068    .data               servo.o
    0x200000f4   COMPRESSED   0x0000003c   Data   RW         1333    .data               qr_code.o
    0x20000130   COMPRESSED   0x0000002c   Data   RW         1480    .data               hwt101_imu.o
    0x2000015c   COMPRESSED   0x00000004   PAD
    0x20000160   COMPRESSED   0x0000006c   Data   RW         1559    .data               chassis.o
    0x200001cc   COMPRESSED   0x00000040   Data   RW         1694    .data               motor.o
    0x2000020c   COMPRESSED   0x00000014   Data   RW         1818    .data               time_cnt.o
    0x20000220   COMPRESSED   0x00000008   Data   RW         1885    .data               uart_handle.o
    0x20000228   COMPRESSED   0x00000004   Data   RW         1887    .data               uart_handle.o
    0x2000022c   COMPRESSED   0x00000124   Data   RW         2017    .data               track_bar_receive.o
    0x20000350   COMPRESSED   0x00000024   Data   RW         2245    .data               imu_pid.o
    0x20000374   COMPRESSED   0x00000006   Data   RW         2307    .data               avoid_obs.o
    0x2000037a   COMPRESSED   0x00000006   PAD
    0x20000380   COMPRESSED   0x00000018   Data   RW         2376    .data               tim_control.o
    0x20000398   COMPRESSED   0x00000070   Data   RW         2432    .data               chassis_control.o
    0x20000408   COMPRESSED   0x00000004   Data   RW         2685    .data               track_task.o
    0x2000040c   COMPRESSED   0x0000005c   Data   RW         2804    .data               read_status_task.o
    0x20000468   COMPRESSED   0x00000010   Data   RW         3228    .data               sin.o
    0x20000478   COMPRESSED   0x00000180   Data   RW         3258    .data               usmart_config.o
    0x200005f8   COMPRESSED   0x000000f4   Data   RW         3259    .data               usmart_config.o
    0x200006ec   COMPRESSED   0x0000001c   Data   RW         3380    .data               usmart.o
    0x20000708   COMPRESSED   0x00000004   Data   RW         3431    .data               system_stm32f7xx.o
    0x2000070c   COMPRESSED   0x0000000c   Data   RW         4409    .data               stm32f7xx_hal.o
    0x20000718   COMPRESSED   0x0000003c   Data   RW         7094    .data               tasks.o
    0x20000754   COMPRESSED   0x00000018   Data   RW         7732    .data               heap_4.o
    0x2000076c   COMPRESSED   0x0000000c   Data   RW         7795    .data               port.o
    0x20000778   COMPRESSED   0x00000004   Data   RW         7884    .data               general_interface.o
    0x2000077c        -       0x00000254   Zero   RW          308    .bss                freertos.o
    0x200009d0        -       0x000001c8   Zero   RW          418    .bss                tim.o
    0x20000b98        -       0x000004e0   Zero   RW          507    .bss                usart.o
    0x20001078        -       0x0000004c   Zero   RW          774    .bss                stm32f7xx_hal_timebase_tim.o
    0x200010c4        -       0x0000000b   Zero   RW         1475    .bss                hwt101_imu.o
    0x200010cf   COMPRESSED   0x00000001   PAD
    0x200010d0        -       0x00000048   Zero   RW         1558    .bss                chassis.o
    0x20001118        -       0x000001fc   Zero   RW         1693    .bss                motor.o
    0x20001314        -       0x000000c8   Zero   RW         1884    .bss                uart_handle.o
    0x200013dc        -       0x0000000c   Zero   RW         1938    .bss                delay.o
    0x200013e8        -       0x00000218   Zero   RW         2016    .bss                track_bar_receive.o
    0x20001600        -       0x00000044   Zero   RW         2243    .bss                imu_pid.o
    0x20001644        -       0x00000024   Zero   RW         2306    .bss                avoid_obs.o
    0x20001668        -       0x000000e4   Zero   RW         2375    .bss                tim_control.o
    0x2000174c        -       0x0000000c   Zero   RW         2429    .bss                chassis_control.o
    0x20001758        -       0x00000024   Zero   RW         2801    .bss                read_status_task.o
    0x2000177c        -       0x000000f0   Zero   RW         7093    .bss                tasks.o
    0x2000186c        -       0x00003c00   Zero   RW         7731    .bss                heap_4.o
    0x2000546c        -       0x00000060   Zero   RW         8310    .bss                c_w.l(libspace.o)
    0x200054cc   COMPRESSED   0x00000004   PAD
    0x200054d0        -       0x00000200   Zero   RW         3463    HEAP                startup_stm32f750xx.o
    0x200056d0        -       0x00000400   Zero   RW         3462    STACK               startup_stm32f750xx.o


==============================================================================

Image component sizes


      Code (inc. data)   RO Data    RW Data    ZI Data      Debug   Object Name

       188         38          0          6         36       2135   avoid_obs.o
       884         96          0        108         72       5844   chassis.o
      2152        196        117        112         12      15277   chassis_control.o
        12          0          0          0          0        491   chassis_task.o
       120          0          0          0          0      23213   cmsis_os.o
        24          0          0          0          0       1309   debug_task.o
        20          6          0          0         12       1464   delay.o
        60          4          0          0          0        778   dma.o
         0          0          0          0          0      18868   event_groups.o
       176         12        236         24        596       7426   freertos.o
      5040        136          0          4          0      16512   general_interface.o
       472         30          0          0          0       1175   gpio.o
       480         24          0         24      15360       7527   heap_4.o
       320         82          0         44         11       5806   hwt101_imu.o
       532        110          0         36         68       3759   imu_pid.o
       138          0          0          0          0       3590   list.o
       498         48          0          0          0     869552   main.o
      1588        180          0         64        508      12117   motor.o
       860        164         49         84          0      28349   openmv.o
       538         24          0          0          0       3364   pid.o
       774         80          0         12          0      12021   port.o
       436         78          0         60          0       6164   qr_code.o
      1232         10          0          0          0      14937   queue.o
      2868        420        160         92         36      19229   read_status_task.o
       500        140          0        136          0       6863   servo.o
         0          0          0         16          0        573   sin.o
        64         26        456          0       1536        820   startup_stm32f750xx.o
        64         14          0         12          0       7766   stm32f7xx_hal.o
       158         14          0          0          0      38134   stm32f7xx_hal_cortex.o
       934         16          8          0          0       5711   stm32f7xx_hal_dma.o
       510         60          0          0          0       4539   stm32f7xx_hal_gpio.o
        56          4          0          0          0        858   stm32f7xx_hal_msp.o
       108         10          0          0          0       1308   stm32f7xx_hal_pwr_ex.o
      1420         78          0          0          0       6065   stm32f7xx_hal_rcc.o
      1272         28          0          0          0       2436   stm32f7xx_hal_rcc_ex.o
      3478        288          0          0          0      25105   stm32f7xx_hal_tim.o
       310         36          0          0          0       4164   stm32f7xx_hal_tim_ex.o
       116         16          0          0         76       1423   stm32f7xx_hal_timebase_tim.o
      2342         82          0          0          0      14093   stm32f7xx_hal_uart.o
       258         80          0          0          0      10116   stm32f7xx_it.o
        16          4         24          4          0       1131   system_stm32f7xx.o
      2240        160          0         60        240      26508   tasks.o
      1400        112          0          0        456       6972   tim.o
      2232        118          0         24        228       3698   tim_control.o
       256         32          0         20          0       3513   time_cnt.o
      1660        166          0        292        536      19877   track_bar_receive.o
        48         10          0          4          0        565   track_task.o
       282         34          0         12        200       4385   uart_handle.o
      1384        138          0          0       1248       6851   usart.o
      1592        444        120         28          0       4774   usmart.o
         0          0       1748        628          0       2252   usmart_config.o
      1120         20          0          0          0       9611   usmart_str.o
        20          6          0          0          0        509   usmart_task.o

    ----------------------------------------------------------------------
     43318       3874       2956       1916      21232    1301527   Object Totals
         0          0         32          0          0          0   (incl. Generated)
        66          0          6         10          1          0   (incl. Padding)

    ----------------------------------------------------------------------

      Code (inc. data)   RO Data    RW Data    ZI Data      Debug   Library Member Name

        90          0          0          0          0          0   __dczerorl2.o
         8          0          0          0          0         68   __main.o
       392          4         17          0          0         92   __printf_flags_ss_wp.o
        14          0          0          0          0         68   __printf_wp.o
         0          0          0          0          0          0   __rtentry.o
        12          0          0          0          0          0   __rtentry2.o
         6          0          0          0          0          0   __rtentry4.o
        52          8          0          0          0          0   __scatter.o
        28          0          0          0          0          0   __scatter_zi.o
         6          0          0          0          0          0   _printf_c.o
        44          0          0          0          0        108   _printf_char.o
        48          6          0          0          0         96   _printf_char_common.o
        36          4          0          0          0         80   _printf_char_file.o
         6          0          0          0          0          0   _printf_d.o
       120         16          0          0          0         92   _printf_dec.o
        88          4         40          0          0         88   _printf_hex_int.o
       178          0          0          0          0         88   _printf_intcommon.o
        78          0          0          0          0        108   _printf_pad.o
         0          0          0          0          0          0   _printf_percent.o
         4          0          0          0          0          0   _printf_percent_end.o
         6          0          0          0          0          0   _printf_s.o
        82          0          0          0          0         80   _printf_str.o
         6          0          0          0          0          0   _printf_u.o
         6          0          0          0          0          0   _printf_x.o
        16          0          0          0          0         68   aeabi_memset.o
        18          0          0          0          0         80   exit.o
         8          0          0          0          0         68   ferror.o
         6          0          0          0          0        152   heapauxi.o
         2          0          0          0          0          0   libinit.o
         6          0          0          0          0          0   libinit2.o
         2          0          0          0          0          0   libshutdown.o
         2          0          0          0          0          0   libshutdown2.o
         8          4          0          0         96         68   libspace.o
       238          0          0          0          0        100   lludivv7m.o
        24          4          0          0          0         84   noretval__2printf.o
        68          0          0          0          0         68   rt_memclr.o
        78          0          0          0          0         80   rt_memclr_w.o
       138          0          0          0          0         68   rt_memcpy_v6.o
       100          0          0          0          0         80   rt_memcpy_w.o
         2          0          0          0          0          0   rtexit.o
        10          0          0          0          0          0   rtexit2.o
        74          0          0          0          0         80   sys_stackheap_outer.o
         2          0          0          0          0         68   use_no_semi.o
         2          0          0          0          0         68   use_no_semi_2.o
        24          0          0          0          0        164   basic.o
        98          4          0          0          0        140   d2f.o
       826         16          0          0          0        492   daddsub_clz.o
        24          0          0          0          0        116   dcmpi.o
       688        140          0          0          0        256   ddiv.o
       120          4          0          0          0        140   deqf.o
        94          4          0          0          0        140   dfix.o
        90          4          0          0          0        140   dfixu.o
        84          0          0          0          0        232   dflt_clz.o
       120          4          0          0          0        140   dleqf.o
       340         12          0          0          0        152   dmul.o
       156          4          0          0          0        140   dnaninf.o
        12          0          0          0          0        116   dretinf.o
       108          0          0          0          0        128   drleqf.o
        86          4          0          0          0        132   f2d.o
       140          4          0          0          0        132   fnaninf.o
        10          0          0          0          0        116   fpinit.o
        10          0          0          0          0        116   fretinf.o
         0          0          0          0          0          0   usenofp.o
        20          0          0          0          0        124   fabs.o

    ----------------------------------------------------------------------
      5178        250         60          0        100       5216   Library Totals
        14          0          3          0          4          0   (incl. Padding)

    ----------------------------------------------------------------------

      Code (inc. data)   RO Data    RW Data    ZI Data      Debug   Library Name

      2114         50         57          0         96       2100   c_w.l
      3030        200          0          0          0       2992   fz_wm.l
        20          0          0          0          0        124   m_wm.l

    ----------------------------------------------------------------------
      5178        250         60          0        100       5216   Library Totals

    ----------------------------------------------------------------------

==============================================================================


      Code (inc. data)   RO Data    RW Data    ZI Data      Debug   

     48496       4124       3016       1916      21332    1269351   Grand Totals
     48496       4124       3016        564      21332    1269351   ELF Image Totals (compressed)
     48496       4124       3016        564          0          0   ROM Totals

==============================================================================

    Total RO  Size (Code + RO Data)                51512 (  50.30kB)
    Total RW  Size (RW Data + ZI Data)             23248 (  22.70kB)
    Total ROM Size (Code + RO Data + RW Data)      52076 (  50.86kB)

==============================================================================

