<html>
<body>
<pre>
<h1>µVision Build Log</h1>
<h2>Tool Versions:</h2>
IDE-Version: ¦ÌVision V5.28.0.0
Copyright (C) 2019 ARM Ltd and ARM Germany GmbH. All rights reserved.
License Information: lyh lyh, HP Inc., LIC=ZB4EI-TNANN-PC7J8-3YJKJ-AHNEM-B389R
 
Tool Versions:
Toolchain:       MDK-ARM Plus  Version: 5.28.0.0
Toolchain Path:  D:\32\ARM\ARMCC\Bin
C Compiler:      Armcc.exe V5.06 update 6 (build 750)
Assembler:       Armasm.exe V5.06 update 6 (build 750)
Linker/Locator:  ArmLink.exe V5.06 update 6 (build 750)
Library Manager: ArmAr.exe V5.06 update 6 (build 750)
Hex Converter:   FromElf.exe V5.06 update 6 (build 750)
CPU DLL:         SARMCM3.DLL V5.28.0.0
Dialog DLL:      DCM.DLL V1.17.3.0
Target DLL:      CMSIS_AGDI.dll V1.31.18.0
Dialog DLL:      TCM.DLL V1.36.2.0
 
<h2>Project:</h2>
D:\360downloads\try-main\try-main\robot base\MDK-ARM\motor.uvprojx
Project File Date:  05/21/2024

<h2>Output:</h2>
*** Using Compiler 'V5.06 update 6 (build 750)', folder: 'D:\32\ARM\ARMCC\Bin'
Build target 'motor'
compiling main.c...
compiling chassis.c...
..\Driver\chassis.c(144): warning:  #550-D: variable "fn"  was set but never used
      short fn;
..\Driver\chassis.c: 1 warning, 0 errors
compiling general.c...
compiling HWT101_imu.c...
compiling gpio.c...
compiling stm32f7xx_it.c...
compiling motor.c...
compiling debug_task.c...
..\TASK\debug_task.c(65): warning:  #128-D: loop is not reachable
       while(1)
..\TASK\debug_task.c: 1 warning, 0 errors
compiling track_bar_receive.c...
..\Driver\track_bar_receive.c(661): warning:  #550-D: variable "flag"  was set but never used
     int flag;
..\Driver\track_bar_receive.c: 1 warning, 0 errors
compiling chassis_control.c...
compiling imu_pid.c...
compiling usmart_config.c...
compiling read_status_task.c...
..\TASK\read_status_task.c(481): warning:  #111-D: statement is unreachable
  			break;
..\TASK\read_status_task.c(487): warning:  #111-D: statement is unreachable
  			break;
..\TASK\read_status_task.c(493): warning:  #111-D: statement is unreachable
  			break;
..\TASK\read_status_task.c(499): warning:  #111-D: statement is unreachable
  			break;
..\TASK\read_status_task.c(505): warning:  #111-D: statement is unreachable
  			break;
..\TASK\read_status_task.c(511): warning:  #111-D: statement is unreachable
  			break;
..\TASK\read_status_task.c(517): warning:  #111-D: statement is unreachable
  			break;
..\TASK\read_status_task.c(523): warning:  #111-D: statement is unreachable
  			break;
..\TASK\read_status_task.c(529): warning:  #111-D: statement is unreachable
  			break;
..\TASK\read_status_task.c(534): warning:  #940-D: missing return statement at end of non-void function "Get_Hw" 
  }
..\TASK\read_status_task.c(1180): warning:  #188-D: enumerated type mixed with another type
  	Set_QR_Target(Target_color);
..\TASK\read_status_task.c(1166): warning:  #177-D: variable "once_run"  was declared but never referenced
      int once_run = 1;
..\TASK\read_status_task.c: 12 warnings, 0 errors
compiling general_interface.c...
..\Appliciation\general_interface.c(948): warning:  #177-D: variable "i"  was declared but never referenced
  	int i = 0;
..\Appliciation\general_interface.c(1049): warning:  #177-D: variable "i"  was declared but never referenced
  int i = 0;
..\Appliciation\general_interface.c: 2 warnings, 0 errors
linking...
Program Size: Code=48496 RO-data=3016 RW-data=1916 ZI-data=21332  
FromELF: creating hex file...
"motor\motor.axf" - 0 Error(s), 17 Warning(s).

<h2>Software Packages used:</h2>

Package Vendor: ARM
                http://www.keil.com/pack/ARM.CMSIS.5.5.1.pack
                ARM.CMSIS.5.5.1
                CMSIS (Cortex Microcontroller Software Interface Standard)
   * Component: CORE Version: 5.2.0

Package Vendor: Keil
                https://www.keil.com/pack/Keil.STM32F7xx_DFP.2.15.1.pack
                Keil.STM32F7xx_DFP.2.15.1
                STMicroelectronics STM32F7 Series Device Support, Drivers and Examples

<h2>Collection of Component include folders:</h2>
  .\RTE\_motor
  D:\32\ARM\CMSIS\5.5.1\CMSIS\Core\Include
  D:\32\Keil\STM32F7xx_DFP\2.15.1\Drivers\CMSIS\Device\ST\STM32F7xx\Include

<h2>Collection of Component Files used:</h2>

   * Component: ARM::CMSIS:CORE:5.2.0
Build Time Elapsed:  00:00:11
</pre>
</body>
</html>
