<!doctype html public "-//w3c//dtd html 4.0 transitional//en">
<html><head>
<title>Static Call Graph - [motor\motor.axf]</title></head>
<body><HR>
<H1>Static Call Graph for image motor\motor.axf</H1><HR>
<BR><P>#&#060CALLGRAPH&#062# ARM Linker, 5060750: Last Updated: Tue May 21 23:28:06 2024
<BR><P>
<H3>Maximum Stack Usage =        364 bytes + Unknown(Functions without stacksize, Cycles, Untraceable Function Pointers)</H3><H3>
Call chain for Maximum Stack Depth:</H3>
usmart_cmd_rec &rArr; usmart_get_fparam &rArr; usmart_str2num
<P>
<H3>
Functions with no stack information
</H3><UL>
 <LI><a href="#[e5]">__user_initial_stackheap</a>
</UL>
</UL>
<P>
<H3>
Mutually Recursive functions
</H3> <LI><a href="#[52]">ADC_IRQHandler</a>&nbsp;&nbsp;&nbsp;&rArr;&nbsp;&nbsp;&nbsp;<a href="#[52]">ADC_IRQHandler</a><BR>
 <LI><a href="#[3a]">BusFault_Handler</a>&nbsp;&nbsp;&nbsp;&rArr;&nbsp;&nbsp;&nbsp;<a href="#[3a]">BusFault_Handler</a><BR>
 <LI><a href="#[38]">HardFault_Handler</a>&nbsp;&nbsp;&nbsp;&rArr;&nbsp;&nbsp;&nbsp;<a href="#[38]">HardFault_Handler</a><BR>
 <LI><a href="#[39]">MemManage_Handler</a>&nbsp;&nbsp;&nbsp;&rArr;&nbsp;&nbsp;&nbsp;<a href="#[39]">MemManage_Handler</a><BR>
 <LI><a href="#[37]">NMI_Handler</a>&nbsp;&nbsp;&nbsp;&rArr;&nbsp;&nbsp;&nbsp;<a href="#[37]">NMI_Handler</a><BR>
 <LI><a href="#[ab]">StartDefaultTask</a>&nbsp;&nbsp;&nbsp;&rArr;&nbsp;&nbsp;&nbsp;<a href="#[ab]">StartDefaultTask</a><BR>
 <LI><a href="#[ac]">Startdebug</a>&nbsp;&nbsp;&nbsp;&rArr;&nbsp;&nbsp;&nbsp;<a href="#[ac]">Startdebug</a><BR>
 <LI><a href="#[3b]">UsageFault_Handler</a>&nbsp;&nbsp;&nbsp;&rArr;&nbsp;&nbsp;&nbsp;<a href="#[3b]">UsageFault_Handler</a><BR>
 <LI><a href="#[ad]">chassis_task</a>&nbsp;&nbsp;&nbsp;&rArr;&nbsp;&nbsp;&nbsp;<a href="#[ad]">chassis_task</a><BR>
 <LI><a href="#[1eb]">usmart_strcmp</a>&nbsp;&nbsp;&nbsp;&rArr;&nbsp;&nbsp;&nbsp;<a href="#[1eb]">usmart_strcmp</a><BR>
 <LI><a href="#[1f2]">usmart_strcopy</a>&nbsp;&nbsp;&nbsp;&rArr;&nbsp;&nbsp;&nbsp;<a href="#[1f2]">usmart_strcopy</a><BR>
 <LI><a href="#[1ee]">usmart_search_nextc</a>&nbsp;&nbsp;&nbsp;&rArr;&nbsp;&nbsp;&nbsp;<a href="#[1ee]">usmart_search_nextc</a><BR>
</UL>
<P>
<H3>
Function Pointers
</H3><UL>
 <LI><a href="#[52]">ADC_IRQHandler</a> from startup_stm32f750xx.o(.text) referenced from startup_stm32f750xx.o(RESET)
 <LI><a href="#[1a]">ActionGroup</a> from servo.o(i.ActionGroup) referenced 2 times from usmart_config.o(.data)
 <LI><a href="#[b0]">BarTextTask</a> from track_bar_receive.o(i.BarTextTask) referenced from freertos.o(.constdata)
 <LI><a href="#[b4]">BooTask</a> from chassis_control.o(i.BooTask) referenced from chassis_control.o(.constdata)
 <LI><a href="#[3a]">BusFault_Handler</a> from stm32f7xx_it.o(i.BusFault_Handler) referenced from startup_stm32f750xx.o(RESET)
 <LI><a href="#[54]">CAN1_RX0_IRQHandler</a> from startup_stm32f750xx.o(.text) referenced from startup_stm32f750xx.o(RESET)
 <LI><a href="#[55]">CAN1_RX1_IRQHandler</a> from startup_stm32f750xx.o(.text) referenced from startup_stm32f750xx.o(RESET)
 <LI><a href="#[56]">CAN1_SCE_IRQHandler</a> from startup_stm32f750xx.o(.text) referenced from startup_stm32f750xx.o(RESET)
 <LI><a href="#[53]">CAN1_TX_IRQHandler</a> from startup_stm32f750xx.o(.text) referenced from startup_stm32f750xx.o(RESET)
 <LI><a href="#[80]">CAN2_RX0_IRQHandler</a> from startup_stm32f750xx.o(.text) referenced from startup_stm32f750xx.o(RESET)
 <LI><a href="#[81]">CAN2_RX1_IRQHandler</a> from startup_stm32f750xx.o(.text) referenced from startup_stm32f750xx.o(RESET)
 <LI><a href="#[82]">CAN2_SCE_IRQHandler</a> from startup_stm32f750xx.o(.text) referenced from startup_stm32f750xx.o(RESET)
 <LI><a href="#[7f]">CAN2_TX_IRQHandler</a> from startup_stm32f750xx.o(.text) referenced from startup_stm32f750xx.o(RESET)
 <LI><a href="#[9e]">CEC_IRQHandler</a> from startup_stm32f750xx.o(.text) referenced from startup_stm32f750xx.o(RESET)
 <LI><a href="#[8f]">CRYP_IRQHandler</a> from startup_stm32f750xx.o(.text) referenced from startup_stm32f750xx.o(RESET)
 <LI><a href="#[f]">Circle_around</a> from chassis_control.o(i.Circle_around) referenced 4 times from usmart_config.o(.data)
 <LI><a href="#[8e]">DCMI_IRQHandler</a> from startup_stm32f750xx.o(.text) referenced from startup_stm32f750xx.o(RESET)
 <LI><a href="#[4b]">DMA1_Stream0_IRQHandler</a> from startup_stm32f750xx.o(.text) referenced from startup_stm32f750xx.o(RESET)
 <LI><a href="#[4c]">DMA1_Stream1_IRQHandler</a> from stm32f7xx_it.o(i.DMA1_Stream1_IRQHandler) referenced from startup_stm32f750xx.o(RESET)
 <LI><a href="#[4d]">DMA1_Stream2_IRQHandler</a> from startup_stm32f750xx.o(.text) referenced from startup_stm32f750xx.o(RESET)
 <LI><a href="#[4e]">DMA1_Stream3_IRQHandler</a> from stm32f7xx_it.o(i.DMA1_Stream3_IRQHandler) referenced from startup_stm32f750xx.o(RESET)
 <LI><a href="#[4f]">DMA1_Stream4_IRQHandler</a> from startup_stm32f750xx.o(.text) referenced from startup_stm32f750xx.o(RESET)
 <LI><a href="#[50]">DMA1_Stream5_IRQHandler</a> from startup_stm32f750xx.o(.text) referenced from startup_stm32f750xx.o(RESET)
 <LI><a href="#[51]">DMA1_Stream6_IRQHandler</a> from startup_stm32f750xx.o(.text) referenced from startup_stm32f750xx.o(RESET)
 <LI><a href="#[6f]">DMA1_Stream7_IRQHandler</a> from startup_stm32f750xx.o(.text) referenced from startup_stm32f750xx.o(RESET)
 <LI><a href="#[9a]">DMA2D_IRQHandler</a> from startup_stm32f750xx.o(.text) referenced from startup_stm32f750xx.o(RESET)
 <LI><a href="#[78]">DMA2_Stream0_IRQHandler</a> from startup_stm32f750xx.o(.text) referenced from startup_stm32f750xx.o(RESET)
 <LI><a href="#[79]">DMA2_Stream1_IRQHandler</a> from startup_stm32f750xx.o(.text) referenced from startup_stm32f750xx.o(RESET)
 <LI><a href="#[7a]">DMA2_Stream2_IRQHandler</a> from startup_stm32f750xx.o(.text) referenced from startup_stm32f750xx.o(RESET)
 <LI><a href="#[7b]">DMA2_Stream3_IRQHandler</a> from startup_stm32f750xx.o(.text) referenced from startup_stm32f750xx.o(RESET)
 <LI><a href="#[7c]">DMA2_Stream4_IRQHandler</a> from startup_stm32f750xx.o(.text) referenced from startup_stm32f750xx.o(RESET)
 <LI><a href="#[84]">DMA2_Stream5_IRQHandler</a> from startup_stm32f750xx.o(.text) referenced from startup_stm32f750xx.o(RESET)
 <LI><a href="#[85]">DMA2_Stream6_IRQHandler</a> from startup_stm32f750xx.o(.text) referenced from startup_stm32f750xx.o(RESET)
 <LI><a href="#[86]">DMA2_Stream7_IRQHandler</a> from startup_stm32f750xx.o(.text) referenced from startup_stm32f750xx.o(RESET)
 <LI><a href="#[3d]">DebugMon_Handler</a> from stm32f7xx_it.o(i.DebugMon_Handler) referenced from startup_stm32f750xx.o(RESET)
 <LI><a href="#[2b]">Dump_RoundRing</a> from general_interface.o(i.Dump_RoundRing) referenced 2 times from usmart_config.o(.data)
 <LI><a href="#[28]">Dump_ball</a> from general_interface.o(i.Dump_ball) referenced 2 times from usmart_config.o(.data)
 <LI><a href="#[2a]">Dump_block</a> from general_interface.o(i.Dump_block) referenced 2 times from usmart_config.o(.data)
 <LI><a href="#[7d]">ETH_IRQHandler</a> from startup_stm32f750xx.o(.text) referenced from startup_stm32f750xx.o(RESET)
 <LI><a href="#[7e]">ETH_WKUP_IRQHandler</a> from startup_stm32f750xx.o(.text) referenced from startup_stm32f750xx.o(RESET)
 <LI><a href="#[46]">EXTI0_IRQHandler</a> from startup_stm32f750xx.o(.text) referenced from startup_stm32f750xx.o(RESET)
 <LI><a href="#[68]">EXTI15_10_IRQHandler</a> from stm32f7xx_it.o(i.EXTI15_10_IRQHandler) referenced from startup_stm32f750xx.o(RESET)
 <LI><a href="#[47]">EXTI1_IRQHandler</a> from startup_stm32f750xx.o(.text) referenced from startup_stm32f750xx.o(RESET)
 <LI><a href="#[48]">EXTI2_IRQHandler</a> from startup_stm32f750xx.o(.text) referenced from startup_stm32f750xx.o(RESET)
 <LI><a href="#[49]">EXTI3_IRQHandler</a> from startup_stm32f750xx.o(.text) referenced from startup_stm32f750xx.o(RESET)
 <LI><a href="#[4a]">EXTI4_IRQHandler</a> from startup_stm32f750xx.o(.text) referenced from startup_stm32f750xx.o(RESET)
 <LI><a href="#[57]">EXTI9_5_IRQHandler</a> from startup_stm32f750xx.o(.text) referenced from startup_stm32f750xx.o(RESET)
 <LI><a href="#[b3]">EncoderTask</a> from chassis_control.o(i.EncoderTask) referenced from chassis_control.o(.constdata)
 <LI><a href="#[44]">FLASH_IRQHandler</a> from startup_stm32f750xx.o(.text) referenced from startup_stm32f750xx.o(RESET)
 <LI><a href="#[70]">FMC_IRQHandler</a> from startup_stm32f750xx.o(.text) referenced from startup_stm32f750xx.o(RESET)
 <LI><a href="#[91]">FPU_IRQHandler</a> from startup_stm32f750xx.o(.text) referenced from startup_stm32f750xx.o(RESET)
 <LI><a href="#[22]">Get_HW1</a> from track_bar_receive.o(i.Get_HW1) referenced 2 times from usmart_config.o(.data)
 <LI><a href="#[4]">Get_Yaw</a> from hwt101_imu.o(i.Get_Yaw) referenced 2 times from hwt101_imu.o(.data)
 <LI><a href="#[90]">HASH_RNG_IRQHandler</a> from startup_stm32f750xx.o(.text) referenced from startup_stm32f750xx.o(RESET)
 <LI><a href="#[23]">HWSwitch_Move</a> from read_status_task.o(i.HWSwitch_Move) referenced 2 times from usmart_config.o(.data)
 <LI><a href="#[38]">HardFault_Handler</a> from stm32f7xx_it.o(i.HardFault_Handler) referenced from startup_stm32f750xx.o(RESET)
 <LI><a href="#[b5]">HeightUpdate_Task</a> from read_status_task.o(i.HeightUpdate_Task) referenced from read_status_task.o(.constdata)
 <LI><a href="#[60]">I2C1_ER_IRQHandler</a> from startup_stm32f750xx.o(.text) referenced from startup_stm32f750xx.o(RESET)
 <LI><a href="#[5f]">I2C1_EV_IRQHandler</a> from startup_stm32f750xx.o(.text) referenced from startup_stm32f750xx.o(RESET)
 <LI><a href="#[62]">I2C2_ER_IRQHandler</a> from startup_stm32f750xx.o(.text) referenced from startup_stm32f750xx.o(RESET)
 <LI><a href="#[61]">I2C2_EV_IRQHandler</a> from startup_stm32f750xx.o(.text) referenced from startup_stm32f750xx.o(RESET)
 <LI><a href="#[89]">I2C3_ER_IRQHandler</a> from startup_stm32f750xx.o(.text) referenced from startup_stm32f750xx.o(RESET)
 <LI><a href="#[88]">I2C3_EV_IRQHandler</a> from startup_stm32f750xx.o(.text) referenced from startup_stm32f750xx.o(RESET)
 <LI><a href="#[a0]">I2C4_ER_IRQHandler</a> from startup_stm32f750xx.o(.text) referenced from startup_stm32f750xx.o(RESET)
 <LI><a href="#[9f]">I2C4_EV_IRQHandler</a> from startup_stm32f750xx.o(.text) referenced from startup_stm32f750xx.o(RESET)
 <LI><a href="#[1d]">Judge_Side</a> from read_status_task.o(i.Judge_Side) referenced 2 times from usmart_config.o(.data)
 <LI><a href="#[9d]">LPTIM1_IRQHandler</a> from startup_stm32f750xx.o(.text) referenced from startup_stm32f750xx.o(RESET)
 <LI><a href="#[99]">LTDC_ER_IRQHandler</a> from startup_stm32f750xx.o(.text) referenced from startup_stm32f750xx.o(RESET)
 <LI><a href="#[98]">LTDC_IRQHandler</a> from startup_stm32f750xx.o(.text) referenced from startup_stm32f750xx.o(RESET)
 <LI><a href="#[2f]">Ladder_process</a> from read_status_task.o(i.Ladder_process) referenced 2 times from usmart_config.o(.data)
 <LI><a href="#[b2]">LineTask</a> from chassis_control.o(i.LineTask) referenced from chassis_control.o(.constdata)
 <LI><a href="#[b1]">MV_QueryTaskFunc</a> from openmv.o(i.MV_QueryTaskFunc) referenced from openmv.o(.constdata)
 <LI><a href="#[15]">MV_SendCmd</a> from openmv.o(i.MV_SendCmd) referenced 2 times from usmart_config.o(.data)
 <LI><a href="#[13]">MV_Start</a> from openmv.o(i.MV_Start) referenced 2 times from usmart_config.o(.data)
 <LI><a href="#[14]">MV_Stop</a> from openmv.o(i.MV_Stop) referenced 2 times from usmart_config.o(.data)
 <LI><a href="#[39]">MemManage_Handler</a> from stm32f7xx_it.o(i.MemManage_Handler) referenced from startup_stm32f750xx.o(RESET)
 <LI><a href="#[1b]">Move_CountBar</a> from general_interface.o(i.Move_CountBar) referenced 2 times from usmart_config.o(.data)
 <LI><a href="#[31]">Move_inch</a> from general_interface.o(i.Move_inch) referenced 2 times from usmart_config.o(.data)
 <LI><a href="#[37]">NMI_Handler</a> from stm32f7xx_it.o(i.NMI_Handler) referenced from startup_stm32f750xx.o(RESET)
 <LI><a href="#[83]">OTG_FS_IRQHandler</a> from startup_stm32f750xx.o(.text) referenced from startup_stm32f750xx.o(RESET)
 <LI><a href="#[6a]">OTG_FS_WKUP_IRQHandler</a> from startup_stm32f750xx.o(.text) referenced from startup_stm32f750xx.o(RESET)
 <LI><a href="#[8b]">OTG_HS_EP1_IN_IRQHandler</a> from startup_stm32f750xx.o(.text) referenced from startup_stm32f750xx.o(RESET)
 <LI><a href="#[8a]">OTG_HS_EP1_OUT_IRQHandler</a> from startup_stm32f750xx.o(.text) referenced from startup_stm32f750xx.o(RESET)
 <LI><a href="#[8d]">OTG_HS_IRQHandler</a> from startup_stm32f750xx.o(.text) referenced from startup_stm32f750xx.o(RESET)
 <LI><a href="#[8c]">OTG_HS_WKUP_IRQHandler</a> from startup_stm32f750xx.o(.text) referenced from startup_stm32f750xx.o(RESET)
 <LI><a href="#[41]">PVD_IRQHandler</a> from startup_stm32f750xx.o(.text) referenced from startup_stm32f750xx.o(RESET)
 <LI><a href="#[3e]">PendSV_Handler</a> from port.o(.emb_text) referenced from startup_stm32f750xx.o(RESET)
 <LI><a href="#[9c]">QUADSPI_IRQHandler</a> from startup_stm32f750xx.o(.text) referenced from startup_stm32f750xx.o(RESET)
 <LI><a href="#[45]">RCC_IRQHandler</a> from startup_stm32f750xx.o(.text) referenced from startup_stm32f750xx.o(RESET)
 <LI><a href="#[69]">RTC_Alarm_IRQHandler</a> from startup_stm32f750xx.o(.text) referenced from startup_stm32f750xx.o(RESET)
 <LI><a href="#[43]">RTC_WKUP_IRQHandler</a> from startup_stm32f750xx.o(.text) referenced from startup_stm32f750xx.o(RESET)
 <LI><a href="#[b6]">Read_Swicth</a> from read_status_task.o(i.Read_Swicth) referenced from read_status_task.o(.constdata)
 <LI><a href="#[36]">Reset_Handler</a> from startup_stm32f750xx.o(.text) referenced from startup_stm32f750xx.o(RESET)
 <LI><a href="#[2c]">Restart_Ladder</a> from general_interface.o(i.Restart_Ladder) referenced 2 times from usmart_config.o(.data)
 <LI><a href="#[97]">SAI1_IRQHandler</a> from startup_stm32f750xx.o(.text) referenced from startup_stm32f750xx.o(RESET)
 <LI><a href="#[9b]">SAI2_IRQHandler</a> from startup_stm32f750xx.o(.text) referenced from startup_stm32f750xx.o(RESET)
 <LI><a href="#[71]">SDMMC1_IRQHandler</a> from startup_stm32f750xx.o(.text) referenced from startup_stm32f750xx.o(RESET)
 <LI><a href="#[a1]">SPDIF_RX_IRQHandler</a> from startup_stm32f750xx.o(.text) referenced from startup_stm32f750xx.o(RESET)
 <LI><a href="#[63]">SPI1_IRQHandler</a> from startup_stm32f750xx.o(.text) referenced from startup_stm32f750xx.o(RESET)
 <LI><a href="#[64]">SPI2_IRQHandler</a> from startup_stm32f750xx.o(.text) referenced from startup_stm32f750xx.o(RESET)
 <LI><a href="#[73]">SPI3_IRQHandler</a> from startup_stm32f750xx.o(.text) referenced from startup_stm32f750xx.o(RESET)
 <LI><a href="#[94]">SPI4_IRQHandler</a> from startup_stm32f750xx.o(.text) referenced from startup_stm32f750xx.o(RESET)
 <LI><a href="#[95]">SPI5_IRQHandler</a> from startup_stm32f750xx.o(.text) referenced from startup_stm32f750xx.o(RESET)
 <LI><a href="#[96]">SPI6_IRQHandler</a> from startup_stm32f750xx.o(.text) referenced from startup_stm32f750xx.o(RESET)
 <LI><a href="#[3c]">SVC_Handler</a> from port.o(.emb_text) referenced from startup_stm32f750xx.o(RESET)
 <LI><a href="#[24]">Set_IMUStatus</a> from hwt101_imu.o(i.Set_IMUStatus) referenced 2 times from usmart_config.o(.data)
 <LI><a href="#[18]">Set_InitYaw</a> from hwt101_imu.o(i.Set_InitYaw) referenced 4 times from usmart_config.o(.data)
 <LI><a href="#[10]">Set_QueryState</a> from openmv.o(i.Set_QueryState) referenced 2 times from usmart_config.o(.data)
 <LI><a href="#[ab]">StartDefaultTask</a> from freertos.o(i.StartDefaultTask) referenced from freertos.o(.constdata)
 <LI><a href="#[1c]">Start_HeightUpdate</a> from read_status_task.o(i.Start_HeightUpdate) referenced 2 times from usmart_config.o(.data)
 <LI><a href="#[1e]">Start_Read_Switch</a> from read_status_task.o(i.Start_Read_Switch) referenced 2 times from usmart_config.o(.data)
 <LI><a href="#[ac]">Startdebug</a> from debug_task.o(i.Startdebug) referenced from freertos.o(.constdata)
 <LI><a href="#[3f]">SysTick_Handler</a> from port.o(i.SysTick_Handler) referenced from startup_stm32f750xx.o(RESET)
 <LI><a href="#[a2]">SystemInit</a> from system_stm32f7xx.o(i.SystemInit) referenced from startup_stm32f750xx.o(.text)
 <LI><a href="#[42]">TAMP_STAMP_IRQHandler</a> from startup_stm32f750xx.o(.text) referenced from startup_stm32f750xx.o(RESET)
 <LI><a href="#[58]">TIM1_BRK_TIM9_IRQHandler</a> from startup_stm32f750xx.o(.text) referenced from startup_stm32f750xx.o(RESET)
 <LI><a href="#[5b]">TIM1_CC_IRQHandler</a> from startup_stm32f750xx.o(.text) referenced from startup_stm32f750xx.o(RESET)
 <LI><a href="#[5a]">TIM1_TRG_COM_TIM11_IRQHandler</a> from startup_stm32f750xx.o(.text) referenced from startup_stm32f750xx.o(RESET)
 <LI><a href="#[59]">TIM1_UP_TIM10_IRQHandler</a> from stm32f7xx_it.o(i.TIM1_UP_TIM10_IRQHandler) referenced from startup_stm32f750xx.o(RESET)
 <LI><a href="#[5c]">TIM2_IRQHandler</a> from startup_stm32f750xx.o(.text) referenced from startup_stm32f750xx.o(RESET)
 <LI><a href="#[5d]">TIM3_IRQHandler</a> from stm32f7xx_it.o(i.TIM3_IRQHandler) referenced from startup_stm32f750xx.o(RESET)
 <LI><a href="#[5e]">TIM4_IRQHandler</a> from startup_stm32f750xx.o(.text) referenced from startup_stm32f750xx.o(RESET)
 <LI><a href="#[72]">TIM5_IRQHandler</a> from stm32f7xx_it.o(i.TIM5_IRQHandler) referenced from startup_stm32f750xx.o(RESET)
 <LI><a href="#[76]">TIM6_DAC_IRQHandler</a> from stm32f7xx_it.o(i.TIM6_DAC_IRQHandler) referenced from startup_stm32f750xx.o(RESET)
 <LI><a href="#[77]">TIM7_IRQHandler</a> from stm32f7xx_it.o(i.TIM7_IRQHandler) referenced from startup_stm32f750xx.o(RESET)
 <LI><a href="#[6b]">TIM8_BRK_TIM12_IRQHandler</a> from startup_stm32f750xx.o(.text) referenced from startup_stm32f750xx.o(RESET)
 <LI><a href="#[6e]">TIM8_CC_IRQHandler</a> from startup_stm32f750xx.o(.text) referenced from startup_stm32f750xx.o(RESET)
 <LI><a href="#[6d]">TIM8_TRG_COM_TIM14_IRQHandler</a> from startup_stm32f750xx.o(.text) referenced from startup_stm32f750xx.o(RESET)
 <LI><a href="#[6c]">TIM8_UP_TIM13_IRQHandler</a> from startup_stm32f750xx.o(.text) referenced from startup_stm32f750xx.o(RESET)
 <LI><a href="#[19]">Turn_angle</a> from imu_pid.o(i.Turn_angle) referenced 2 times from usmart_config.o(.data)
 <LI><a href="#[74]">UART4_IRQHandler</a> from stm32f7xx_it.o(i.UART4_IRQHandler) referenced from startup_stm32f750xx.o(RESET)
 <LI><a href="#[75]">UART5_IRQHandler</a> from stm32f7xx_it.o(i.UART5_IRQHandler) referenced from startup_stm32f750xx.o(RESET)
 <LI><a href="#[92]">UART7_IRQHandler</a> from stm32f7xx_it.o(i.UART7_IRQHandler) referenced from startup_stm32f750xx.o(RESET)
 <LI><a href="#[93]">UART8_IRQHandler</a> from startup_stm32f750xx.o(.text) referenced from startup_stm32f750xx.o(RESET)
 <LI><a href="#[a6]">UART_DMAAbortOnError</a> from stm32f7xx_hal_uart.o(i.UART_DMAAbortOnError) referenced from stm32f7xx_hal_uart.o(i.HAL_UART_IRQHandler)
 <LI><a href="#[a8]">UART_RxISR_16BIT</a> from stm32f7xx_hal_uart.o(i.UART_RxISR_16BIT) referenced from stm32f7xx_hal_uart.o(i.UART_Start_Receive_IT)
 <LI><a href="#[a7]">UART_RxISR_8BIT</a> from stm32f7xx_hal_uart.o(i.UART_RxISR_8BIT) referenced from stm32f7xx_hal_uart.o(i.UART_Start_Receive_IT)
 <LI><a href="#[65]">USART1_IRQHandler</a> from stm32f7xx_it.o(i.USART1_IRQHandler) referenced from startup_stm32f750xx.o(RESET)
 <LI><a href="#[66]">USART2_IRQHandler</a> from stm32f7xx_it.o(i.USART2_IRQHandler) referenced from startup_stm32f750xx.o(RESET)
 <LI><a href="#[67]">USART3_IRQHandler</a> from stm32f7xx_it.o(i.USART3_IRQHandler) referenced from startup_stm32f750xx.o(RESET)
 <LI><a href="#[87]">USART6_IRQHandler</a> from stm32f7xx_it.o(i.USART6_IRQHandler) referenced from startup_stm32f750xx.o(RESET)
 <LI><a href="#[3b]">UsageFault_Handler</a> from stm32f7xx_it.o(i.UsageFault_Handler) referenced from startup_stm32f750xx.o(RESET)
 <LI><a href="#[40]">WWDG_IRQHandler</a> from startup_stm32f750xx.o(.text) referenced from startup_stm32f750xx.o(RESET)
 <LI><a href="#[16]">Wait_Switches</a> from read_status_task.o(i.Wait_Switches) referenced 2 times from usmart_config.o(.data)
 <LI><a href="#[20]">Wait_Switches_Time</a> from read_status_task.o(i.Wait_Switches_Time) referenced 2 times from usmart_config.o(.data)
 <LI><a href="#[b7]">__main</a> from __main.o(!!!main) referenced from startup_stm32f750xx.o(.text)
 <LI><a href="#[a5]">_printf_input_char</a> from _printf_char_common.o(.text) referenced from _printf_char_common.o(.text)
 <LI><a href="#[1f]">blue_all</a> from general_interface.o(i.blue_all) referenced 2 times from usmart_config.o(.data)
 <LI><a href="#[21]">change_w_error</a> from chassis.o(i.change_w_error) referenced 2 times from usmart_config.o(.data)
 <LI><a href="#[ad]">chassis_task</a> from chassis_task.o(i.chassis_task) referenced from freertos.o(.constdata)
 <LI><a href="#[29]">control_ball</a> from general_interface.o(i.control_ball) referenced 4 times from usmart_config.o(.data)
 <LI><a href="#[a4]">fputc</a> from uart_handle.o(i.fputc) referenced from _printf_char_file.o(.text)
 <LI><a href="#[25]">go_yuan</a> from chassis.o(i.go_yuan) referenced 2 times from usmart_config.o(.data)
 <LI><a href="#[12]">move_by_encoder</a> from chassis_control.o(i.move_by_encoder) referenced 2 times from usmart_config.o(.data)
 <LI><a href="#[aa]">prvIdleTask</a> from tasks.o(i.prvIdleTask) referenced from tasks.o(i.vTaskStartScheduler)
 <LI><a href="#[a9]">prvTaskExitError</a> from port.o(i.prvTaskExitError) referenced from port.o(i.pxPortInitialiseStack)
 <LI><a href="#[26]">run_blue</a> from general_interface.o(i.run_blue) referenced 2 times from usmart_config.o(.data)
 <LI><a href="#[2e]">run_home</a> from general_interface.o(i.run_home) referenced 2 times from usmart_config.o(.data)
 <LI><a href="#[2d]">run_ladder</a> from general_interface.o(i.run_ladder) referenced 2 times from usmart_config.o(.data)
 <LI><a href="#[27]">run_red</a> from general_interface.o(i.run_red) referenced 2 times from usmart_config.o(.data)
 <LI><a href="#[30]">run_round</a> from general_interface.o(i.run_round) referenced 2 times from usmart_config.o(.data)
 <LI><a href="#[5]">set_debug_motor</a> from motor.o(i.set_debug_motor) referenced 2 times from usmart_config.o(.data)
 <LI><a href="#[6]">set_debug_speed</a> from motor.o(i.set_debug_speed) referenced 2 times from usmart_config.o(.data)
 <LI><a href="#[e]">set_imu_param</a> from imu_pid.o(i.set_imu_param) referenced 2 times from usmart_config.o(.data)
 <LI><a href="#[17]">set_imu_status</a> from imu_pid.o(i.set_imu_status) referenced 2 times from usmart_config.o(.data)
 <LI><a href="#[a]">set_motor</a> from motor.o(i.set_motor) referenced 2 times from usmart_config.o(.data)
 <LI><a href="#[b]">set_motor_debug</a> from motor.o(i.set_motor_debug) referenced 2 times from usmart_config.o(.data)
 <LI><a href="#[8]">set_motor_maxparam</a> from motor.o(i.set_motor_maxparam) referenced 2 times from usmart_config.o(.data)
 <LI><a href="#[7]">set_motor_pid</a> from motor.o(i.set_motor_pid) referenced 2 times from usmart_config.o(.data)
 <LI><a href="#[9]">set_motor_pid1</a> from motor.o(i.set_motor_pid1) referenced 2 times from usmart_config.o(.data)
 <LI><a href="#[11]">set_speed</a> from chassis.o(i.set_speed) referenced 2 times from usmart_config.o(.data)
 <LI><a href="#[c]">set_track_pid</a> from track_bar_receive.o(i.set_track_pid) referenced 2 times from usmart_config.o(.data)
 <LI><a href="#[ae]">track_scan</a> from track_task.o(i.track_scan) referenced from freertos.o(.constdata)
 <LI><a href="#[d]">track_status</a> from track_bar_receive.o(i.track_status) referenced 2 times from usmart_config.o(.data)
 <LI><a href="#[33]">usmart_cmd_rec</a> from usmart.o(i.usmart_cmd_rec) referenced 2 times from usmart_config.o(.data)
 <LI><a href="#[34]">usmart_exe</a> from usmart.o(i.usmart_exe) referenced 2 times from usmart_config.o(.data)
 <LI><a href="#[32]">usmart_init</a> from usmart.o(i.usmart_init) referenced 2 times from usmart_config.o(.data)
 <LI><a href="#[35]">usmart_scan</a> from usmart.o(i.usmart_scan) referenced 2 times from usmart_config.o(.data)
 <LI><a href="#[af]">usmartscan</a> from usmart_task.o(i.usmartscan) referenced from freertos.o(.constdata)
</UL>
<P>
<H3>
Global Symbols
</H3>
<P><STRONG><a name="[b7]"></a>__main</STRONG> (Thumb, 8 bytes, Stack size 0 bytes, __main.o(!!!main))
<BR><BR>[Calls]<UL><LI><a href="#[b9]">&gt;&gt;</a>&nbsp;&nbsp;&nbsp;__rt_entry
<LI><a href="#[b8]">&gt;&gt;</a>&nbsp;&nbsp;&nbsp;__scatterload
</UL>

<P><STRONG><a name="[b8]"></a>__scatterload</STRONG> (Thumb, 0 bytes, Stack size unknown bytes, __scatter.o(!!!scatter))
<BR><BR>[Called By]<UL><LI><a href="#[b7]">&gt;&gt;</a>&nbsp;&nbsp;&nbsp;__main
</UL>

<P><STRONG><a name="[ba]"></a>__scatterload_rt2</STRONG> (Thumb, 44 bytes, Stack size unknown bytes, __scatter.o(!!!scatter), UNUSED)
<BR><BR>[Calls]<UL><LI><a href="#[b9]">&gt;&gt;</a>&nbsp;&nbsp;&nbsp;__rt_entry
</UL>

<P><STRONG><a name="[215]"></a>__scatterload_rt2_thumb_only</STRONG> (Thumb, 0 bytes, Stack size unknown bytes, __scatter.o(!!!scatter), UNUSED)

<P><STRONG><a name="[216]"></a>__scatterload_null</STRONG> (Thumb, 0 bytes, Stack size unknown bytes, __scatter.o(!!!scatter), UNUSED)

<P><STRONG><a name="[217]"></a>__decompress</STRONG> (Thumb, 90 bytes, Stack size unknown bytes, __dczerorl2.o(!!dczerorl2), UNUSED)

<P><STRONG><a name="[218]"></a>__decompress1</STRONG> (Thumb, 0 bytes, Stack size unknown bytes, __dczerorl2.o(!!dczerorl2), UNUSED)

<P><STRONG><a name="[219]"></a>__scatterload_zeroinit</STRONG> (Thumb, 28 bytes, Stack size unknown bytes, __scatter_zi.o(!!handler_zi), UNUSED)

<P><STRONG><a name="[bb]"></a>_printf_d</STRONG> (Thumb, 0 bytes, Stack size unknown bytes, _printf_d.o(.ARM.Collect$$_printf_percent$$00000009))
<BR><BR>[Stack]<UL><LI>Max Depth = 72 + Unknown Stack Size
<LI>Call Chain = _printf_d &rArr; _printf_int_dec &rArr; _printf_int_common &rArr; _printf_post_padding
</UL>
<BR>[Calls]<UL><LI><a href="#[bc]">&gt;&gt;</a>&nbsp;&nbsp;&nbsp;_printf_int_dec
</UL>

<P><STRONG><a name="[da]"></a>_printf_percent</STRONG> (Thumb, 0 bytes, Stack size unknown bytes, _printf_percent.o(.ARM.Collect$$_printf_percent$$00000000))
<BR><BR>[Called By]<UL><LI><a href="#[d8]">&gt;&gt;</a>&nbsp;&nbsp;&nbsp;__printf
</UL>

<P><STRONG><a name="[bd]"></a>_printf_u</STRONG> (Thumb, 0 bytes, Stack size unknown bytes, _printf_u.o(.ARM.Collect$$_printf_percent$$0000000A))
<BR><BR>[Stack]<UL><LI>Max Depth = 72 + Unknown Stack Size
<LI>Call Chain = _printf_u &rArr; _printf_int_dec &rArr; _printf_int_common &rArr; _printf_post_padding
</UL>
<BR>[Calls]<UL><LI><a href="#[bc]">&gt;&gt;</a>&nbsp;&nbsp;&nbsp;_printf_int_dec
</UL>

<P><STRONG><a name="[be]"></a>_printf_x</STRONG> (Thumb, 0 bytes, Stack size unknown bytes, _printf_x.o(.ARM.Collect$$_printf_percent$$0000000C))
<BR><BR>[Stack]<UL><LI>Max Depth = 64 + Unknown Stack Size
<LI>Call Chain = _printf_x &rArr; _printf_int_hex &rArr; _printf_int_common &rArr; _printf_post_padding
</UL>
<BR>[Calls]<UL><LI><a href="#[bf]">&gt;&gt;</a>&nbsp;&nbsp;&nbsp;_printf_int_hex
</UL>

<P><STRONG><a name="[c0]"></a>_printf_c</STRONG> (Thumb, 0 bytes, Stack size unknown bytes, _printf_c.o(.ARM.Collect$$_printf_percent$$00000013))
<BR><BR>[Stack]<UL><LI>Max Depth = 40 + Unknown Stack Size
<LI>Call Chain = _printf_c &rArr; _printf_char &rArr; _printf_cs_common &rArr; _printf_str &rArr; _printf_post_padding
</UL>
<BR>[Calls]<UL><LI><a href="#[c1]">&gt;&gt;</a>&nbsp;&nbsp;&nbsp;_printf_char
</UL>

<P><STRONG><a name="[c2]"></a>_printf_s</STRONG> (Thumb, 0 bytes, Stack size unknown bytes, _printf_s.o(.ARM.Collect$$_printf_percent$$00000014))
<BR><BR>[Stack]<UL><LI>Max Depth = 40 + Unknown Stack Size
<LI>Call Chain = _printf_s &rArr; _printf_string &rArr; _printf_cs_common &rArr; _printf_str &rArr; _printf_post_padding
</UL>
<BR>[Calls]<UL><LI><a href="#[c3]">&gt;&gt;</a>&nbsp;&nbsp;&nbsp;_printf_string
</UL>

<P><STRONG><a name="[21a]"></a>_printf_percent_end</STRONG> (Thumb, 0 bytes, Stack size unknown bytes, _printf_percent_end.o(.ARM.Collect$$_printf_percent$$00000017))

<P><STRONG><a name="[c9]"></a>__rt_lib_init</STRONG> (Thumb, 0 bytes, Stack size unknown bytes, libinit.o(.ARM.Collect$$libinit$$00000000))
<BR><BR>[Called By]<UL><LI><a href="#[c8]">&gt;&gt;</a>&nbsp;&nbsp;&nbsp;__rt_entry_li
</UL>

<P><STRONG><a name="[c4]"></a>__rt_lib_init_fp_1</STRONG> (Thumb, 0 bytes, Stack size unknown bytes, libinit2.o(.ARM.Collect$$libinit$$00000001))
<BR><BR>[Calls]<UL><LI><a href="#[c5]">&gt;&gt;</a>&nbsp;&nbsp;&nbsp;_fp_init
</UL>

<P><STRONG><a name="[21b]"></a>__rt_lib_init_alloca_1</STRONG> (Thumb, 0 bytes, Stack size unknown bytes, libinit2.o(.ARM.Collect$$libinit$$0000002E))

<P><STRONG><a name="[21c]"></a>__rt_lib_init_argv_1</STRONG> (Thumb, 0 bytes, Stack size unknown bytes, libinit2.o(.ARM.Collect$$libinit$$0000002C))

<P><STRONG><a name="[21d]"></a>__rt_lib_init_atexit_1</STRONG> (Thumb, 0 bytes, Stack size unknown bytes, libinit2.o(.ARM.Collect$$libinit$$0000001B))

<P><STRONG><a name="[21e]"></a>__rt_lib_init_clock_1</STRONG> (Thumb, 0 bytes, Stack size unknown bytes, libinit2.o(.ARM.Collect$$libinit$$00000021))

<P><STRONG><a name="[21f]"></a>__rt_lib_init_cpp_1</STRONG> (Thumb, 0 bytes, Stack size unknown bytes, libinit2.o(.ARM.Collect$$libinit$$00000032))

<P><STRONG><a name="[220]"></a>__rt_lib_init_exceptions_1</STRONG> (Thumb, 0 bytes, Stack size unknown bytes, libinit2.o(.ARM.Collect$$libinit$$00000030))

<P><STRONG><a name="[221]"></a>__rt_lib_init_fp_trap_1</STRONG> (Thumb, 0 bytes, Stack size unknown bytes, libinit2.o(.ARM.Collect$$libinit$$0000001F))

<P><STRONG><a name="[222]"></a>__rt_lib_init_getenv_1</STRONG> (Thumb, 0 bytes, Stack size unknown bytes, libinit2.o(.ARM.Collect$$libinit$$00000023))

<P><STRONG><a name="[223]"></a>__rt_lib_init_heap_1</STRONG> (Thumb, 0 bytes, Stack size unknown bytes, libinit2.o(.ARM.Collect$$libinit$$0000000A))

<P><STRONG><a name="[224]"></a>__rt_lib_init_lc_collate_1</STRONG> (Thumb, 0 bytes, Stack size unknown bytes, libinit2.o(.ARM.Collect$$libinit$$00000011))

<P><STRONG><a name="[225]"></a>__rt_lib_init_lc_ctype_1</STRONG> (Thumb, 0 bytes, Stack size unknown bytes, libinit2.o(.ARM.Collect$$libinit$$00000013))

<P><STRONG><a name="[226]"></a>__rt_lib_init_lc_monetary_1</STRONG> (Thumb, 0 bytes, Stack size unknown bytes, libinit2.o(.ARM.Collect$$libinit$$00000015))

<P><STRONG><a name="[227]"></a>__rt_lib_init_lc_numeric_1</STRONG> (Thumb, 0 bytes, Stack size unknown bytes, libinit2.o(.ARM.Collect$$libinit$$00000017))

<P><STRONG><a name="[228]"></a>__rt_lib_init_lc_time_1</STRONG> (Thumb, 0 bytes, Stack size unknown bytes, libinit2.o(.ARM.Collect$$libinit$$00000019))

<P><STRONG><a name="[229]"></a>__rt_lib_init_preinit_1</STRONG> (Thumb, 0 bytes, Stack size unknown bytes, libinit2.o(.ARM.Collect$$libinit$$00000004))

<P><STRONG><a name="[22a]"></a>__rt_lib_init_rand_1</STRONG> (Thumb, 0 bytes, Stack size unknown bytes, libinit2.o(.ARM.Collect$$libinit$$0000000E))

<P><STRONG><a name="[22b]"></a>__rt_lib_init_return</STRONG> (Thumb, 0 bytes, Stack size unknown bytes, libinit2.o(.ARM.Collect$$libinit$$00000033))

<P><STRONG><a name="[22c]"></a>__rt_lib_init_signal_1</STRONG> (Thumb, 0 bytes, Stack size unknown bytes, libinit2.o(.ARM.Collect$$libinit$$0000001D))

<P><STRONG><a name="[22d]"></a>__rt_lib_init_stdio_1</STRONG> (Thumb, 0 bytes, Stack size unknown bytes, libinit2.o(.ARM.Collect$$libinit$$00000025))

<P><STRONG><a name="[22e]"></a>__rt_lib_init_user_alloc_1</STRONG> (Thumb, 0 bytes, Stack size unknown bytes, libinit2.o(.ARM.Collect$$libinit$$0000000C))

<P><STRONG><a name="[ce]"></a>__rt_lib_shutdown</STRONG> (Thumb, 0 bytes, Stack size unknown bytes, libshutdown.o(.ARM.Collect$$libshutdown$$00000000))
<BR><BR>[Called By]<UL><LI><a href="#[cd]">&gt;&gt;</a>&nbsp;&nbsp;&nbsp;__rt_exit_ls
</UL>

<P><STRONG><a name="[22f]"></a>__rt_lib_shutdown_cpp_1</STRONG> (Thumb, 0 bytes, Stack size unknown bytes, libshutdown2.o(.ARM.Collect$$libshutdown$$00000002))

<P><STRONG><a name="[230]"></a>__rt_lib_shutdown_fp_trap_1</STRONG> (Thumb, 0 bytes, Stack size unknown bytes, libshutdown2.o(.ARM.Collect$$libshutdown$$00000007))

<P><STRONG><a name="[231]"></a>__rt_lib_shutdown_heap_1</STRONG> (Thumb, 0 bytes, Stack size unknown bytes, libshutdown2.o(.ARM.Collect$$libshutdown$$0000000F))

<P><STRONG><a name="[232]"></a>__rt_lib_shutdown_return</STRONG> (Thumb, 0 bytes, Stack size unknown bytes, libshutdown2.o(.ARM.Collect$$libshutdown$$00000010))

<P><STRONG><a name="[233]"></a>__rt_lib_shutdown_signal_1</STRONG> (Thumb, 0 bytes, Stack size unknown bytes, libshutdown2.o(.ARM.Collect$$libshutdown$$0000000A))

<P><STRONG><a name="[234]"></a>__rt_lib_shutdown_stdio_1</STRONG> (Thumb, 0 bytes, Stack size unknown bytes, libshutdown2.o(.ARM.Collect$$libshutdown$$00000004))

<P><STRONG><a name="[235]"></a>__rt_lib_shutdown_user_alloc_1</STRONG> (Thumb, 0 bytes, Stack size unknown bytes, libshutdown2.o(.ARM.Collect$$libshutdown$$0000000C))

<P><STRONG><a name="[b9]"></a>__rt_entry</STRONG> (Thumb, 0 bytes, Stack size unknown bytes, __rtentry.o(.ARM.Collect$$rtentry$$00000000))
<BR><BR>[Called By]<UL><LI><a href="#[b7]">&gt;&gt;</a>&nbsp;&nbsp;&nbsp;__main
<LI><a href="#[ba]">&gt;&gt;</a>&nbsp;&nbsp;&nbsp;__scatterload_rt2
</UL>

<P><STRONG><a name="[236]"></a>__rt_entry_presh_1</STRONG> (Thumb, 0 bytes, Stack size unknown bytes, __rtentry2.o(.ARM.Collect$$rtentry$$00000002))

<P><STRONG><a name="[c6]"></a>__rt_entry_sh</STRONG> (Thumb, 0 bytes, Stack size unknown bytes, __rtentry4.o(.ARM.Collect$$rtentry$$00000004))
<BR><BR>[Stack]<UL><LI>Max Depth = 8 + Unknown Stack Size
<LI>Call Chain = __rt_entry_sh &rArr; __user_setup_stackheap
</UL>
<BR>[Calls]<UL><LI><a href="#[c7]">&gt;&gt;</a>&nbsp;&nbsp;&nbsp;__user_setup_stackheap
</UL>

<P><STRONG><a name="[c8]"></a>__rt_entry_li</STRONG> (Thumb, 0 bytes, Stack size unknown bytes, __rtentry2.o(.ARM.Collect$$rtentry$$0000000A))
<BR><BR>[Calls]<UL><LI><a href="#[c9]">&gt;&gt;</a>&nbsp;&nbsp;&nbsp;__rt_lib_init
</UL>

<P><STRONG><a name="[237]"></a>__rt_entry_postsh_1</STRONG> (Thumb, 0 bytes, Stack size unknown bytes, __rtentry2.o(.ARM.Collect$$rtentry$$00000009))

<P><STRONG><a name="[ca]"></a>__rt_entry_main</STRONG> (Thumb, 0 bytes, Stack size unknown bytes, __rtentry2.o(.ARM.Collect$$rtentry$$0000000D))
<BR><BR>[Stack]<UL><LI>Max Depth = 344 + Unknown Stack Size
<LI>Call Chain = __rt_entry_main &rArr; main &rArr; MX_FREERTOS_Init &rArr; osThreadCreate &rArr; xTaskCreate &rArr; pvPortMalloc &rArr; xTaskResumeAll &rArr; xTaskIncrementTick
</UL>
<BR>[Calls]<UL><LI><a href="#[cb]">&gt;&gt;</a>&nbsp;&nbsp;&nbsp;main
<LI><a href="#[cc]">&gt;&gt;</a>&nbsp;&nbsp;&nbsp;exit
</UL>

<P><STRONG><a name="[238]"></a>__rt_entry_postli_1</STRONG> (Thumb, 0 bytes, Stack size unknown bytes, __rtentry2.o(.ARM.Collect$$rtentry$$0000000C))

<P><STRONG><a name="[e6]"></a>__rt_exit</STRONG> (Thumb, 0 bytes, Stack size unknown bytes, rtexit.o(.ARM.Collect$$rtexit$$00000000))
<BR><BR>[Called By]<UL><LI><a href="#[cc]">&gt;&gt;</a>&nbsp;&nbsp;&nbsp;exit
</UL>

<P><STRONG><a name="[cd]"></a>__rt_exit_ls</STRONG> (Thumb, 0 bytes, Stack size unknown bytes, rtexit2.o(.ARM.Collect$$rtexit$$00000003))
<BR><BR>[Calls]<UL><LI><a href="#[ce]">&gt;&gt;</a>&nbsp;&nbsp;&nbsp;__rt_lib_shutdown
</UL>

<P><STRONG><a name="[239]"></a>__rt_exit_prels_1</STRONG> (Thumb, 0 bytes, Stack size unknown bytes, rtexit2.o(.ARM.Collect$$rtexit$$00000002))

<P><STRONG><a name="[cf]"></a>__rt_exit_exit</STRONG> (Thumb, 0 bytes, Stack size unknown bytes, rtexit2.o(.ARM.Collect$$rtexit$$00000004))
<BR><BR>[Calls]<UL><LI><a href="#[d0]">&gt;&gt;</a>&nbsp;&nbsp;&nbsp;_sys_exit
</UL>

<P><STRONG><a name="[3c]"></a>SVC_Handler</STRONG> (Thumb, 28 bytes, Stack size 0 bytes, port.o(.emb_text))
<BR>[Address Reference Count : 1]<UL><LI> startup_stm32f750xx.o(RESET)
</UL>
<P><STRONG><a name="[1fd]"></a>__asm___6_port_c_39a90d8d__prvStartFirstTask</STRONG> (Thumb, 36 bytes, Stack size 0 bytes, port.o(.emb_text))
<BR><BR>[Called By]<UL><LI><a href="#[1fa]">&gt;&gt;</a>&nbsp;&nbsp;&nbsp;xPortStartScheduler
</UL>

<P><STRONG><a name="[1fc]"></a>__asm___6_port_c_39a90d8d__prvEnableVFP</STRONG> (Thumb, 16 bytes, Stack size 0 bytes, port.o(.emb_text))
<BR><BR>[Called By]<UL><LI><a href="#[1fa]">&gt;&gt;</a>&nbsp;&nbsp;&nbsp;xPortStartScheduler
</UL>

<P><STRONG><a name="[3e]"></a>PendSV_Handler</STRONG> (Thumb, 92 bytes, Stack size 0 bytes, port.o(.emb_text))
<BR><BR>[Calls]<UL><LI><a href="#[d1]">&gt;&gt;</a>&nbsp;&nbsp;&nbsp;vTaskSwitchContext
</UL>
<BR>[Address Reference Count : 1]<UL><LI> startup_stm32f750xx.o(RESET)
</UL>
<P><STRONG><a name="[1c1]"></a>vPortGetIPSR</STRONG> (Thumb, 6 bytes, Stack size 0 bytes, port.o(.emb_text))
<BR><BR>[Called By]<UL><LI><a href="#[a4]">&gt;&gt;</a>&nbsp;&nbsp;&nbsp;fputc
<LI><a href="#[1f6]">&gt;&gt;</a>&nbsp;&nbsp;&nbsp;vPortValidateInterruptPriority
</UL>

<P><STRONG><a name="[36]"></a>Reset_Handler</STRONG> (Thumb, 8 bytes, Stack size 0 bytes, startup_stm32f750xx.o(.text))
<BR>[Address Reference Count : 1]<UL><LI> startup_stm32f750xx.o(RESET)
</UL>
<P><STRONG><a name="[52]"></a>ADC_IRQHandler</STRONG> (Thumb, 0 bytes, Stack size 0 bytes, startup_stm32f750xx.o(.text))
<BR><BR>[Calls]<UL><LI><a href="#[52]">&gt;&gt;</a>&nbsp;&nbsp;&nbsp;ADC_IRQHandler
</UL>
<BR>[Called By]<UL><LI><a href="#[52]">&gt;&gt;</a>&nbsp;&nbsp;&nbsp;ADC_IRQHandler
</UL>
<BR>[Address Reference Count : 1]<UL><LI> startup_stm32f750xx.o(RESET)
</UL>
<P><STRONG><a name="[54]"></a>CAN1_RX0_IRQHandler</STRONG> (Thumb, 0 bytes, Stack size 0 bytes, startup_stm32f750xx.o(.text))
<BR>[Address Reference Count : 1]<UL><LI> startup_stm32f750xx.o(RESET)
</UL>
<P><STRONG><a name="[55]"></a>CAN1_RX1_IRQHandler</STRONG> (Thumb, 0 bytes, Stack size 0 bytes, startup_stm32f750xx.o(.text))
<BR>[Address Reference Count : 1]<UL><LI> startup_stm32f750xx.o(RESET)
</UL>
<P><STRONG><a name="[56]"></a>CAN1_SCE_IRQHandler</STRONG> (Thumb, 0 bytes, Stack size 0 bytes, startup_stm32f750xx.o(.text))
<BR>[Address Reference Count : 1]<UL><LI> startup_stm32f750xx.o(RESET)
</UL>
<P><STRONG><a name="[53]"></a>CAN1_TX_IRQHandler</STRONG> (Thumb, 0 bytes, Stack size 0 bytes, startup_stm32f750xx.o(.text))
<BR>[Address Reference Count : 1]<UL><LI> startup_stm32f750xx.o(RESET)
</UL>
<P><STRONG><a name="[80]"></a>CAN2_RX0_IRQHandler</STRONG> (Thumb, 0 bytes, Stack size 0 bytes, startup_stm32f750xx.o(.text))
<BR>[Address Reference Count : 1]<UL><LI> startup_stm32f750xx.o(RESET)
</UL>
<P><STRONG><a name="[81]"></a>CAN2_RX1_IRQHandler</STRONG> (Thumb, 0 bytes, Stack size 0 bytes, startup_stm32f750xx.o(.text))
<BR>[Address Reference Count : 1]<UL><LI> startup_stm32f750xx.o(RESET)
</UL>
<P><STRONG><a name="[82]"></a>CAN2_SCE_IRQHandler</STRONG> (Thumb, 0 bytes, Stack size 0 bytes, startup_stm32f750xx.o(.text))
<BR>[Address Reference Count : 1]<UL><LI> startup_stm32f750xx.o(RESET)
</UL>
<P><STRONG><a name="[7f]"></a>CAN2_TX_IRQHandler</STRONG> (Thumb, 0 bytes, Stack size 0 bytes, startup_stm32f750xx.o(.text))
<BR>[Address Reference Count : 1]<UL><LI> startup_stm32f750xx.o(RESET)
</UL>
<P><STRONG><a name="[9e]"></a>CEC_IRQHandler</STRONG> (Thumb, 0 bytes, Stack size 0 bytes, startup_stm32f750xx.o(.text))
<BR>[Address Reference Count : 1]<UL><LI> startup_stm32f750xx.o(RESET)
</UL>
<P><STRONG><a name="[8f]"></a>CRYP_IRQHandler</STRONG> (Thumb, 0 bytes, Stack size 0 bytes, startup_stm32f750xx.o(.text))
<BR>[Address Reference Count : 1]<UL><LI> startup_stm32f750xx.o(RESET)
</UL>
<P><STRONG><a name="[8e]"></a>DCMI_IRQHandler</STRONG> (Thumb, 0 bytes, Stack size 0 bytes, startup_stm32f750xx.o(.text))
<BR>[Address Reference Count : 1]<UL><LI> startup_stm32f750xx.o(RESET)
</UL>
<P><STRONG><a name="[4b]"></a>DMA1_Stream0_IRQHandler</STRONG> (Thumb, 0 bytes, Stack size 0 bytes, startup_stm32f750xx.o(.text))
<BR>[Address Reference Count : 1]<UL><LI> startup_stm32f750xx.o(RESET)
</UL>
<P><STRONG><a name="[4d]"></a>DMA1_Stream2_IRQHandler</STRONG> (Thumb, 0 bytes, Stack size 0 bytes, startup_stm32f750xx.o(.text))
<BR>[Address Reference Count : 1]<UL><LI> startup_stm32f750xx.o(RESET)
</UL>
<P><STRONG><a name="[4f]"></a>DMA1_Stream4_IRQHandler</STRONG> (Thumb, 0 bytes, Stack size 0 bytes, startup_stm32f750xx.o(.text))
<BR>[Address Reference Count : 1]<UL><LI> startup_stm32f750xx.o(RESET)
</UL>
<P><STRONG><a name="[50]"></a>DMA1_Stream5_IRQHandler</STRONG> (Thumb, 0 bytes, Stack size 0 bytes, startup_stm32f750xx.o(.text))
<BR>[Address Reference Count : 1]<UL><LI> startup_stm32f750xx.o(RESET)
</UL>
<P><STRONG><a name="[51]"></a>DMA1_Stream6_IRQHandler</STRONG> (Thumb, 0 bytes, Stack size 0 bytes, startup_stm32f750xx.o(.text))
<BR>[Address Reference Count : 1]<UL><LI> startup_stm32f750xx.o(RESET)
</UL>
<P><STRONG><a name="[6f]"></a>DMA1_Stream7_IRQHandler</STRONG> (Thumb, 0 bytes, Stack size 0 bytes, startup_stm32f750xx.o(.text))
<BR>[Address Reference Count : 1]<UL><LI> startup_stm32f750xx.o(RESET)
</UL>
<P><STRONG><a name="[9a]"></a>DMA2D_IRQHandler</STRONG> (Thumb, 0 bytes, Stack size 0 bytes, startup_stm32f750xx.o(.text))
<BR>[Address Reference Count : 1]<UL><LI> startup_stm32f750xx.o(RESET)
</UL>
<P><STRONG><a name="[78]"></a>DMA2_Stream0_IRQHandler</STRONG> (Thumb, 0 bytes, Stack size 0 bytes, startup_stm32f750xx.o(.text))
<BR>[Address Reference Count : 1]<UL><LI> startup_stm32f750xx.o(RESET)
</UL>
<P><STRONG><a name="[79]"></a>DMA2_Stream1_IRQHandler</STRONG> (Thumb, 0 bytes, Stack size 0 bytes, startup_stm32f750xx.o(.text))
<BR>[Address Reference Count : 1]<UL><LI> startup_stm32f750xx.o(RESET)
</UL>
<P><STRONG><a name="[7a]"></a>DMA2_Stream2_IRQHandler</STRONG> (Thumb, 0 bytes, Stack size 0 bytes, startup_stm32f750xx.o(.text))
<BR>[Address Reference Count : 1]<UL><LI> startup_stm32f750xx.o(RESET)
</UL>
<P><STRONG><a name="[7b]"></a>DMA2_Stream3_IRQHandler</STRONG> (Thumb, 0 bytes, Stack size 0 bytes, startup_stm32f750xx.o(.text))
<BR>[Address Reference Count : 1]<UL><LI> startup_stm32f750xx.o(RESET)
</UL>
<P><STRONG><a name="[7c]"></a>DMA2_Stream4_IRQHandler</STRONG> (Thumb, 0 bytes, Stack size 0 bytes, startup_stm32f750xx.o(.text))
<BR>[Address Reference Count : 1]<UL><LI> startup_stm32f750xx.o(RESET)
</UL>
<P><STRONG><a name="[84]"></a>DMA2_Stream5_IRQHandler</STRONG> (Thumb, 0 bytes, Stack size 0 bytes, startup_stm32f750xx.o(.text))
<BR>[Address Reference Count : 1]<UL><LI> startup_stm32f750xx.o(RESET)
</UL>
<P><STRONG><a name="[85]"></a>DMA2_Stream6_IRQHandler</STRONG> (Thumb, 0 bytes, Stack size 0 bytes, startup_stm32f750xx.o(.text))
<BR>[Address Reference Count : 1]<UL><LI> startup_stm32f750xx.o(RESET)
</UL>
<P><STRONG><a name="[86]"></a>DMA2_Stream7_IRQHandler</STRONG> (Thumb, 0 bytes, Stack size 0 bytes, startup_stm32f750xx.o(.text))
<BR>[Address Reference Count : 1]<UL><LI> startup_stm32f750xx.o(RESET)
</UL>
<P><STRONG><a name="[7d]"></a>ETH_IRQHandler</STRONG> (Thumb, 0 bytes, Stack size 0 bytes, startup_stm32f750xx.o(.text))
<BR>[Address Reference Count : 1]<UL><LI> startup_stm32f750xx.o(RESET)
</UL>
<P><STRONG><a name="[7e]"></a>ETH_WKUP_IRQHandler</STRONG> (Thumb, 0 bytes, Stack size 0 bytes, startup_stm32f750xx.o(.text))
<BR>[Address Reference Count : 1]<UL><LI> startup_stm32f750xx.o(RESET)
</UL>
<P><STRONG><a name="[46]"></a>EXTI0_IRQHandler</STRONG> (Thumb, 0 bytes, Stack size 0 bytes, startup_stm32f750xx.o(.text))
<BR>[Address Reference Count : 1]<UL><LI> startup_stm32f750xx.o(RESET)
</UL>
<P><STRONG><a name="[47]"></a>EXTI1_IRQHandler</STRONG> (Thumb, 0 bytes, Stack size 0 bytes, startup_stm32f750xx.o(.text))
<BR>[Address Reference Count : 1]<UL><LI> startup_stm32f750xx.o(RESET)
</UL>
<P><STRONG><a name="[48]"></a>EXTI2_IRQHandler</STRONG> (Thumb, 0 bytes, Stack size 0 bytes, startup_stm32f750xx.o(.text))
<BR>[Address Reference Count : 1]<UL><LI> startup_stm32f750xx.o(RESET)
</UL>
<P><STRONG><a name="[49]"></a>EXTI3_IRQHandler</STRONG> (Thumb, 0 bytes, Stack size 0 bytes, startup_stm32f750xx.o(.text))
<BR>[Address Reference Count : 1]<UL><LI> startup_stm32f750xx.o(RESET)
</UL>
<P><STRONG><a name="[4a]"></a>EXTI4_IRQHandler</STRONG> (Thumb, 0 bytes, Stack size 0 bytes, startup_stm32f750xx.o(.text))
<BR>[Address Reference Count : 1]<UL><LI> startup_stm32f750xx.o(RESET)
</UL>
<P><STRONG><a name="[57]"></a>EXTI9_5_IRQHandler</STRONG> (Thumb, 0 bytes, Stack size 0 bytes, startup_stm32f750xx.o(.text))
<BR>[Address Reference Count : 1]<UL><LI> startup_stm32f750xx.o(RESET)
</UL>
<P><STRONG><a name="[44]"></a>FLASH_IRQHandler</STRONG> (Thumb, 0 bytes, Stack size 0 bytes, startup_stm32f750xx.o(.text))
<BR>[Address Reference Count : 1]<UL><LI> startup_stm32f750xx.o(RESET)
</UL>
<P><STRONG><a name="[70]"></a>FMC_IRQHandler</STRONG> (Thumb, 0 bytes, Stack size 0 bytes, startup_stm32f750xx.o(.text))
<BR>[Address Reference Count : 1]<UL><LI> startup_stm32f750xx.o(RESET)
</UL>
<P><STRONG><a name="[91]"></a>FPU_IRQHandler</STRONG> (Thumb, 0 bytes, Stack size 0 bytes, startup_stm32f750xx.o(.text))
<BR>[Address Reference Count : 1]<UL><LI> startup_stm32f750xx.o(RESET)
</UL>
<P><STRONG><a name="[90]"></a>HASH_RNG_IRQHandler</STRONG> (Thumb, 0 bytes, Stack size 0 bytes, startup_stm32f750xx.o(.text))
<BR>[Address Reference Count : 1]<UL><LI> startup_stm32f750xx.o(RESET)
</UL>
<P><STRONG><a name="[60]"></a>I2C1_ER_IRQHandler</STRONG> (Thumb, 0 bytes, Stack size 0 bytes, startup_stm32f750xx.o(.text))
<BR>[Address Reference Count : 1]<UL><LI> startup_stm32f750xx.o(RESET)
</UL>
<P><STRONG><a name="[5f]"></a>I2C1_EV_IRQHandler</STRONG> (Thumb, 0 bytes, Stack size 0 bytes, startup_stm32f750xx.o(.text))
<BR>[Address Reference Count : 1]<UL><LI> startup_stm32f750xx.o(RESET)
</UL>
<P><STRONG><a name="[62]"></a>I2C2_ER_IRQHandler</STRONG> (Thumb, 0 bytes, Stack size 0 bytes, startup_stm32f750xx.o(.text))
<BR>[Address Reference Count : 1]<UL><LI> startup_stm32f750xx.o(RESET)
</UL>
<P><STRONG><a name="[61]"></a>I2C2_EV_IRQHandler</STRONG> (Thumb, 0 bytes, Stack size 0 bytes, startup_stm32f750xx.o(.text))
<BR>[Address Reference Count : 1]<UL><LI> startup_stm32f750xx.o(RESET)
</UL>
<P><STRONG><a name="[89]"></a>I2C3_ER_IRQHandler</STRONG> (Thumb, 0 bytes, Stack size 0 bytes, startup_stm32f750xx.o(.text))
<BR>[Address Reference Count : 1]<UL><LI> startup_stm32f750xx.o(RESET)
</UL>
<P><STRONG><a name="[88]"></a>I2C3_EV_IRQHandler</STRONG> (Thumb, 0 bytes, Stack size 0 bytes, startup_stm32f750xx.o(.text))
<BR>[Address Reference Count : 1]<UL><LI> startup_stm32f750xx.o(RESET)
</UL>
<P><STRONG><a name="[a0]"></a>I2C4_ER_IRQHandler</STRONG> (Thumb, 0 bytes, Stack size 0 bytes, startup_stm32f750xx.o(.text))
<BR>[Address Reference Count : 1]<UL><LI> startup_stm32f750xx.o(RESET)
</UL>
<P><STRONG><a name="[9f]"></a>I2C4_EV_IRQHandler</STRONG> (Thumb, 0 bytes, Stack size 0 bytes, startup_stm32f750xx.o(.text))
<BR>[Address Reference Count : 1]<UL><LI> startup_stm32f750xx.o(RESET)
</UL>
<P><STRONG><a name="[9d]"></a>LPTIM1_IRQHandler</STRONG> (Thumb, 0 bytes, Stack size 0 bytes, startup_stm32f750xx.o(.text))
<BR>[Address Reference Count : 1]<UL><LI> startup_stm32f750xx.o(RESET)
</UL>
<P><STRONG><a name="[99]"></a>LTDC_ER_IRQHandler</STRONG> (Thumb, 0 bytes, Stack size 0 bytes, startup_stm32f750xx.o(.text))
<BR>[Address Reference Count : 1]<UL><LI> startup_stm32f750xx.o(RESET)
</UL>
<P><STRONG><a name="[98]"></a>LTDC_IRQHandler</STRONG> (Thumb, 0 bytes, Stack size 0 bytes, startup_stm32f750xx.o(.text))
<BR>[Address Reference Count : 1]<UL><LI> startup_stm32f750xx.o(RESET)
</UL>
<P><STRONG><a name="[83]"></a>OTG_FS_IRQHandler</STRONG> (Thumb, 0 bytes, Stack size 0 bytes, startup_stm32f750xx.o(.text))
<BR>[Address Reference Count : 1]<UL><LI> startup_stm32f750xx.o(RESET)
</UL>
<P><STRONG><a name="[6a]"></a>OTG_FS_WKUP_IRQHandler</STRONG> (Thumb, 0 bytes, Stack size 0 bytes, startup_stm32f750xx.o(.text))
<BR>[Address Reference Count : 1]<UL><LI> startup_stm32f750xx.o(RESET)
</UL>
<P><STRONG><a name="[8b]"></a>OTG_HS_EP1_IN_IRQHandler</STRONG> (Thumb, 0 bytes, Stack size 0 bytes, startup_stm32f750xx.o(.text))
<BR>[Address Reference Count : 1]<UL><LI> startup_stm32f750xx.o(RESET)
</UL>
<P><STRONG><a name="[8a]"></a>OTG_HS_EP1_OUT_IRQHandler</STRONG> (Thumb, 0 bytes, Stack size 0 bytes, startup_stm32f750xx.o(.text))
<BR>[Address Reference Count : 1]<UL><LI> startup_stm32f750xx.o(RESET)
</UL>
<P><STRONG><a name="[8d]"></a>OTG_HS_IRQHandler</STRONG> (Thumb, 0 bytes, Stack size 0 bytes, startup_stm32f750xx.o(.text))
<BR>[Address Reference Count : 1]<UL><LI> startup_stm32f750xx.o(RESET)
</UL>
<P><STRONG><a name="[8c]"></a>OTG_HS_WKUP_IRQHandler</STRONG> (Thumb, 0 bytes, Stack size 0 bytes, startup_stm32f750xx.o(.text))
<BR>[Address Reference Count : 1]<UL><LI> startup_stm32f750xx.o(RESET)
</UL>
<P><STRONG><a name="[41]"></a>PVD_IRQHandler</STRONG> (Thumb, 0 bytes, Stack size 0 bytes, startup_stm32f750xx.o(.text))
<BR>[Address Reference Count : 1]<UL><LI> startup_stm32f750xx.o(RESET)
</UL>
<P><STRONG><a name="[9c]"></a>QUADSPI_IRQHandler</STRONG> (Thumb, 0 bytes, Stack size 0 bytes, startup_stm32f750xx.o(.text))
<BR>[Address Reference Count : 1]<UL><LI> startup_stm32f750xx.o(RESET)
</UL>
<P><STRONG><a name="[45]"></a>RCC_IRQHandler</STRONG> (Thumb, 0 bytes, Stack size 0 bytes, startup_stm32f750xx.o(.text))
<BR>[Address Reference Count : 1]<UL><LI> startup_stm32f750xx.o(RESET)
</UL>
<P><STRONG><a name="[69]"></a>RTC_Alarm_IRQHandler</STRONG> (Thumb, 0 bytes, Stack size 0 bytes, startup_stm32f750xx.o(.text))
<BR>[Address Reference Count : 1]<UL><LI> startup_stm32f750xx.o(RESET)
</UL>
<P><STRONG><a name="[43]"></a>RTC_WKUP_IRQHandler</STRONG> (Thumb, 0 bytes, Stack size 0 bytes, startup_stm32f750xx.o(.text))
<BR>[Address Reference Count : 1]<UL><LI> startup_stm32f750xx.o(RESET)
</UL>
<P><STRONG><a name="[97]"></a>SAI1_IRQHandler</STRONG> (Thumb, 0 bytes, Stack size 0 bytes, startup_stm32f750xx.o(.text))
<BR>[Address Reference Count : 1]<UL><LI> startup_stm32f750xx.o(RESET)
</UL>
<P><STRONG><a name="[9b]"></a>SAI2_IRQHandler</STRONG> (Thumb, 0 bytes, Stack size 0 bytes, startup_stm32f750xx.o(.text))
<BR>[Address Reference Count : 1]<UL><LI> startup_stm32f750xx.o(RESET)
</UL>
<P><STRONG><a name="[71]"></a>SDMMC1_IRQHandler</STRONG> (Thumb, 0 bytes, Stack size 0 bytes, startup_stm32f750xx.o(.text))
<BR>[Address Reference Count : 1]<UL><LI> startup_stm32f750xx.o(RESET)
</UL>
<P><STRONG><a name="[a1]"></a>SPDIF_RX_IRQHandler</STRONG> (Thumb, 0 bytes, Stack size 0 bytes, startup_stm32f750xx.o(.text))
<BR>[Address Reference Count : 1]<UL><LI> startup_stm32f750xx.o(RESET)
</UL>
<P><STRONG><a name="[63]"></a>SPI1_IRQHandler</STRONG> (Thumb, 0 bytes, Stack size 0 bytes, startup_stm32f750xx.o(.text))
<BR>[Address Reference Count : 1]<UL><LI> startup_stm32f750xx.o(RESET)
</UL>
<P><STRONG><a name="[64]"></a>SPI2_IRQHandler</STRONG> (Thumb, 0 bytes, Stack size 0 bytes, startup_stm32f750xx.o(.text))
<BR>[Address Reference Count : 1]<UL><LI> startup_stm32f750xx.o(RESET)
</UL>
<P><STRONG><a name="[73]"></a>SPI3_IRQHandler</STRONG> (Thumb, 0 bytes, Stack size 0 bytes, startup_stm32f750xx.o(.text))
<BR>[Address Reference Count : 1]<UL><LI> startup_stm32f750xx.o(RESET)
</UL>
<P><STRONG><a name="[94]"></a>SPI4_IRQHandler</STRONG> (Thumb, 0 bytes, Stack size 0 bytes, startup_stm32f750xx.o(.text))
<BR>[Address Reference Count : 1]<UL><LI> startup_stm32f750xx.o(RESET)
</UL>
<P><STRONG><a name="[95]"></a>SPI5_IRQHandler</STRONG> (Thumb, 0 bytes, Stack size 0 bytes, startup_stm32f750xx.o(.text))
<BR>[Address Reference Count : 1]<UL><LI> startup_stm32f750xx.o(RESET)
</UL>
<P><STRONG><a name="[96]"></a>SPI6_IRQHandler</STRONG> (Thumb, 0 bytes, Stack size 0 bytes, startup_stm32f750xx.o(.text))
<BR>[Address Reference Count : 1]<UL><LI> startup_stm32f750xx.o(RESET)
</UL>
<P><STRONG><a name="[42]"></a>TAMP_STAMP_IRQHandler</STRONG> (Thumb, 0 bytes, Stack size 0 bytes, startup_stm32f750xx.o(.text))
<BR>[Address Reference Count : 1]<UL><LI> startup_stm32f750xx.o(RESET)
</UL>
<P><STRONG><a name="[58]"></a>TIM1_BRK_TIM9_IRQHandler</STRONG> (Thumb, 0 bytes, Stack size 0 bytes, startup_stm32f750xx.o(.text))
<BR>[Address Reference Count : 1]<UL><LI> startup_stm32f750xx.o(RESET)
</UL>
<P><STRONG><a name="[5b]"></a>TIM1_CC_IRQHandler</STRONG> (Thumb, 0 bytes, Stack size 0 bytes, startup_stm32f750xx.o(.text))
<BR>[Address Reference Count : 1]<UL><LI> startup_stm32f750xx.o(RESET)
</UL>
<P><STRONG><a name="[5a]"></a>TIM1_TRG_COM_TIM11_IRQHandler</STRONG> (Thumb, 0 bytes, Stack size 0 bytes, startup_stm32f750xx.o(.text))
<BR>[Address Reference Count : 1]<UL><LI> startup_stm32f750xx.o(RESET)
</UL>
<P><STRONG><a name="[5c]"></a>TIM2_IRQHandler</STRONG> (Thumb, 0 bytes, Stack size 0 bytes, startup_stm32f750xx.o(.text))
<BR>[Address Reference Count : 1]<UL><LI> startup_stm32f750xx.o(RESET)
</UL>
<P><STRONG><a name="[5e]"></a>TIM4_IRQHandler</STRONG> (Thumb, 0 bytes, Stack size 0 bytes, startup_stm32f750xx.o(.text))
<BR>[Address Reference Count : 1]<UL><LI> startup_stm32f750xx.o(RESET)
</UL>
<P><STRONG><a name="[6b]"></a>TIM8_BRK_TIM12_IRQHandler</STRONG> (Thumb, 0 bytes, Stack size 0 bytes, startup_stm32f750xx.o(.text))
<BR>[Address Reference Count : 1]<UL><LI> startup_stm32f750xx.o(RESET)
</UL>
<P><STRONG><a name="[6e]"></a>TIM8_CC_IRQHandler</STRONG> (Thumb, 0 bytes, Stack size 0 bytes, startup_stm32f750xx.o(.text))
<BR>[Address Reference Count : 1]<UL><LI> startup_stm32f750xx.o(RESET)
</UL>
<P><STRONG><a name="[6d]"></a>TIM8_TRG_COM_TIM14_IRQHandler</STRONG> (Thumb, 0 bytes, Stack size 0 bytes, startup_stm32f750xx.o(.text))
<BR>[Address Reference Count : 1]<UL><LI> startup_stm32f750xx.o(RESET)
</UL>
<P><STRONG><a name="[6c]"></a>TIM8_UP_TIM13_IRQHandler</STRONG> (Thumb, 0 bytes, Stack size 0 bytes, startup_stm32f750xx.o(.text))
<BR>[Address Reference Count : 1]<UL><LI> startup_stm32f750xx.o(RESET)
</UL>
<P><STRONG><a name="[93]"></a>UART8_IRQHandler</STRONG> (Thumb, 0 bytes, Stack size 0 bytes, startup_stm32f750xx.o(.text))
<BR>[Address Reference Count : 1]<UL><LI> startup_stm32f750xx.o(RESET)
</UL>
<P><STRONG><a name="[40]"></a>WWDG_IRQHandler</STRONG> (Thumb, 0 bytes, Stack size 0 bytes, startup_stm32f750xx.o(.text))
<BR>[Address Reference Count : 1]<UL><LI> startup_stm32f750xx.o(RESET)
</UL>
<P><STRONG><a name="[e5]"></a>__user_initial_stackheap</STRONG> (Thumb, 0 bytes, Stack size unknown bytes, startup_stm32f750xx.o(.text))
<BR><BR>[Called By]<UL><LI><a href="#[c7]">&gt;&gt;</a>&nbsp;&nbsp;&nbsp;__user_setup_stackheap
</UL>

<P><STRONG><a name="[23a]"></a>__use_no_semihosting</STRONG> (Thumb, 2 bytes, Stack size 0 bytes, use_no_semi_2.o(.text), UNUSED)

<P><STRONG><a name="[12b]"></a>__aeabi_uldivmod</STRONG> (Thumb, 0 bytes, Stack size 48 bytes, lludivv7m.o(.text))
<BR><BR>[Stack]<UL><LI>Max Depth = 48<LI>Call Chain = __aeabi_uldivmod
</UL>
<BR>[Called By]<UL><LI><a href="#[12a]">&gt;&gt;</a>&nbsp;&nbsp;&nbsp;HAL_RCC_GetSysClockFreq
</UL>

<P><STRONG><a name="[23b]"></a>_ll_udiv</STRONG> (Thumb, 238 bytes, Stack size 48 bytes, lludivv7m.o(.text), UNUSED)

<P><STRONG><a name="[d2]"></a>__2printf</STRONG> (Thumb, 20 bytes, Stack size 24 bytes, noretval__2printf.o(.text))
<BR><BR>[Stack]<UL><LI>Max Depth = 144 + Unknown Stack Size
<LI>Call Chain = __2printf &rArr; _printf_char_file &rArr; _printf_char_common &rArr; __printf
</UL>
<BR>[Calls]<UL><LI><a href="#[d3]">&gt;&gt;</a>&nbsp;&nbsp;&nbsp;_printf_char_file
</UL>
<BR>[Called By]<UL><LI><a href="#[19e]">&gt;&gt;</a>&nbsp;&nbsp;&nbsp;show_speed
<LI><a href="#[b2]">&gt;&gt;</a>&nbsp;&nbsp;&nbsp;LineTask
<LI><a href="#[b4]">&gt;&gt;</a>&nbsp;&nbsp;&nbsp;BooTask
<LI><a href="#[16b]">&gt;&gt;</a>&nbsp;&nbsp;&nbsp;Set_QR_Target
<LI><a href="#[16]">&gt;&gt;</a>&nbsp;&nbsp;&nbsp;Wait_Switches
<LI><a href="#[19]">&gt;&gt;</a>&nbsp;&nbsp;&nbsp;Turn_angle
<LI><a href="#[ea]">&gt;&gt;</a>&nbsp;&nbsp;&nbsp;Error_Report
<LI><a href="#[15]">&gt;&gt;</a>&nbsp;&nbsp;&nbsp;MV_SendCmd
<LI><a href="#[177]">&gt;&gt;</a>&nbsp;&nbsp;&nbsp;MV_Decode
<LI><a href="#[1f3]">&gt;&gt;</a>&nbsp;&nbsp;&nbsp;usmart_sys_cmd_exe
<LI><a href="#[35]">&gt;&gt;</a>&nbsp;&nbsp;&nbsp;usmart_scan
<LI><a href="#[34]">&gt;&gt;</a>&nbsp;&nbsp;&nbsp;usmart_exe
<LI><a href="#[29]">&gt;&gt;</a>&nbsp;&nbsp;&nbsp;control_ball
<LI><a href="#[174]">&gt;&gt;</a>&nbsp;&nbsp;&nbsp;begin_servo_status
<LI><a href="#[2f]">&gt;&gt;</a>&nbsp;&nbsp;&nbsp;Ladder_process
<LI><a href="#[b5]">&gt;&gt;</a>&nbsp;&nbsp;&nbsp;HeightUpdate_Task
<LI><a href="#[ef]">&gt;&gt;</a>&nbsp;&nbsp;&nbsp;Change_Hight
</UL>

<P><STRONG><a name="[d5]"></a>_printf_pre_padding</STRONG> (Thumb, 44 bytes, Stack size 16 bytes, _printf_pad.o(.text))
<BR><BR>[Stack]<UL><LI>Max Depth = 16<LI>Call Chain = _printf_pre_padding
</UL>
<BR>[Called By]<UL><LI><a href="#[d7]">&gt;&gt;</a>&nbsp;&nbsp;&nbsp;_printf_int_common
<LI><a href="#[d4]">&gt;&gt;</a>&nbsp;&nbsp;&nbsp;_printf_str
</UL>

<P><STRONG><a name="[d6]"></a>_printf_post_padding</STRONG> (Thumb, 34 bytes, Stack size 16 bytes, _printf_pad.o(.text))
<BR><BR>[Stack]<UL><LI>Max Depth = 16<LI>Call Chain = _printf_post_padding
</UL>
<BR>[Called By]<UL><LI><a href="#[d7]">&gt;&gt;</a>&nbsp;&nbsp;&nbsp;_printf_int_common
<LI><a href="#[d4]">&gt;&gt;</a>&nbsp;&nbsp;&nbsp;_printf_str
</UL>

<P><STRONG><a name="[d4]"></a>_printf_str</STRONG> (Thumb, 82 bytes, Stack size 16 bytes, _printf_str.o(.text))
<BR><BR>[Stack]<UL><LI>Max Depth = 32<LI>Call Chain = _printf_str &rArr; _printf_post_padding
</UL>
<BR>[Calls]<UL><LI><a href="#[d6]">&gt;&gt;</a>&nbsp;&nbsp;&nbsp;_printf_post_padding
<LI><a href="#[d5]">&gt;&gt;</a>&nbsp;&nbsp;&nbsp;_printf_pre_padding
</UL>
<BR>[Called By]<UL><LI><a href="#[e1]">&gt;&gt;</a>&nbsp;&nbsp;&nbsp;_printf_cs_common
</UL>

<P><STRONG><a name="[bc]"></a>_printf_int_dec</STRONG> (Thumb, 104 bytes, Stack size 24 bytes, _printf_dec.o(.text))
<BR><BR>[Stack]<UL><LI>Max Depth = 72<LI>Call Chain = _printf_int_dec &rArr; _printf_int_common &rArr; _printf_post_padding
</UL>
<BR>[Calls]<UL><LI><a href="#[d7]">&gt;&gt;</a>&nbsp;&nbsp;&nbsp;_printf_int_common
</UL>
<BR>[Called By]<UL><LI><a href="#[bd]">&gt;&gt;</a>&nbsp;&nbsp;&nbsp;_printf_u
<LI><a href="#[bb]">&gt;&gt;</a>&nbsp;&nbsp;&nbsp;_printf_d
</UL>

<P><STRONG><a name="[bf]"></a>_printf_int_hex</STRONG> (Thumb, 84 bytes, Stack size 16 bytes, _printf_hex_int.o(.text))
<BR><BR>[Stack]<UL><LI>Max Depth = 64<LI>Call Chain = _printf_int_hex &rArr; _printf_int_common &rArr; _printf_post_padding
</UL>
<BR>[Calls]<UL><LI><a href="#[d7]">&gt;&gt;</a>&nbsp;&nbsp;&nbsp;_printf_int_common
</UL>
<BR>[Called By]<UL><LI><a href="#[be]">&gt;&gt;</a>&nbsp;&nbsp;&nbsp;_printf_x
</UL>

<P><STRONG><a name="[23c]"></a>_printf_longlong_hex</STRONG> (Thumb, 0 bytes, Stack size 16 bytes, _printf_hex_int.o(.text), UNUSED)

<P><STRONG><a name="[d8]"></a>__printf</STRONG> (Thumb, 388 bytes, Stack size 40 bytes, __printf_flags_ss_wp.o(.text))
<BR><BR>[Stack]<UL><LI>Max Depth = 40 + Unknown Stack Size
<LI>Call Chain = __printf
</UL>
<BR>[Calls]<UL><LI><a href="#[da]">&gt;&gt;</a>&nbsp;&nbsp;&nbsp;_printf_percent
<LI><a href="#[d9]">&gt;&gt;</a>&nbsp;&nbsp;&nbsp;_is_digit
</UL>
<BR>[Called By]<UL><LI><a href="#[e2]">&gt;&gt;</a>&nbsp;&nbsp;&nbsp;_printf_char_common
</UL>

<P><STRONG><a name="[1d5]"></a>__aeabi_memcpy</STRONG> (Thumb, 0 bytes, Stack size 0 bytes, rt_memcpy_v6.o(.text))
<BR><BR>[Called By]<UL><LI><a href="#[1d6]">&gt;&gt;</a>&nbsp;&nbsp;&nbsp;prvCopyDataToQueue
<LI><a href="#[1d4]">&gt;&gt;</a>&nbsp;&nbsp;&nbsp;prvCopyDataFromQueue
</UL>

<P><STRONG><a name="[db]"></a>__rt_memcpy</STRONG> (Thumb, 138 bytes, Stack size 0 bytes, rt_memcpy_v6.o(.text), UNUSED)
<BR><BR>[Calls]<UL><LI><a href="#[dc]">&gt;&gt;</a>&nbsp;&nbsp;&nbsp;__aeabi_memcpy4
</UL>

<P><STRONG><a name="[23d]"></a>_memcpy_lastbytes</STRONG> (Thumb, 0 bytes, Stack size unknown bytes, rt_memcpy_v6.o(.text), UNUSED)

<P><STRONG><a name="[dc]"></a>__aeabi_memcpy4</STRONG> (Thumb, 0 bytes, Stack size 8 bytes, rt_memcpy_w.o(.text))
<BR><BR>[Stack]<UL><LI>Max Depth = 8<LI>Call Chain = __aeabi_memcpy4
</UL>
<BR>[Called By]<UL><LI><a href="#[181]">&gt;&gt;</a>&nbsp;&nbsp;&nbsp;MX_FREERTOS_Init
<LI><a href="#[12]">&gt;&gt;</a>&nbsp;&nbsp;&nbsp;move_by_encoder
<LI><a href="#[17d]">&gt;&gt;</a>&nbsp;&nbsp;&nbsp;MV_QueryTask_Start
<LI><a href="#[db]">&gt;&gt;</a>&nbsp;&nbsp;&nbsp;__rt_memcpy
<LI><a href="#[1e]">&gt;&gt;</a>&nbsp;&nbsp;&nbsp;Start_Read_Switch
<LI><a href="#[1c]">&gt;&gt;</a>&nbsp;&nbsp;&nbsp;Start_HeightUpdate
</UL>

<P><STRONG><a name="[23e]"></a>__aeabi_memcpy8</STRONG> (Thumb, 0 bytes, Stack size 8 bytes, rt_memcpy_w.o(.text), UNUSED)

<P><STRONG><a name="[23f]"></a>__rt_memcpy_w</STRONG> (Thumb, 100 bytes, Stack size 8 bytes, rt_memcpy_w.o(.text), UNUSED)

<P><STRONG><a name="[240]"></a>_memcpy_lastbytes_aligned</STRONG> (Thumb, 0 bytes, Stack size unknown bytes, rt_memcpy_w.o(.text), UNUSED)

<P><STRONG><a name="[dd]"></a>__aeabi_memset</STRONG> (Thumb, 16 bytes, Stack size 0 bytes, aeabi_memset.o(.text))
<BR><BR>[Calls]<UL><LI><a href="#[de]">&gt;&gt;</a>&nbsp;&nbsp;&nbsp;_memset
</UL>
<BR>[Called By]<UL><LI><a href="#[b6]">&gt;&gt;</a>&nbsp;&nbsp;&nbsp;Read_Swicth
</UL>

<P><STRONG><a name="[e9]"></a>__aeabi_memclr</STRONG> (Thumb, 0 bytes, Stack size 0 bytes, rt_memclr.o(.text))
<BR><BR>[Called By]<UL><LI><a href="#[f1]">&gt;&gt;</a>&nbsp;&nbsp;&nbsp;Chassis_decode
<LI><a href="#[196]">&gt;&gt;</a>&nbsp;&nbsp;&nbsp;QR_decode
<LI><a href="#[1a]">&gt;&gt;</a>&nbsp;&nbsp;&nbsp;ActionGroup
<LI><a href="#[1a2]">&gt;&gt;</a>&nbsp;&nbsp;&nbsp;Track_RX_IRQ
<LI><a href="#[1e]">&gt;&gt;</a>&nbsp;&nbsp;&nbsp;Start_Read_Switch
</UL>

<P><STRONG><a name="[df]"></a>__rt_memclr</STRONG> (Thumb, 68 bytes, Stack size 0 bytes, rt_memclr.o(.text), UNUSED)
<BR><BR>[Calls]<UL><LI><a href="#[e0]">&gt;&gt;</a>&nbsp;&nbsp;&nbsp;_memset_w
</UL>

<P><STRONG><a name="[de]"></a>_memset</STRONG> (Thumb, 0 bytes, Stack size unknown bytes, rt_memclr.o(.text))
<BR><BR>[Called By]<UL><LI><a href="#[dd]">&gt;&gt;</a>&nbsp;&nbsp;&nbsp;__aeabi_memset
</UL>

<P><STRONG><a name="[13c]"></a>__aeabi_memclr4</STRONG> (Thumb, 0 bytes, Stack size 4 bytes, rt_memclr_w.o(.text))
<BR><BR>[Stack]<UL><LI>Max Depth = 4<LI>Call Chain = __aeabi_memclr4
</UL>
<BR>[Called By]<UL><LI><a href="#[f9]">&gt;&gt;</a>&nbsp;&nbsp;&nbsp;all_data_clear
<LI><a href="#[15c]">&gt;&gt;</a>&nbsp;&nbsp;&nbsp;HAL_UART_MspInit
<LI><a href="#[148]">&gt;&gt;</a>&nbsp;&nbsp;&nbsp;HAL_TIM_MspPostInit
<LI><a href="#[13b]">&gt;&gt;</a>&nbsp;&nbsp;&nbsp;HAL_TIM_IC_MspInit
<LI><a href="#[188]">&gt;&gt;</a>&nbsp;&nbsp;&nbsp;MX_TIM2_Init
<LI><a href="#[185]">&gt;&gt;</a>&nbsp;&nbsp;&nbsp;MX_TIM1_Init
<LI><a href="#[182]">&gt;&gt;</a>&nbsp;&nbsp;&nbsp;MX_GPIO_Init
<LI><a href="#[1a0]">&gt;&gt;</a>&nbsp;&nbsp;&nbsp;SystemClock_Config
</UL>

<P><STRONG><a name="[241]"></a>__aeabi_memclr8</STRONG> (Thumb, 0 bytes, Stack size 4 bytes, rt_memclr_w.o(.text), UNUSED)

<P><STRONG><a name="[242]"></a>__rt_memclr_w</STRONG> (Thumb, 78 bytes, Stack size 4 bytes, rt_memclr_w.o(.text), UNUSED)

<P><STRONG><a name="[e0]"></a>_memset_w</STRONG> (Thumb, 0 bytes, Stack size unknown bytes, rt_memclr_w.o(.text), UNUSED)
<BR><BR>[Called By]<UL><LI><a href="#[df]">&gt;&gt;</a>&nbsp;&nbsp;&nbsp;__rt_memclr
</UL>

<P><STRONG><a name="[243]"></a>__use_two_region_memory</STRONG> (Thumb, 2 bytes, Stack size 0 bytes, heapauxi.o(.text), UNUSED)

<P><STRONG><a name="[244]"></a>__rt_heap_escrow$2region</STRONG> (Thumb, 2 bytes, Stack size 0 bytes, heapauxi.o(.text), UNUSED)

<P><STRONG><a name="[245]"></a>__rt_heap_expand$2region</STRONG> (Thumb, 2 bytes, Stack size 0 bytes, heapauxi.o(.text), UNUSED)

<P><STRONG><a name="[246]"></a>__I$use$semihosting</STRONG> (Thumb, 0 bytes, Stack size 0 bytes, use_no_semi.o(.text), UNUSED)

<P><STRONG><a name="[247]"></a>__use_no_semihosting_swi</STRONG> (Thumb, 2 bytes, Stack size 0 bytes, use_no_semi.o(.text), UNUSED)

<P><STRONG><a name="[d7]"></a>_printf_int_common</STRONG> (Thumb, 178 bytes, Stack size 32 bytes, _printf_intcommon.o(.text))
<BR><BR>[Stack]<UL><LI>Max Depth = 48<LI>Call Chain = _printf_int_common &rArr; _printf_post_padding
</UL>
<BR>[Calls]<UL><LI><a href="#[d6]">&gt;&gt;</a>&nbsp;&nbsp;&nbsp;_printf_post_padding
<LI><a href="#[d5]">&gt;&gt;</a>&nbsp;&nbsp;&nbsp;_printf_pre_padding
</UL>
<BR>[Called By]<UL><LI><a href="#[bf]">&gt;&gt;</a>&nbsp;&nbsp;&nbsp;_printf_int_hex
<LI><a href="#[bc]">&gt;&gt;</a>&nbsp;&nbsp;&nbsp;_printf_int_dec
</UL>

<P><STRONG><a name="[e1]"></a>_printf_cs_common</STRONG> (Thumb, 20 bytes, Stack size 8 bytes, _printf_char.o(.text))
<BR><BR>[Stack]<UL><LI>Max Depth = 40<LI>Call Chain = _printf_cs_common &rArr; _printf_str &rArr; _printf_post_padding
</UL>
<BR>[Calls]<UL><LI><a href="#[d4]">&gt;&gt;</a>&nbsp;&nbsp;&nbsp;_printf_str
</UL>
<BR>[Called By]<UL><LI><a href="#[c3]">&gt;&gt;</a>&nbsp;&nbsp;&nbsp;_printf_string
<LI><a href="#[c1]">&gt;&gt;</a>&nbsp;&nbsp;&nbsp;_printf_char
</UL>

<P><STRONG><a name="[c1]"></a>_printf_char</STRONG> (Thumb, 16 bytes, Stack size 0 bytes, _printf_char.o(.text))
<BR><BR>[Stack]<UL><LI>Max Depth = 40<LI>Call Chain = _printf_char &rArr; _printf_cs_common &rArr; _printf_str &rArr; _printf_post_padding
</UL>
<BR>[Calls]<UL><LI><a href="#[e1]">&gt;&gt;</a>&nbsp;&nbsp;&nbsp;_printf_cs_common
</UL>
<BR>[Called By]<UL><LI><a href="#[c0]">&gt;&gt;</a>&nbsp;&nbsp;&nbsp;_printf_c
</UL>

<P><STRONG><a name="[c3]"></a>_printf_string</STRONG> (Thumb, 8 bytes, Stack size 0 bytes, _printf_char.o(.text))
<BR><BR>[Stack]<UL><LI>Max Depth = 40<LI>Call Chain = _printf_string &rArr; _printf_cs_common &rArr; _printf_str &rArr; _printf_post_padding
</UL>
<BR>[Calls]<UL><LI><a href="#[e1]">&gt;&gt;</a>&nbsp;&nbsp;&nbsp;_printf_cs_common
</UL>
<BR>[Called By]<UL><LI><a href="#[c2]">&gt;&gt;</a>&nbsp;&nbsp;&nbsp;_printf_s
</UL>

<P><STRONG><a name="[d3]"></a>_printf_char_file</STRONG> (Thumb, 32 bytes, Stack size 16 bytes, _printf_char_file.o(.text))
<BR><BR>[Stack]<UL><LI>Max Depth = 120 + Unknown Stack Size
<LI>Call Chain = _printf_char_file &rArr; _printf_char_common &rArr; __printf
</UL>
<BR>[Calls]<UL><LI><a href="#[e3]">&gt;&gt;</a>&nbsp;&nbsp;&nbsp;ferror
<LI><a href="#[e2]">&gt;&gt;</a>&nbsp;&nbsp;&nbsp;_printf_char_common
</UL>
<BR>[Called By]<UL><LI><a href="#[d2]">&gt;&gt;</a>&nbsp;&nbsp;&nbsp;__2printf
</UL>

<P><STRONG><a name="[e2]"></a>_printf_char_common</STRONG> (Thumb, 32 bytes, Stack size 64 bytes, _printf_char_common.o(.text))
<BR><BR>[Stack]<UL><LI>Max Depth = 104 + Unknown Stack Size
<LI>Call Chain = _printf_char_common &rArr; __printf
</UL>
<BR>[Calls]<UL><LI><a href="#[d8]">&gt;&gt;</a>&nbsp;&nbsp;&nbsp;__printf
</UL>
<BR>[Called By]<UL><LI><a href="#[d3]">&gt;&gt;</a>&nbsp;&nbsp;&nbsp;_printf_char_file
</UL>

<P><STRONG><a name="[e3]"></a>ferror</STRONG> (Thumb, 8 bytes, Stack size 0 bytes, ferror.o(.text))
<BR><BR>[Called By]<UL><LI><a href="#[d3]">&gt;&gt;</a>&nbsp;&nbsp;&nbsp;_printf_char_file
</UL>

<P><STRONG><a name="[248]"></a>__user_libspace</STRONG> (Thumb, 8 bytes, Stack size 0 bytes, libspace.o(.text), UNUSED)

<P><STRONG><a name="[e4]"></a>__user_perproc_libspace</STRONG> (Thumb, 0 bytes, Stack size 0 bytes, libspace.o(.text))
<BR><BR>[Called By]<UL><LI><a href="#[c7]">&gt;&gt;</a>&nbsp;&nbsp;&nbsp;__user_setup_stackheap
</UL>

<P><STRONG><a name="[249]"></a>__user_perthread_libspace</STRONG> (Thumb, 0 bytes, Stack size 0 bytes, libspace.o(.text), UNUSED)

<P><STRONG><a name="[c7]"></a>__user_setup_stackheap</STRONG> (Thumb, 74 bytes, Stack size 8 bytes, sys_stackheap_outer.o(.text))
<BR><BR>[Stack]<UL><LI>Max Depth = 8 + Unknown Stack Size
<LI>Call Chain = __user_setup_stackheap
</UL>
<BR>[Calls]<UL><LI><a href="#[e5]">&gt;&gt;</a>&nbsp;&nbsp;&nbsp;__user_initial_stackheap
<LI><a href="#[e4]">&gt;&gt;</a>&nbsp;&nbsp;&nbsp;__user_perproc_libspace
</UL>
<BR>[Called By]<UL><LI><a href="#[c6]">&gt;&gt;</a>&nbsp;&nbsp;&nbsp;__rt_entry_sh
</UL>

<P><STRONG><a name="[cc]"></a>exit</STRONG> (Thumb, 18 bytes, Stack size 8 bytes, exit.o(.text))
<BR><BR>[Stack]<UL><LI>Max Depth = 8 + Unknown Stack Size
<LI>Call Chain = exit
</UL>
<BR>[Calls]<UL><LI><a href="#[e6]">&gt;&gt;</a>&nbsp;&nbsp;&nbsp;__rt_exit
</UL>
<BR>[Called By]<UL><LI><a href="#[ca]">&gt;&gt;</a>&nbsp;&nbsp;&nbsp;__rt_entry_main
</UL>

<P><STRONG><a name="[1a]"></a>ActionGroup</STRONG> (Thumb, 96 bytes, Stack size 8 bytes, servo.o(i.ActionGroup))
<BR><BR>[Stack]<UL><LI>Max Depth = 152 + Unknown Stack Size
<LI>Call Chain = ActionGroup &rArr; Error_Report &rArr; __2printf &rArr; _printf_char_file &rArr; _printf_char_common &rArr; __printf
</UL>
<BR>[Calls]<UL><LI><a href="#[e7]">&gt;&gt;</a>&nbsp;&nbsp;&nbsp;Get_Uint16_Transform
<LI><a href="#[ea]">&gt;&gt;</a>&nbsp;&nbsp;&nbsp;Error_Report
<LI><a href="#[e8]">&gt;&gt;</a>&nbsp;&nbsp;&nbsp;HAL_UART_Transmit
<LI><a href="#[e9]">&gt;&gt;</a>&nbsp;&nbsp;&nbsp;__aeabi_memclr
</UL>
<BR>[Called By]<UL><LI><a href="#[196]">&gt;&gt;</a>&nbsp;&nbsp;&nbsp;QR_decode
<LI><a href="#[177]">&gt;&gt;</a>&nbsp;&nbsp;&nbsp;MV_Decode
<LI><a href="#[1b3]">&gt;&gt;</a>&nbsp;&nbsp;&nbsp;centren_control
<LI><a href="#[30]">&gt;&gt;</a>&nbsp;&nbsp;&nbsp;run_round
<LI><a href="#[2d]">&gt;&gt;</a>&nbsp;&nbsp;&nbsp;run_ladder
<LI><a href="#[2e]">&gt;&gt;</a>&nbsp;&nbsp;&nbsp;run_home
<LI><a href="#[29]">&gt;&gt;</a>&nbsp;&nbsp;&nbsp;control_ball
<LI><a href="#[1f]">&gt;&gt;</a>&nbsp;&nbsp;&nbsp;blue_all
<LI><a href="#[2c]">&gt;&gt;</a>&nbsp;&nbsp;&nbsp;Restart_Ladder
<LI><a href="#[2a]">&gt;&gt;</a>&nbsp;&nbsp;&nbsp;Dump_block
<LI><a href="#[28]">&gt;&gt;</a>&nbsp;&nbsp;&nbsp;Dump_ball
<LI><a href="#[2b]">&gt;&gt;</a>&nbsp;&nbsp;&nbsp;Dump_RoundRing
<LI><a href="#[174]">&gt;&gt;</a>&nbsp;&nbsp;&nbsp;begin_servo_status
<LI><a href="#[2f]">&gt;&gt;</a>&nbsp;&nbsp;&nbsp;Ladder_process
<LI><a href="#[ef]">&gt;&gt;</a>&nbsp;&nbsp;&nbsp;Change_Hight
</UL>
<BR>[Address Reference Count : 1]<UL><LI> usmart_config.o(.data)
</UL>
<P><STRONG><a name="[b0]"></a>BarTextTask</STRONG> (Thumb, 62 bytes, Stack size 0 bytes, track_bar_receive.o(i.BarTextTask))
<BR><BR>[Stack]<UL><LI>Max Depth = 72<LI>Call Chain = BarTextTask &rArr; osDelay &rArr; vTaskDelay &rArr; xTaskResumeAll &rArr; xTaskIncrementTick
</UL>
<BR>[Calls]<UL><LI><a href="#[eb]">&gt;&gt;</a>&nbsp;&nbsp;&nbsp;osDelay
</UL>
<BR>[Address Reference Count : 1]<UL><LI> freertos.o(.constdata)
</UL>
<P><STRONG><a name="[b4]"></a>BooTask</STRONG> (Thumb, 208 bytes, Stack size 16 bytes, chassis_control.o(i.BooTask))
<BR><BR>[Stack]<UL><LI>Max Depth = 160 + Unknown Stack Size
<LI>Call Chain = BooTask &rArr; __2printf &rArr; _printf_char_file &rArr; _printf_char_common &rArr; __printf
</UL>
<BR>[Calls]<UL><LI><a href="#[ed]">&gt;&gt;</a>&nbsp;&nbsp;&nbsp;Clear_Boo
<LI><a href="#[ec]">&gt;&gt;</a>&nbsp;&nbsp;&nbsp;Get_US_NUM
<LI><a href="#[eb]">&gt;&gt;</a>&nbsp;&nbsp;&nbsp;osDelay
<LI><a href="#[ee]">&gt;&gt;</a>&nbsp;&nbsp;&nbsp;vTaskDelete
<LI><a href="#[11]">&gt;&gt;</a>&nbsp;&nbsp;&nbsp;set_speed
<LI><a href="#[d2]">&gt;&gt;</a>&nbsp;&nbsp;&nbsp;__2printf
</UL>
<BR>[Address Reference Count : 1]<UL><LI> chassis_control.o(.constdata)
</UL>
<P><STRONG><a name="[3a]"></a>BusFault_Handler</STRONG> (Thumb, 2 bytes, Stack size 0 bytes, stm32f7xx_it.o(i.BusFault_Handler))
<BR><BR>[Calls]<UL><LI><a href="#[3a]">&gt;&gt;</a>&nbsp;&nbsp;&nbsp;BusFault_Handler
</UL>
<BR>[Called By]<UL><LI><a href="#[3a]">&gt;&gt;</a>&nbsp;&nbsp;&nbsp;BusFault_Handler
</UL>
<BR>[Address Reference Count : 1]<UL><LI> startup_stm32f750xx.o(RESET)
</UL>
<P><STRONG><a name="[ef]"></a>Change_Hight</STRONG> (Thumb, 72 bytes, Stack size 8 bytes, read_status_task.o(i.Change_Hight))
<BR><BR>[Stack]<UL><LI>Max Depth = 160 + Unknown Stack Size
<LI>Call Chain = Change_Hight &rArr; ActionGroup &rArr; Error_Report &rArr; __2printf &rArr; _printf_char_file &rArr; _printf_char_common &rArr; __printf
</UL>
<BR>[Calls]<UL><LI><a href="#[f0]">&gt;&gt;</a>&nbsp;&nbsp;&nbsp;Wait_Servo_Signal
<LI><a href="#[1a]">&gt;&gt;</a>&nbsp;&nbsp;&nbsp;ActionGroup
<LI><a href="#[d2]">&gt;&gt;</a>&nbsp;&nbsp;&nbsp;__2printf
</UL>
<BR>[Called By]<UL><LI><a href="#[2f]">&gt;&gt;</a>&nbsp;&nbsp;&nbsp;Ladder_process
</UL>

<P><STRONG><a name="[f1]"></a>Chassis_decode</STRONG> (Thumb, 520 bytes, Stack size 40 bytes, track_bar_receive.o(i.Chassis_decode))
<BR><BR>[Stack]<UL><LI>Max Depth = 56<LI>Call Chain = Chassis_decode &rArr; Count_BarCount
</UL>
<BR>[Calls]<UL><LI><a href="#[f7]">&gt;&gt;</a>&nbsp;&nbsp;&nbsp;turn_uint16
<LI><a href="#[f4]">&gt;&gt;</a>&nbsp;&nbsp;&nbsp;go_sw
<LI><a href="#[f5]">&gt;&gt;</a>&nbsp;&nbsp;&nbsp;go_HW
<LI><a href="#[f8]">&gt;&gt;</a>&nbsp;&nbsp;&nbsp;count_bar
<LI><a href="#[f9]">&gt;&gt;</a>&nbsp;&nbsp;&nbsp;all_data_clear
<LI><a href="#[f2]">&gt;&gt;</a>&nbsp;&nbsp;&nbsp;Update_TRckerCounter
<LI><a href="#[f3]">&gt;&gt;</a>&nbsp;&nbsp;&nbsp;Get_AvaibleRow_ID
<LI><a href="#[f6]">&gt;&gt;</a>&nbsp;&nbsp;&nbsp;Count_BarCount
<LI><a href="#[e9]">&gt;&gt;</a>&nbsp;&nbsp;&nbsp;__aeabi_memclr
</UL>
<BR>[Called By]<UL><LI><a href="#[ae]">&gt;&gt;</a>&nbsp;&nbsp;&nbsp;track_scan
</UL>

<P><STRONG><a name="[f]"></a>Circle_around</STRONG> (Thumb, 248 bytes, Stack size 24 bytes, chassis_control.o(i.Circle_around))
<BR><BR>[Stack]<UL><LI>Max Depth = 192 + Unknown Stack Size
<LI>Call Chain = Circle_around &rArr; Turn_angle &rArr; __2printf &rArr; _printf_char_file &rArr; _printf_char_common &rArr; __printf
</UL>
<BR>[Calls]<UL><LI><a href="#[18]">&gt;&gt;</a>&nbsp;&nbsp;&nbsp;Set_InitYaw
<LI><a href="#[4]">&gt;&gt;</a>&nbsp;&nbsp;&nbsp;Get_Yaw
<LI><a href="#[17]">&gt;&gt;</a>&nbsp;&nbsp;&nbsp;set_imu_status
<LI><a href="#[fa]">&gt;&gt;</a>&nbsp;&nbsp;&nbsp;Get_HW_others
<LI><a href="#[eb]">&gt;&gt;</a>&nbsp;&nbsp;&nbsp;osDelay
<LI><a href="#[19]">&gt;&gt;</a>&nbsp;&nbsp;&nbsp;Turn_angle
<LI><a href="#[11]">&gt;&gt;</a>&nbsp;&nbsp;&nbsp;set_speed
</UL>
<BR>[Address Reference Count : 1]<UL><LI> usmart_config.o(.data)
</UL>
<P><STRONG><a name="[ed]"></a>Clear_Boo</STRONG> (Thumb, 14 bytes, Stack size 0 bytes, track_bar_receive.o(i.Clear_Boo))
<BR><BR>[Called By]<UL><LI><a href="#[b4]">&gt;&gt;</a>&nbsp;&nbsp;&nbsp;BooTask
</UL>

<P><STRONG><a name="[173]"></a>Clear_MV_param</STRONG> (Thumb, 8 bytes, Stack size 0 bytes, openmv.o(i.Clear_MV_param))
<BR><BR>[Called By]<UL><LI><a href="#[196]">&gt;&gt;</a>&nbsp;&nbsp;&nbsp;QR_decode
<LI><a href="#[2f]">&gt;&gt;</a>&nbsp;&nbsp;&nbsp;Ladder_process
</UL>

<P><STRONG><a name="[175]"></a>Clear_QR_Color</STRONG> (Thumb, 8 bytes, Stack size 0 bytes, qr_code.o(i.Clear_QR_Color))
<BR><BR>[Called By]<UL><LI><a href="#[2f]">&gt;&gt;</a>&nbsp;&nbsp;&nbsp;Ladder_process
</UL>

<P><STRONG><a name="[fb]"></a>Comfirm_Online</STRONG> (Thumb, 218 bytes, Stack size 16 bytes, chassis_control.o(i.Comfirm_Online))
<BR><BR>[Stack]<UL><LI>Max Depth = 88<LI>Call Chain = Comfirm_Online &rArr; osDelay &rArr; vTaskDelay &rArr; xTaskResumeAll &rArr; xTaskIncrementTick
</UL>
<BR>[Calls]<UL><LI><a href="#[24]">&gt;&gt;</a>&nbsp;&nbsp;&nbsp;Set_IMUStatus
<LI><a href="#[fc]">&gt;&gt;</a>&nbsp;&nbsp;&nbsp;Get_Trcker_Num
<LI><a href="#[eb]">&gt;&gt;</a>&nbsp;&nbsp;&nbsp;osDelay
<LI><a href="#[d]">&gt;&gt;</a>&nbsp;&nbsp;&nbsp;track_status
<LI><a href="#[11]">&gt;&gt;</a>&nbsp;&nbsp;&nbsp;set_speed
</UL>
<BR>[Called By]<UL><LI><a href="#[b2]">&gt;&gt;</a>&nbsp;&nbsp;&nbsp;LineTask
</UL>

<P><STRONG><a name="[f6]"></a>Count_BarCount</STRONG> (Thumb, 56 bytes, Stack size 16 bytes, track_bar_receive.o(i.Count_BarCount))
<BR><BR>[Stack]<UL><LI>Max Depth = 16<LI>Call Chain = Count_BarCount
</UL>
<BR>[Called By]<UL><LI><a href="#[f1]">&gt;&gt;</a>&nbsp;&nbsp;&nbsp;Chassis_decode
</UL>

<P><STRONG><a name="[4c]"></a>DMA1_Stream1_IRQHandler</STRONG> (Thumb, 6 bytes, Stack size 0 bytes, stm32f7xx_it.o(i.DMA1_Stream1_IRQHandler))
<BR><BR>[Stack]<UL><LI>Max Depth = 32<LI>Call Chain = DMA1_Stream1_IRQHandler &rArr; HAL_DMA_IRQHandler
</UL>
<BR>[Calls]<UL><LI><a href="#[fd]">&gt;&gt;</a>&nbsp;&nbsp;&nbsp;HAL_DMA_IRQHandler
</UL>
<BR>[Address Reference Count : 1]<UL><LI> startup_stm32f750xx.o(RESET)
</UL>
<P><STRONG><a name="[4e]"></a>DMA1_Stream3_IRQHandler</STRONG> (Thumb, 6 bytes, Stack size 0 bytes, stm32f7xx_it.o(i.DMA1_Stream3_IRQHandler))
<BR><BR>[Stack]<UL><LI>Max Depth = 32<LI>Call Chain = DMA1_Stream3_IRQHandler &rArr; HAL_DMA_IRQHandler
</UL>
<BR>[Calls]<UL><LI><a href="#[fd]">&gt;&gt;</a>&nbsp;&nbsp;&nbsp;HAL_DMA_IRQHandler
</UL>
<BR>[Address Reference Count : 1]<UL><LI> startup_stm32f750xx.o(RESET)
</UL>
<P><STRONG><a name="[fe]"></a>Data_Rebuild</STRONG> (Thumb, 78 bytes, Stack size 8 bytes, hwt101_imu.o(i.Data_Rebuild))
<BR><BR>[Stack]<UL><LI>Max Depth = 40<LI>Call Chain = Data_Rebuild &rArr; __aeabi_dmul
</UL>
<BR>[Calls]<UL><LI><a href="#[100]">&gt;&gt;</a>&nbsp;&nbsp;&nbsp;__aeabi_dmul
<LI><a href="#[ff]">&gt;&gt;</a>&nbsp;&nbsp;&nbsp;__aeabi_i2d
<LI><a href="#[101]">&gt;&gt;</a>&nbsp;&nbsp;&nbsp;__aeabi_d2f
</UL>
<BR>[Called By]<UL><LI><a href="#[163]">&gt;&gt;</a>&nbsp;&nbsp;&nbsp;HAL_UART_RxCpltCallback
</UL>

<P><STRONG><a name="[3d]"></a>DebugMon_Handler</STRONG> (Thumb, 2 bytes, Stack size 0 bytes, stm32f7xx_it.o(i.DebugMon_Handler))
<BR>[Address Reference Count : 1]<UL><LI> startup_stm32f750xx.o(RESET)
</UL>
<P><STRONG><a name="[198]"></a>Disable_ServoFlag</STRONG> (Thumb, 8 bytes, Stack size 0 bytes, servo.o(i.Disable_ServoFlag))
<BR><BR>[Called By]<UL><LI><a href="#[196]">&gt;&gt;</a>&nbsp;&nbsp;&nbsp;QR_decode
</UL>

<P><STRONG><a name="[16d]"></a>Disable_StopSignal</STRONG> (Thumb, 8 bytes, Stack size 0 bytes, openmv.o(i.Disable_StopSignal))
<BR><BR>[Called By]<UL><LI><a href="#[196]">&gt;&gt;</a>&nbsp;&nbsp;&nbsp;QR_decode
<LI><a href="#[174]">&gt;&gt;</a>&nbsp;&nbsp;&nbsp;begin_servo_status
<LI><a href="#[2f]">&gt;&gt;</a>&nbsp;&nbsp;&nbsp;Ladder_process
</UL>

<P><STRONG><a name="[2b]"></a>Dump_RoundRing</STRONG> (Thumb, 442 bytes, Stack size 40 bytes, general_interface.o(i.Dump_RoundRing))
<BR><BR>[Stack]<UL><LI>Max Depth = 208 + Unknown Stack Size
<LI>Call Chain = Dump_RoundRing &rArr; Turn_angle &rArr; __2printf &rArr; _printf_char_file &rArr; _printf_char_common &rArr; __printf
</UL>
<BR>[Calls]<UL><LI><a href="#[18]">&gt;&gt;</a>&nbsp;&nbsp;&nbsp;Set_InitYaw
<LI><a href="#[17]">&gt;&gt;</a>&nbsp;&nbsp;&nbsp;set_imu_status
<LI><a href="#[eb]">&gt;&gt;</a>&nbsp;&nbsp;&nbsp;osDelay
<LI><a href="#[19]">&gt;&gt;</a>&nbsp;&nbsp;&nbsp;Turn_angle
<LI><a href="#[f0]">&gt;&gt;</a>&nbsp;&nbsp;&nbsp;Wait_Servo_Signal
<LI><a href="#[11]">&gt;&gt;</a>&nbsp;&nbsp;&nbsp;set_speed
<LI><a href="#[1a]">&gt;&gt;</a>&nbsp;&nbsp;&nbsp;ActionGroup
<LI><a href="#[31]">&gt;&gt;</a>&nbsp;&nbsp;&nbsp;Move_inch
</UL>
<BR>[Called By]<UL><LI><a href="#[27]">&gt;&gt;</a>&nbsp;&nbsp;&nbsp;run_red
<LI><a href="#[26]">&gt;&gt;</a>&nbsp;&nbsp;&nbsp;run_blue
</UL>
<BR>[Address Reference Count : 1]<UL><LI> usmart_config.o(.data)
</UL>
<P><STRONG><a name="[28]"></a>Dump_ball</STRONG> (Thumb, 644 bytes, Stack size 48 bytes, general_interface.o(i.Dump_ball))
<BR><BR>[Stack]<UL><LI>Max Depth = 264 + Unknown Stack Size
<LI>Call Chain = Dump_ball &rArr; move_by_encoder &rArr; osThreadCreate &rArr; xTaskCreate &rArr; pvPortMalloc &rArr; xTaskResumeAll &rArr; xTaskIncrementTick
</UL>
<BR>[Calls]<UL><LI><a href="#[18]">&gt;&gt;</a>&nbsp;&nbsp;&nbsp;Set_InitYaw
<LI><a href="#[17]">&gt;&gt;</a>&nbsp;&nbsp;&nbsp;set_imu_status
<LI><a href="#[103]">&gt;&gt;</a>&nbsp;&nbsp;&nbsp;Get_HW
<LI><a href="#[eb]">&gt;&gt;</a>&nbsp;&nbsp;&nbsp;osDelay
<LI><a href="#[12]">&gt;&gt;</a>&nbsp;&nbsp;&nbsp;move_by_encoder
<LI><a href="#[102]">&gt;&gt;</a>&nbsp;&nbsp;&nbsp;Wait_OKInf
<LI><a href="#[19]">&gt;&gt;</a>&nbsp;&nbsp;&nbsp;Turn_angle
<LI><a href="#[f0]">&gt;&gt;</a>&nbsp;&nbsp;&nbsp;Wait_Servo_Signal
<LI><a href="#[11]">&gt;&gt;</a>&nbsp;&nbsp;&nbsp;set_speed
<LI><a href="#[1a]">&gt;&gt;</a>&nbsp;&nbsp;&nbsp;ActionGroup
<LI><a href="#[31]">&gt;&gt;</a>&nbsp;&nbsp;&nbsp;Move_inch
</UL>
<BR>[Called By]<UL><LI><a href="#[27]">&gt;&gt;</a>&nbsp;&nbsp;&nbsp;run_red
<LI><a href="#[26]">&gt;&gt;</a>&nbsp;&nbsp;&nbsp;run_blue
</UL>
<BR>[Address Reference Count : 1]<UL><LI> usmart_config.o(.data)
</UL>
<P><STRONG><a name="[2a]"></a>Dump_block</STRONG> (Thumb, 276 bytes, Stack size 24 bytes, general_interface.o(i.Dump_block))
<BR><BR>[Stack]<UL><LI>Max Depth = 176 + Unknown Stack Size
[...]
<BR><BR>[Called By]<UL><LI><a href="#[9]">&gt;&gt;</a>&nbsp;&nbsp;&nbsp;set_motor_pid1
<LI><a href="#[7]">&gt;&gt;</a>&nbsp;&nbsp;&nbsp;set_motor_pid
<LI><a href="#[fe]">&gt;&gt;</a>&nbsp;&nbsp;&nbsp;Data_Rebuild
<LI><a href="#[b3]">&gt;&gt;</a>&nbsp;&nbsp;&nbsp;EncoderTask
<LI><a href="#[134]">&gt;&gt;</a>&nbsp;&nbsp;&nbsp;HAL_TIM_IC_CaptureCallback
<LI><a href="#[e]">&gt;&gt;</a>&nbsp;&nbsp;&nbsp;set_imu_param
<LI><a href="#[c]">&gt;&gt;</a>&nbsp;&nbsp;&nbsp;set_track_pid
<LI><a href="#[12]">&gt;&gt;</a>&nbsp;&nbsp;&nbsp;move_by_encoder
<LI><a href="#[16]">&gt;&gt;</a>&nbsp;&nbsp;&nbsp;Wait_Switches
<LI><a href="#[11]">&gt;&gt;</a>&nbsp;&nbsp;&nbsp;set_speed
<LI><a href="#[23]">&gt;&gt;</a>&nbsp;&nbsp;&nbsp;HWSwitch_Move
</UL>

<P><STRONG><a name="[24f]"></a>_dflt</STRONG> (Thumb, 46 bytes, Stack size 0 bytes, dflt_clz.o(x$fpl$dflt), UNUSED)

<P><STRONG><a name="[1bf]"></a>__aeabi_ui2d</STRONG> (Thumb, 0 bytes, Stack size 0 bytes, dflt_clz.o(x$fpl$dfltu))
<BR><BR>[Called By]<UL><LI><a href="#[1b9]">&gt;&gt;</a>&nbsp;&nbsp;&nbsp;pid_control
<LI><a href="#[1b2]">&gt;&gt;</a>&nbsp;&nbsp;&nbsp;distance_convert
</UL>

<P><STRONG><a name="[250]"></a>_dfltu</STRONG> (Thumb, 38 bytes, Stack size 0 bytes, dflt_clz.o(x$fpl$dfltu), UNUSED)

<P><STRONG><a name="[107]"></a>__aeabi_cdcmple</STRONG> (Thumb, 0 bytes, Stack size 32 bytes, dleqf.o(x$fpl$dleqf))
<BR><BR>[Stack]<UL><LI>Max Depth = 32<LI>Call Chain = __aeabi_cdcmple
</UL>
<BR>[Called By]<UL><LI><a href="#[1b4]">&gt;&gt;</a>&nbsp;&nbsp;&nbsp;chassis_synthetic_control
<LI><a href="#[b3]">&gt;&gt;</a>&nbsp;&nbsp;&nbsp;EncoderTask
</UL>

<P><STRONG><a name="[20c]"></a>_dcmple</STRONG> (Thumb, 120 bytes, Stack size 32 bytes, dleqf.o(x$fpl$dleqf), UNUSED)
<BR><BR>[Calls]<UL><LI><a href="#[203]">&gt;&gt;</a>&nbsp;&nbsp;&nbsp;__fpl_dnaninf
<LI><a href="#[209]">&gt;&gt;</a>&nbsp;&nbsp;&nbsp;__fpl_dcmp_Inf
</UL>

<P><STRONG><a name="[20f]"></a>__fpl_dcmple_InfNaN</STRONG> (Thumb, 0 bytes, Stack size unknown bytes, dleqf.o(x$fpl$dleqf), UNUSED)
<BR><BR>[Called By]<UL><LI><a href="#[20e]">&gt;&gt;</a>&nbsp;&nbsp;&nbsp;_drcmple
</UL>

<P><STRONG><a name="[100]"></a>__aeabi_dmul</STRONG> (Thumb, 0 bytes, Stack size 32 bytes, dmul.o(x$fpl$dmul))
<BR><BR>[Stack]<UL><LI>Max Depth = 32<LI>Call Chain = __aeabi_dmul
</UL>
<BR>[Called By]<UL><LI><a href="#[fe]">&gt;&gt;</a>&nbsp;&nbsp;&nbsp;Data_Rebuild
<LI><a href="#[b3]">&gt;&gt;</a>&nbsp;&nbsp;&nbsp;EncoderTask
<LI><a href="#[134]">&gt;&gt;</a>&nbsp;&nbsp;&nbsp;HAL_TIM_IC_CaptureCallback
<LI><a href="#[1b2]">&gt;&gt;</a>&nbsp;&nbsp;&nbsp;distance_convert
<LI><a href="#[23]">&gt;&gt;</a>&nbsp;&nbsp;&nbsp;HWSwitch_Move
</UL>

<P><STRONG><a name="[20d]"></a>_dmul</STRONG> (Thumb, 332 bytes, Stack size 32 bytes, dmul.o(x$fpl$dmul), UNUSED)
<BR><BR>[Calls]<UL><LI><a href="#[206]">&gt;&gt;</a>&nbsp;&nbsp;&nbsp;__fpl_dretinf
<LI><a href="#[203]">&gt;&gt;</a>&nbsp;&nbsp;&nbsp;__fpl_dnaninf
</UL>

<P><STRONG><a name="[203]"></a>__fpl_dnaninf</STRONG> (Thumb, 156 bytes, Stack size 16 bytes, dnaninf.o(x$fpl$dnaninf), UNUSED)
<BR><BR>[Called By]<UL><LI><a href="#[20d]">&gt;&gt;</a>&nbsp;&nbsp;&nbsp;_dmul
<LI><a href="#[20c]">&gt;&gt;</a>&nbsp;&nbsp;&nbsp;_dcmple
<LI><a href="#[20b]">&gt;&gt;</a>&nbsp;&nbsp;&nbsp;_dfixu
<LI><a href="#[20a]">&gt;&gt;</a>&nbsp;&nbsp;&nbsp;_dfix
<LI><a href="#[208]">&gt;&gt;</a>&nbsp;&nbsp;&nbsp;_dcmpeq
<LI><a href="#[207]">&gt;&gt;</a>&nbsp;&nbsp;&nbsp;_ddiv
<LI><a href="#[212]">&gt;&gt;</a>&nbsp;&nbsp;&nbsp;_dsub
<LI><a href="#[204]">&gt;&gt;</a>&nbsp;&nbsp;&nbsp;_dadd
<LI><a href="#[201]">&gt;&gt;</a>&nbsp;&nbsp;&nbsp;_d2f
</UL>

<P><STRONG><a name="[206]"></a>__fpl_dretinf</STRONG> (Thumb, 12 bytes, Stack size 0 bytes, dretinf.o(x$fpl$dretinf), UNUSED)
<BR><BR>[Called By]<UL><LI><a href="#[213]">&gt;&gt;</a>&nbsp;&nbsp;&nbsp;_f2d
<LI><a href="#[20d]">&gt;&gt;</a>&nbsp;&nbsp;&nbsp;_dmul
<LI><a href="#[207]">&gt;&gt;</a>&nbsp;&nbsp;&nbsp;_ddiv
<LI><a href="#[204]">&gt;&gt;</a>&nbsp;&nbsp;&nbsp;_dadd
</UL>

<P><STRONG><a name="[136]"></a>__aeabi_cdrcmple</STRONG> (Thumb, 0 bytes, Stack size 16 bytes, drleqf.o(x$fpl$drleqf))
<BR><BR>[Stack]<UL><LI>Max Depth = 16<LI>Call Chain = __aeabi_cdrcmple
</UL>
<BR>[Called By]<UL><LI><a href="#[1b4]">&gt;&gt;</a>&nbsp;&nbsp;&nbsp;chassis_synthetic_control
<LI><a href="#[134]">&gt;&gt;</a>&nbsp;&nbsp;&nbsp;HAL_TIM_IC_CaptureCallback
</UL>

<P><STRONG><a name="[20e]"></a>_drcmple</STRONG> (Thumb, 108 bytes, Stack size 16 bytes, drleqf.o(x$fpl$drleqf), UNUSED)
<BR><BR>[Calls]<UL><LI><a href="#[20f]">&gt;&gt;</a>&nbsp;&nbsp;&nbsp;__fpl_dcmple_InfNaN
</UL>

<P><STRONG><a name="[10c]"></a>__aeabi_drsub</STRONG> (Thumb, 0 bytes, Stack size 8 bytes, daddsub_clz.o(x$fpl$drsb))
<BR><BR>[Stack]<UL><LI>Max Depth = 8<LI>Call Chain = __aeabi_drsub
</UL>
<BR>[Called By]<UL><LI><a href="#[b3]">&gt;&gt;</a>&nbsp;&nbsp;&nbsp;EncoderTask
</UL>

<P><STRONG><a name="[210]"></a>_drsb</STRONG> (Thumb, 22 bytes, Stack size 8 bytes, daddsub_clz.o(x$fpl$drsb), UNUSED)
<BR><BR>[Calls]<UL><LI><a href="#[205]">&gt;&gt;</a>&nbsp;&nbsp;&nbsp;_dsub1
<LI><a href="#[211]">&gt;&gt;</a>&nbsp;&nbsp;&nbsp;_dadd1
</UL>

<P><STRONG><a name="[1b0]"></a>__aeabi_dsub</STRONG> (Thumb, 0 bytes, Stack size 32 bytes, daddsub_clz.o(x$fpl$dsub))
<BR><BR>[Stack]<UL><LI>Max Depth = 32<LI>Call Chain = __aeabi_dsub
</UL>
<BR>[Called By]<UL><LI><a href="#[1b4]">&gt;&gt;</a>&nbsp;&nbsp;&nbsp;chassis_synthetic_control
<LI><a href="#[16]">&gt;&gt;</a>&nbsp;&nbsp;&nbsp;Wait_Switches
</UL>

<P><STRONG><a name="[212]"></a>_dsub</STRONG> (Thumb, 464 bytes, Stack size 32 bytes, daddsub_clz.o(x$fpl$dsub), UNUSED)
<BR><BR>[Calls]<UL><LI><a href="#[203]">&gt;&gt;</a>&nbsp;&nbsp;&nbsp;__fpl_dnaninf
<LI><a href="#[211]">&gt;&gt;</a>&nbsp;&nbsp;&nbsp;_dadd1
</UL>

<P><STRONG><a name="[1b6]"></a>__aeabi_f2d</STRONG> (Thumb, 0 bytes, Stack size 16 bytes, f2d.o(x$fpl$f2d))
<BR><BR>[Stack]<UL><LI>Max Depth = 16<LI>Call Chain = __aeabi_f2d
</UL>
<BR>[Called By]<UL><LI><a href="#[1b4]">&gt;&gt;</a>&nbsp;&nbsp;&nbsp;chassis_synthetic_control
</UL>

<P><STRONG><a name="[213]"></a>_f2d</STRONG> (Thumb, 86 bytes, Stack size 16 bytes, f2d.o(x$fpl$f2d), UNUSED)
<BR><BR>[Calls]<UL><LI><a href="#[214]">&gt;&gt;</a>&nbsp;&nbsp;&nbsp;__fpl_fnaninf
<LI><a href="#[206]">&gt;&gt;</a>&nbsp;&nbsp;&nbsp;__fpl_dretinf
</UL>

<P><STRONG><a name="[214]"></a>__fpl_fnaninf</STRONG> (Thumb, 140 bytes, Stack size 8 bytes, fnaninf.o(x$fpl$fnaninf), UNUSED)
<BR><BR>[Called By]<UL><LI><a href="#[213]">&gt;&gt;</a>&nbsp;&nbsp;&nbsp;_f2d
</UL>

<P><STRONG><a name="[c5]"></a>_fp_init</STRONG> (Thumb, 10 bytes, Stack size 0 bytes, fpinit.o(x$fpl$fpinit))
<BR><BR>[Called By]<UL><LI><a href="#[c4]">&gt;&gt;</a>&nbsp;&nbsp;&nbsp;__rt_lib_init_fp_1
</UL>

<P><STRONG><a name="[251]"></a>__fplib_config_fpu_vfp</STRONG> (Thumb, 0 bytes, Stack size unknown bytes, fpinit.o(x$fpl$fpinit), UNUSED)

<P><STRONG><a name="[252]"></a>__fplib_config_pureend_doubles</STRONG> (Thumb, 0 bytes, Stack size unknown bytes, fpinit.o(x$fpl$fpinit), UNUSED)

<P><STRONG><a name="[202]"></a>__fpl_fretinf</STRONG> (Thumb, 10 bytes, Stack size 0 bytes, fretinf.o(x$fpl$fretinf), UNUSED)
<BR><BR>[Called By]<UL><LI><a href="#[201]">&gt;&gt;</a>&nbsp;&nbsp;&nbsp;_d2f
</UL>
<P>
<H3>
Local Symbols
</H3>
<P><STRONG><a name="[126]"></a>__NVIC_SetPriority</STRONG> (Thumb, 32 bytes, Stack size 0 bytes, stm32f7xx_hal_cortex.o(i.__NVIC_SetPriority))
<BR><BR>[Called By]<UL><LI><a href="#[120]">&gt;&gt;</a>&nbsp;&nbsp;&nbsp;HAL_NVIC_SetPriority
</UL>

<P><STRONG><a name="[11a]"></a>DMA_CalcBaseAndBitshift</STRONG> (Thumb, 34 bytes, Stack size 0 bytes, stm32f7xx_hal_dma.o(i.DMA_CalcBaseAndBitshift))
<BR><BR>[Called By]<UL><LI><a href="#[118]">&gt;&gt;</a>&nbsp;&nbsp;&nbsp;HAL_DMA_Init
</UL>

<P><STRONG><a name="[119]"></a>DMA_CheckFifoParam</STRONG> (Thumb, 84 bytes, Stack size 8 bytes, stm32f7xx_hal_dma.o(i.DMA_CheckFifoParam))
<BR><BR>[Stack]<UL><LI>Max Depth = 8<LI>Call Chain = DMA_CheckFifoParam
</UL>
<BR>[Called By]<UL><LI><a href="#[118]">&gt;&gt;</a>&nbsp;&nbsp;&nbsp;HAL_DMA_Init
</UL>

<P><STRONG><a name="[133]"></a>TIM_ITRx_SetConfig</STRONG> (Thumb, 16 bytes, Stack size 0 bytes, stm32f7xx_hal_tim.o(i.TIM_ITRx_SetConfig))
<BR><BR>[Called By]<UL><LI><a href="#[12f]">&gt;&gt;</a>&nbsp;&nbsp;&nbsp;HAL_TIM_ConfigClockSource
</UL>

<P><STRONG><a name="[14a]"></a>TIM_OC1_SetConfig</STRONG> (Thumb, 92 bytes, Stack size 20 bytes, stm32f7xx_hal_tim.o(i.TIM_OC1_SetConfig))
<BR><BR>[Stack]<UL><LI>Max Depth = 20<LI>Call Chain = TIM_OC1_SetConfig
</UL>
<BR>[Called By]<UL><LI><a href="#[149]">&gt;&gt;</a>&nbsp;&nbsp;&nbsp;HAL_TIM_PWM_ConfigChannel
</UL>

<P><STRONG><a name="[14c]"></a>TIM_OC3_SetConfig</STRONG> (Thumb, 100 bytes, Stack size 20 bytes, stm32f7xx_hal_tim.o(i.TIM_OC3_SetConfig))
<BR><BR>[Stack]<UL><LI>Max Depth = 20<LI>Call Chain = TIM_OC3_SetConfig
</UL>
<BR>[Called By]<UL><LI><a href="#[149]">&gt;&gt;</a>&nbsp;&nbsp;&nbsp;HAL_TIM_PWM_ConfigChannel
</UL>

<P><STRONG><a name="[14d]"></a>TIM_OC4_SetConfig</STRONG> (Thumb, 74 bytes, Stack size 12 bytes, stm32f7xx_hal_tim.o(i.TIM_OC4_SetConfig))
<BR><BR>[Stack]<UL><LI>Max Depth = 12<LI>Call Chain = TIM_OC4_SetConfig
</UL>
<BR>[Called By]<UL><LI><a href="#[149]">&gt;&gt;</a>&nbsp;&nbsp;&nbsp;HAL_TIM_PWM_ConfigChannel
</UL>

<P><STRONG><a name="[14e]"></a>TIM_OC5_SetConfig</STRONG> (Thumb, 68 bytes, Stack size 12 bytes, stm32f7xx_hal_tim.o(i.TIM_OC5_SetConfig))
<BR><BR>[Stack]<UL><LI>Max Depth = 12<LI>Call Chain = TIM_OC5_SetConfig
</UL>
<BR>[Called By]<UL><LI><a href="#[149]">&gt;&gt;</a>&nbsp;&nbsp;&nbsp;HAL_TIM_PWM_ConfigChannel
</UL>

<P><STRONG><a name="[14f]"></a>TIM_OC6_SetConfig</STRONG> (Thumb, 70 bytes, Stack size 12 bytes, stm32f7xx_hal_tim.o(i.TIM_OC6_SetConfig))
<BR><BR>[Stack]<UL><LI>Max Depth = 12<LI>Call Chain = TIM_OC6_SetConfig
</UL>
<BR>[Called By]<UL><LI><a href="#[149]">&gt;&gt;</a>&nbsp;&nbsp;&nbsp;HAL_TIM_PWM_ConfigChannel
</UL>

<P><STRONG><a name="[131]"></a>TIM_TI1_ConfigInputStage</STRONG> (Thumb, 34 bytes, Stack size 8 bytes, stm32f7xx_hal_tim.o(i.TIM_TI1_ConfigInputStage))
<BR><BR>[Stack]<UL><LI>Max Depth = 8<LI>Call Chain = TIM_TI1_ConfigInputStage
</UL>
<BR>[Called By]<UL><LI><a href="#[12f]">&gt;&gt;</a>&nbsp;&nbsp;&nbsp;HAL_TIM_ConfigClockSource
</UL>

<P><STRONG><a name="[132]"></a>TIM_TI2_ConfigInputStage</STRONG> (Thumb, 36 bytes, Stack size 8 bytes, stm32f7xx_hal_tim.o(i.TIM_TI2_ConfigInputStage))
<BR><BR>[Stack]<UL><LI>Max Depth = 8<LI>Call Chain = TIM_TI2_ConfigInputStage
</UL>
<BR>[Called By]<UL><LI><a href="#[12f]">&gt;&gt;</a>&nbsp;&nbsp;&nbsp;HAL_TIM_ConfigClockSource
</UL>

<P><STRONG><a name="[139]"></a>TIM_TI2_SetConfig</STRONG> (Thumb, 54 bytes, Stack size 12 bytes, stm32f7xx_hal_tim.o(i.TIM_TI2_SetConfig))
<BR><BR>[Stack]<UL><LI>Max Depth = 12<LI>Call Chain = TIM_TI2_SetConfig
</UL>
<BR>[Called By]<UL><LI><a href="#[137]">&gt;&gt;</a>&nbsp;&nbsp;&nbsp;HAL_TIM_IC_ConfigChannel
</UL>

<P><STRONG><a name="[a6]"></a>UART_DMAAbortOnError</STRONG> (Thumb, 20 bytes, Stack size 8 bytes, stm32f7xx_hal_uart.o(i.UART_DMAAbortOnError))
<BR><BR>[Stack]<UL><LI>Max Depth = 8<LI>Call Chain = UART_DMAAbortOnError
</UL>
<BR>[Calls]<UL><LI><a href="#[158]">&gt;&gt;</a>&nbsp;&nbsp;&nbsp;HAL_UART_ErrorCallback
</UL>
<BR>[Address Reference Count : 1]<UL><LI> stm32f7xx_hal_uart.o(i.HAL_UART_IRQHandler)
</UL>
<P><STRONG><a name="[156]"></a>UART_EndRxTransfer</STRONG> (Thumb, 48 bytes, Stack size 0 bytes, stm32f7xx_hal_uart.o(i.UART_EndRxTransfer))
<BR><BR>[Called By]<UL><LI><a href="#[155]">&gt;&gt;</a>&nbsp;&nbsp;&nbsp;HAL_UART_IRQHandler
</UL>

<P><STRONG><a name="[a8]"></a>UART_RxISR_16BIT</STRONG> (Thumb, 124 bytes, Stack size 16 bytes, stm32f7xx_hal_uart.o(i.UART_RxISR_16BIT))
<BR><BR>[Stack]<UL><LI>Max Depth = 64<LI>Call Chain = UART_RxISR_16BIT &rArr; HAL_UART_RxCpltCallback &rArr; Data_Rebuild &rArr; __aeabi_dmul
</UL>
<BR>[Calls]<UL><LI><a href="#[163]">&gt;&gt;</a>&nbsp;&nbsp;&nbsp;HAL_UART_RxCpltCallback
<LI><a href="#[159]">&gt;&gt;</a>&nbsp;&nbsp;&nbsp;HAL_UARTEx_RxEventCallback
</UL>
<BR>[Address Reference Count : 1]<UL><LI> stm32f7xx_hal_uart.o(i.UART_Start_Receive_IT)
</UL>
<P><STRONG><a name="[a7]"></a>UART_RxISR_8BIT</STRONG> (Thumb, 124 bytes, Stack size 16 bytes, stm32f7xx_hal_uart.o(i.UART_RxISR_8BIT))
<BR><BR>[Stack]<UL><LI>Max Depth = 64<LI>Call Chain = UART_RxISR_8BIT &rArr; HAL_UART_RxCpltCallback &rArr; Data_Rebuild &rArr; __aeabi_dmul
</UL>
<BR>[Calls]<UL><LI><a href="#[163]">&gt;&gt;</a>&nbsp;&nbsp;&nbsp;HAL_UART_RxCpltCallback
<LI><a href="#[159]">&gt;&gt;</a>&nbsp;&nbsp;&nbsp;HAL_UARTEx_RxEventCallback
</UL>
<BR>[Address Reference Count : 1]<UL><LI> stm32f7xx_hal_uart.o(i.UART_Start_Receive_IT)
</UL>
<P><STRONG><a name="[1d4]"></a>prvCopyDataFromQueue</STRONG> (Thumb, 38 bytes, Stack size 8 bytes, queue.o(i.prvCopyDataFromQueue))
<BR><BR>[Stack]<UL><LI>Max Depth = 8<LI>Call Chain = prvCopyDataFromQueue
</UL>
<BR>[Calls]<UL><LI><a href="#[1d5]">&gt;&gt;</a>&nbsp;&nbsp;&nbsp;__aeabi_memcpy
</UL>
<BR>[Called By]<UL><LI><a href="#[1a6]">&gt;&gt;</a>&nbsp;&nbsp;&nbsp;xQueueReceiveFromISR
</UL>

<P><STRONG><a name="[1d6]"></a>prvCopyDataToQueue</STRONG> (Thumb, 108 bytes, Stack size 24 bytes, queue.o(i.prvCopyDataToQueue))
<BR><BR>[Stack]<UL><LI>Max Depth = 40<LI>Call Chain = prvCopyDataToQueue &rArr; xTaskPriorityDisinherit
</UL>
<BR>[Calls]<UL><LI><a href="#[1d5]">&gt;&gt;</a>&nbsp;&nbsp;&nbsp;__aeabi_memcpy
<LI><a href="#[1d7]">&gt;&gt;</a>&nbsp;&nbsp;&nbsp;xTaskPriorityDisinherit
</UL>
<BR>[Called By]<UL><LI><a href="#[1c2]">&gt;&gt;</a>&nbsp;&nbsp;&nbsp;xQueueGenericSendFromISR
<LI><a href="#[1c3]">&gt;&gt;</a>&nbsp;&nbsp;&nbsp;xQueueGenericSend
</UL>

<P><STRONG><a name="[1da]"></a>prvInitialiseNewQueue</STRONG> (Thumb, 22 bytes, Stack size 0 bytes, queue.o(i.prvInitialiseNewQueue))
<BR><BR>[Stack]<UL><LI>Max Depth = 40<LI>Call Chain = prvInitialiseNewQueue &rArr; xQueueGenericReset &rArr; xTaskRemoveFromEventList
</UL>
<BR>[Calls]<UL><LI><a href="#[1db]">&gt;&gt;</a>&nbsp;&nbsp;&nbsp;xQueueGenericReset
</UL>
<BR>[Called By]<UL><LI><a href="#[1cb]">&gt;&gt;</a>&nbsp;&nbsp;&nbsp;xQueueGenericCreate
</UL>

<P><STRONG><a name="[1df]"></a>prvUnlockQueue</STRONG> (Thumb, 106 bytes, Stack size 24 bytes, queue.o(i.prvUnlockQueue))
<BR><BR>[Stack]<UL><LI>Max Depth = 48<LI>Call Chain = prvUnlockQueue &rArr; xTaskRemoveFromEventList
</UL>
<BR>[Calls]<UL><LI><a href="#[1e0]">&gt;&gt;</a>&nbsp;&nbsp;&nbsp;xTaskRemoveFromEventList
<LI><a href="#[1e1]">&gt;&gt;</a>&nbsp;&nbsp;&nbsp;vTaskMissedYield
<LI><a href="#[1d3]">&gt;&gt;</a>&nbsp;&nbsp;&nbsp;vPortExitCritical
<LI><a href="#[1d1]">&gt;&gt;</a>&nbsp;&nbsp;&nbsp;vPortEnterCritical
</UL>
<BR>[Called By]<UL><LI><a href="#[1c3]">&gt;&gt;</a>&nbsp;&nbsp;&nbsp;xQueueGenericSend
</UL>

<P><STRONG><a name="[1cc]"></a>prvAddCurrentTaskToDelayedList</STRONG> (Thumb, 102 bytes, Stack size 24 bytes, tasks.o(i.prvAddCurrentTaskToDelayedList))
<BR><BR>[Stack]<UL><LI>Max Depth = 36<LI>Call Chain = prvAddCurrentTaskToDelayedList &rArr; vListInsert
</UL>
<BR>[Calls]<UL><LI><a href="#[1ce]">&gt;&gt;</a>&nbsp;&nbsp;&nbsp;vListInsertEnd
<LI><a href="#[1cf]">&gt;&gt;</a>&nbsp;&nbsp;&nbsp;vListInsert
<LI><a href="#[1cd]">&gt;&gt;</a>&nbsp;&nbsp;&nbsp;uxListRemove
</UL>
<BR>[Called By]<UL><LI><a href="#[1c6]">&gt;&gt;</a>&nbsp;&nbsp;&nbsp;vTaskDelay
<LI><a href="#[1f8]">&gt;&gt;</a>&nbsp;&nbsp;&nbsp;vTaskPlaceOnEventList
</UL>

<P><STRONG><a name="[1d0]"></a>prvAddNewTaskToReadyList</STRONG> (Thumb, 194 bytes, Stack size 24 bytes, tasks.o(i.prvAddNewTaskToReadyList))
<BR><BR>[Stack]<UL><LI>Max Depth = 24<LI>Call Chain = prvAddNewTaskToReadyList
</UL>
<BR>[Calls]<UL><LI><a href="#[1ce]">&gt;&gt;</a>&nbsp;&nbsp;&nbsp;vListInsertEnd
<LI><a href="#[1d3]">&gt;&gt;</a>&nbsp;&nbsp;&nbsp;vPortExitCritical
<LI><a href="#[1d1]">&gt;&gt;</a>&nbsp;&nbsp;&nbsp;vPortEnterCritical
<LI><a href="#[1d2]">&gt;&gt;</a>&nbsp;&nbsp;&nbsp;vListInitialise
</UL>
<BR>[Called By]<UL><LI><a href="#[1c9]">&gt;&gt;</a>&nbsp;&nbsp;&nbsp;xTaskCreateStatic
<LI><a href="#[1ca]">&gt;&gt;</a>&nbsp;&nbsp;&nbsp;xTaskCreate
</UL>

<P><STRONG><a name="[1d8]"></a>prvDeleteTCB</STRONG> (Thumb, 56 bytes, Stack size 8 bytes, tasks.o(i.prvDeleteTCB))
<BR><BR>[Stack]<UL><LI>Max Depth = 80<LI>Call Chain = prvDeleteTCB &rArr; vPortFree &rArr; xTaskResumeAll &rArr; xTaskIncrementTick
</UL>
<BR>[Calls]<UL><LI><a href="#[1d9]">&gt;&gt;</a>&nbsp;&nbsp;&nbsp;vPortFree
</UL>
<BR>[Called By]<UL><LI><a href="#[ee]">&gt;&gt;</a>&nbsp;&nbsp;&nbsp;vTaskDelete
<LI><a href="#[aa]">&gt;&gt;</a>&nbsp;&nbsp;&nbsp;prvIdleTask
</UL>

<P><STRONG><a name="[aa]"></a>prvIdleTask</STRONG> (Thumb, 80 bytes, Stack size 0 bytes, tasks.o(i.prvIdleTask))
<BR><BR>[Stack]<UL><LI>Max Depth = 80<LI>Call Chain = prvIdleTask &rArr; prvDeleteTCB &rArr; vPortFree &rArr; xTaskResumeAll &rArr; xTaskIncrementTick
</UL>
<BR>[Calls]<UL><LI><a href="#[1d8]">&gt;&gt;</a>&nbsp;&nbsp;&nbsp;prvDeleteTCB
<LI><a href="#[1cd]">&gt;&gt;</a>&nbsp;&nbsp;&nbsp;uxListRemove
<LI><a href="#[1d3]">&gt;&gt;</a>&nbsp;&nbsp;&nbsp;vPortExitCritical
<LI><a href="#[1d1]">&gt;&gt;</a>&nbsp;&nbsp;&nbsp;vPortEnterCritical
</UL>
<BR>[Address Reference Count : 1]<UL><LI> tasks.o(i.vTaskStartScheduler)
</UL>
<P><STRONG><a name="[1dc]"></a>prvInitialiseNewTask</STRONG> (Thumb, 156 bytes, Stack size 32 bytes, tasks.o(i.prvInitialiseNewTask))
<BR><BR>[Stack]<UL><LI>Max Depth = 40<LI>Call Chain = prvInitialiseNewTask &rArr; pxPortInitialiseStack
</UL>
<BR>[Calls]<UL><LI><a href="#[1de]">&gt;&gt;</a>&nbsp;&nbsp;&nbsp;pxPortInitialiseStack
<LI><a href="#[1dd]">&gt;&gt;</a>&nbsp;&nbsp;&nbsp;vListInitialiseItem
</UL>
<BR>[Called By]<UL><LI><a href="#[1c9]">&gt;&gt;</a>&nbsp;&nbsp;&nbsp;xTaskCreateStatic
<LI><a href="#[1ca]">&gt;&gt;</a>&nbsp;&nbsp;&nbsp;xTaskCreate
</UL>

<P><STRONG><a name="[1f7]"></a>prvResetNextTaskUnblockTime</STRONG> (Thumb, 26 bytes, Stack size 0 bytes, tasks.o(i.prvResetNextTaskUnblockTime))
<BR><BR>[Called By]<UL><LI><a href="#[ee]">&gt;&gt;</a>&nbsp;&nbsp;&nbsp;vTaskDelete
<LI><a href="#[19f]">&gt;&gt;</a>&nbsp;&nbsp;&nbsp;xTaskIncrementTick
<LI><a href="#[1e6]">&gt;&gt;</a>&nbsp;&nbsp;&nbsp;xTaskResumeAll
</UL>

<P><STRONG><a name="[1c8]"></a>makeFreeRtosPriority</STRONG> (Thumb, 12 bytes, Stack size 0 bytes, cmsis_os.o(i.makeFreeRtosPriority))
<BR><BR>[Called By]<UL><LI><a href="#[17e]">&gt;&gt;</a>&nbsp;&nbsp;&nbsp;osThreadCreate
</UL>

<P><STRONG><a name="[1e4]"></a>prvHeapInit</STRONG> (Thumb, 66 bytes, Stack size 0 bytes, heap_4.o(i.prvHeapInit))
<BR><BR>[Called By]<UL><LI><a href="#[1e2]">&gt;&gt;</a>&nbsp;&nbsp;&nbsp;pvPortMalloc
</UL>

<P><STRONG><a name="[1e5]"></a>prvInsertBlockIntoFreeList</STRONG> (Thumb, 72 bytes, Stack size 12 bytes, heap_4.o(i.prvInsertBlockIntoFreeList))
<BR><BR>[Stack]<UL><LI>Max Depth = 12<LI>Call Chain = prvInsertBlockIntoFreeList
</UL>
<BR>[Called By]<UL><LI><a href="#[1d9]">&gt;&gt;</a>&nbsp;&nbsp;&nbsp;vPortFree
<LI><a href="#[1e2]">&gt;&gt;</a>&nbsp;&nbsp;&nbsp;pvPortMalloc
</UL>

<P><STRONG><a name="[a9]"></a>prvTaskExitError</STRONG> (Thumb, 42 bytes, Stack size 0 bytes, port.o(i.prvTaskExitError))
<BR>[Address Reference Count : 1]<UL><LI> port.o(i.pxPortInitialiseStack)
</UL>
<P><STRONG><a name="[211]"></a>_dadd1</STRONG> (Thumb, 0 bytes, Stack size unknown bytes, daddsub_clz.o(x$fpl$dadd), UNUSED)
<BR><BR>[Called By]<UL><LI><a href="#[212]">&gt;&gt;</a>&nbsp;&nbsp;&nbsp;_dsub
<LI><a href="#[210]">&gt;&gt;</a>&nbsp;&nbsp;&nbsp;_drsb
</UL>

<P><STRONG><a name="[205]"></a>_dsub1</STRONG> (Thumb, 0 bytes, Stack size unknown bytes, daddsub_clz.o(x$fpl$dsub), UNUSED)
<BR><BR>[Called By]<UL><LI><a href="#[210]">&gt;&gt;</a>&nbsp;&nbsp;&nbsp;_drsb
<LI><a href="#[204]">&gt;&gt;</a>&nbsp;&nbsp;&nbsp;_dadd
</UL>

<P><STRONG><a name="[a5]"></a>_printf_input_char</STRONG> (Thumb, 10 bytes, Stack size 0 bytes, _printf_char_common.o(.text))
<BR>[Address Reference Count : 1]<UL><LI> _printf_char_common.o(.text)
</UL><P>
<H3>
Undefined Global Symbols
</H3><HR></body></html>
